01-01 02:41:28.568   662   662 W SoundTriggerHelper: listModules status=0, # of modules=0
01-01 02:41:28.569   662   662 D ContextHubSystemService: onBootPhase: PHASE_SYSTEM_SERVICES_READY
01-01 02:41:28.577   662   662 E PerformanceManager: System is not ready, dropping profile request
01-01 02:41:28.632   662   662 I ActivityManager: Config changes=20 {1.0 ?mcc?mnc [en_US] ldltr sw360dp w360dp h616dp 320dpi nrml long port finger -keyb/v/h -nav/h s.6}
01-01 02:41:28.681   662   662 V UserManagerService: Found /data/user_de/0 with serial number 0
01-01 02:41:28.682   662   714 W KeyguardServiceDelegate: onScreenTurningOn(): no keyguard service!
01-01 02:41:28.683   662   662 V UserManagerService: Found /data/user/0 with serial number 0
01-01 02:41:28.684   662   662 V UserManagerService: Found /data/system_de/0 with serial number 0
01-01 02:41:28.685   662   662 V UserManagerService: Found /data/system_ce/0 with serial number 0
01-01 02:41:28.703   662   662 I ActivityManager: System now ready
01-01 02:41:28.710   662   662 I SystemServer: Making services ready
01-01 02:41:28.710   662   662 I SystemServiceManager: Starting phase 550
01-01 02:41:28.714   662   662 D BluetoothManagerService: Bluetooth boot completed
01-01 02:41:28.726   662   662 E InputMethodManagerService: Ignoring updateSystemUiLocked due to an invalid token. uid:1000 token:null
01-01 02:41:28.767   662   662 I Zygote  : Process: zygote socket opened, supported ABIS: armeabi-v7a,armeabi
01-01 02:41:28.777   662   662 I ActivityManager: Start proc 819:com.android.inputmethod.latin/u0a62 for service com.android.inputmethod.latin/.LatinIME
01-01 02:41:28.777   662   662 V InputMethodManagerService: Adding window token: android.os.Binder@40063f2
01-01 02:41:28.779   662   662 E BitmapFactory: Unable to decode stream: java.io.FileNotFoundException: /data/system/users/0/wallpaper_orig (No such file or directory)
01-01 02:41:28.780   662   662 E WallpaperManagerService: Invalid wallpaper data
01-01 02:41:28.780   662   662 E WallpaperManagerService: Unable to apply new wallpaper
01-01 02:41:28.781   662   774 D MountService: Thinking about init, mSystemReady=true, mDaemonConnected=true
01-01 02:41:28.781   662   774 D MountService: Setting up emulation state, initlocked=false
01-01 02:41:28.781   662   774 D CryptdConnector: SND -> {2 cryptfs unlock_user_key 0 0 ! !}
01-01 02:41:28.782   209   226 D vold    : e4crypt_unlock_user_key 0 serial=0 token_present=0
01-01 02:41:28.782   662   776 D CryptdConnector: RCV <- {200 2 Command succeeded}
01-01 02:41:28.783   662   774 D MountService: Thinking about reset, mSystemReady=true, mDaemonConnected=true
01-01 02:41:28.783   662   774 D VoldConnector: SND -> {3 volume reset}
01-01 02:41:28.784   662   775 D VoldConnector: RCV <- {651 emulated 7}
01-01 02:41:28.784   662   775 D VoldConnector: RCV <- {659 emulated}
01-01 02:41:28.785   662   775 D VoldConnector: RCV <- {650 emulated 2 "" ""}
01-01 02:41:28.785   662   775 D VoldConnector: RCV <- {654 emulated emulated}
01-01 02:41:28.785   662   775 D VoldConnector: RCV <- {651 emulated 0}
01-01 02:41:28.785   662   775 D VoldConnector: RCV <- {200 3 Command succeeded}
01-01 02:41:28.786   662   774 D VoldConnector: SND -> {4 volume user_added 0 0}
01-01 02:41:28.786   662   710 V MountService: Found primary storage at VolumeInfo{emulated}:
01-01 02:41:28.786   662   710 V MountService:     type=EMULATED diskId=null partGuid=null mountFlags=0 mountUserId=-1 
01-01 02:41:28.786   662   710 V MountService:     state=UNMOUNTED 
01-01 02:41:28.786   662   710 V MountService:     fsType=null fsUuid=null fsLabel=null 
01-01 02:41:28.786   662   710 V MountService:     path=null internalPath=null 
01-01 02:41:28.786   662   775 D VoldConnector: RCV <- {200 4 Command succeeded}
01-01 02:41:28.795   662   662 I ActivityManager: Start proc 824:com.android.systemui/u0a33 for service com.android.systemui/.ImageWallpaper
01-01 02:41:28.796   662   774 D VoldConnector: SND -> {5 volume mount emulated 3 -1}
01-01 02:41:28.798   662   693 I ActivityManager: Force stopping com.android.providers.media appid=10010 user=-1: vold reset
01-01 02:41:28.798   209   225 V vold    : Waiting for FUSE to spin up...
01-01 02:41:28.798   662   775 D VoldConnector: RCV <- {651 emulated 1}
01-01 02:41:28.799   662   775 D VoldConnector: RCV <- {656 emulated /data/media}
01-01 02:41:28.799   662   775 D VoldConnector: RCV <- {655 emulated /storage/emulated}
01-01 02:41:28.800   249   418 D audio_hw_primary: adev_set_parameters: enter: A2dpSuspended=false
01-01 02:41:28.800   662   662 D UsbAlsaManager: Adding ALSA device AlsaDevice: [card: 0, device: 0, type: 2]
01-01 02:41:28.800   662   662 D UsbAlsaManager: Adding ALSA device AlsaDevice: [card: 0, device: 0, type: 1]
01-01 02:41:28.800   662   662 D UsbAlsaManager: Adding ALSA device AlsaDevice: [card: 0, device: 1, type: 2]
01-01 02:41:28.801   662   662 D UsbAlsaManager: Adding ALSA device AlsaDevice: [card: 0, device: 1, type: 1]
01-01 02:41:28.801   662   662 D UsbAlsaManager: Adding ALSA device AlsaDevice: [card: 0, device: 2, type: 2]
01-01 02:41:28.801   662   662 D UsbAlsaManager: Adding ALSA device AlsaDevice: [card: 0, device: 2, type: 1]
01-01 02:41:28.801   662   662 D UsbAlsaManager: Adding ALSA device AlsaDevice: [card: 0, device: 3, type: 2]
01-01 02:41:28.801   662   662 D UsbAlsaManager: Adding ALSA device AlsaDevice: [card: 0, device: 3, type: 1]
01-01 02:41:28.801   662   662 D UsbAlsaManager: Adding ALSA device AlsaDevice: [card: 0, device: 4, type: 1]
01-01 02:41:28.801   662   662 D UsbAlsaManager: Adding ALSA device AlsaDevice: [card: 0, device: 5, type: 2]
01-01 02:41:28.801   662   662 D UsbAlsaManager: Adding ALSA device AlsaDevice: [card: 0, device: 5, type: 1]
01-01 02:41:28.801   662   662 D UsbAlsaManager: Adding ALSA device AlsaDevice: [card: 0, device: 6, type: 2]
01-01 02:41:28.801   662   662 D UsbAlsaManager: Adding ALSA device AlsaDevice: [card: 0, device: 6, type: 1]
01-01 02:41:28.801   662   662 D UsbAlsaManager: Adding ALSA device AlsaDevice: [card: 0, device: 7, type: 1]
01-01 02:41:28.801   662   662 D UsbAlsaManager: Adding ALSA device AlsaDevice: [card: 0, device: 8, type: 2]
01-01 02:41:28.801   662   662 D UsbAlsaManager: Adding ALSA device AlsaDevice: [card: 0, device: 10, type: 2]
01-01 02:41:28.801   662   662 D UsbAlsaManager: Adding ALSA device AlsaDevice: [card: 0, device: 10, type: 1]
01-01 02:41:28.801   662   662 D UsbAlsaManager: Adding ALSA device AlsaDevice: [card: 0, device: 11, type: 2]
01-01 02:41:28.801   662   662 D UsbAlsaManager: Adding ALSA device AlsaDevice: [card: 0, device: 11, type: 1]
01-01 02:41:28.802   662   662 D UsbAlsaManager: Adding ALSA device AlsaDevice: [card: 0, device: 12, type: 2]
01-01 02:41:28.802   662   662 D UsbAlsaManager: Adding ALSA device AlsaDevice: [card: 0, device: 12, type: 1]
01-01 02:41:28.802   662   662 D UsbAlsaManager: Adding ALSA device AlsaDevice: [card: 0, device: 13, type: 2]
01-01 02:41:28.802   662   662 D UsbAlsaManager: Adding ALSA device AlsaDevice: [card: 0, device: 13, type: 1]
01-01 02:41:28.802   662   662 D UsbAlsaManager: Adding ALSA device AlsaDevice: [card: 0, device: 14, type: 2]
01-01 02:41:28.802   662   795 D BluetoothManagerService: Trying to bind to profile: 1, while Bluetooth was disabled
01-01 02:41:28.802   662   662 D UsbAlsaManager: Adding ALSA device AlsaDevice: [card: 0, device: 14, type: 1]
01-01 02:41:28.802   662   662 D UsbAlsaManager: Adding ALSA device AlsaDevice: [card: 0, device: 15, type: 2]
01-01 02:41:28.802   662   662 D UsbAlsaManager: Adding ALSA device AlsaDevice: [card: 0, device: 15, type: 1]
01-01 02:41:28.802   662   662 D UsbAlsaManager: Adding ALSA device AlsaDevice: [card: 0, device: 16, type: 2]
01-01 02:41:28.802   662   662 D UsbAlsaManager: Adding ALSA device AlsaDevice: [card: 0, device: 16, type: 1]
01-01 02:41:28.802   662   662 D UsbAlsaManager: Adding ALSA device AlsaDevice: [card: 0, device: 17, type: 2]
01-01 02:41:28.802   662   662 D UsbAlsaManager: Adding ALSA device AlsaDevice: [card: 0, device: 17, type: 1]
01-01 02:41:28.802   662   662 D UsbAlsaManager: Adding ALSA device AlsaDevice: [card: 0, device: 18, type: 2]
01-01 02:41:28.802   662   662 D UsbAlsaManager: Adding ALSA device AlsaDevice: [card: 0, device: 18, type: 1]
01-01 02:41:28.802   662   662 D UsbAlsaManager: Adding ALSA device AlsaDevice: [card: 0, device: 19, type: 2]
01-01 02:41:28.802   662   662 D UsbAlsaManager: Adding ALSA device AlsaDevice: [card: 0, device: 20, type: 2]
01-01 02:41:28.802   662   662 D UsbAlsaManager: Adding ALSA device AlsaDevice: [card: 0, device: 20, type: 1]
01-01 02:41:28.803   662   662 D UsbAlsaManager: Adding ALSA device AlsaDevice: [card: 0, device: 27, type: 2]
01-01 02:41:28.803   662   662 D UsbAlsaManager: Adding ALSA device AlsaDevice: [card: 0, device: 27, type: 1]
01-01 02:41:28.803   662   662 D UsbAlsaManager: Adding ALSA device AlsaDevice: [card: 0, device: 28, type: 1]
01-01 02:41:28.811   662   662 I SystemServer: WebViewFactory preparation
01-01 02:41:28.818   662   662 D WebViewFactory: Setting new address space to 104857600
01-01 02:41:28.823   249   249 I AudioFlinger: systemReady
01-01 02:41:28.830   829   829 W sdcard  : Device explicitly disabled sdcardfs
01-01 02:41:28.844   662   662 I ActivityManager: Start proc 845:WebViewLoader-armeabi-v7a/1037 [android.webkit.WebViewFactory$RelroFileCreator] for 
01-01 02:41:28.845   662   662 D NetworkManagement: enabling bandwidth control
01-01 02:41:28.849   662   775 D VoldConnector: RCV <- {651 emulated 2}
01-01 02:41:28.850   662   775 D VoldConnector: RCV <- {200 5 Command succeeded}
01-01 02:41:28.857   662   844 E WVMExtractor: Failed to open libwvm.so: dlopen failed: cannot locate symbol "_ZN7android16MediaBufferGroupC1Ev" referenced by "/system/lib/libwvm.so"...
01-01 02:41:28.894   845   845 V WebViewFactory: RelroFileCreator (64bit = false),  32-bit lib: /system/app/webview/webview.apk!/lib/armeabi-v7a/libwebviewchromium.so, 64-bit lib: 
01-01 02:41:28.896   257   257 I MediaPlayerService: MediaPlayerService::getOMX
01-01 02:41:28.902   824   824 W System  : ClassLoader referenced unknown path: /system/priv-app/SystemUI/lib/arm
01-01 02:41:28.912   257   257 E OMXMaster: A component of name 'OMX.qcom.audio.decoder.aac' already exists, ignoring this one.
01-01 02:41:28.919   224   224 W auditd  : type=1325 audit(0.0:128): table=filter family=2 entries=76
01-01 02:41:28.919   877   877 W iptables-restor: type=1300 audit(0.0:128): arch=40000028 syscall=294 per=800008 success=yes exit=0 a0=4 a1=0 a2=40 a3=b6c29000 items=0 ppid=258 auid=4294967295 uid=0 gid=0 euid=0 suid=0 fsuid=0 egid=0 sgid=0 fsgid=0 tty=(none) ses=4294967295 exe="/system/bin/iptables" subj=u:r:netd:s0 key=(null)
01-01 02:41:28.919   224   224 W auditd  : type=1320 audit(0.0:128): 
01-01 02:41:28.919   224   224 W auditd  : type=1325 audit(0.0:129): table=raw family=2 entries=13
01-01 02:41:28.919   877   877 W iptables-restor: type=1300 audit(0.0:129): arch=40000028 syscall=294 per=800008 success=yes exit=0 a0=4 a1=0 a2=40 a3=b6c26000 items=0 ppid=258 auid=4294967295 uid=0 gid=0 euid=0 suid=0 fsuid=0 egid=0 sgid=0 fsgid=0 tty=(none) ses=4294967295 exe="/system/bin/iptables" subj=u:r:netd:s0 key=(null)
01-01 02:41:28.919   224   224 W auditd  : type=1320 audit(0.0:129): 
01-01 02:41:28.919   224   224 W auditd  : type=1325 audit(0.0:130): table=mangle family=2 entries=17
01-01 02:41:28.919   877   877 W iptables-restor: type=1300 audit(0.0:130): arch=40000028 syscall=294 per=800008 success=yes exit=0 a0=4 a1=0 a2=40 a3=b6c17c00 items=0 ppid=258 auid=4294967295 uid=0 gid=0 euid=0 suid=0 fsuid=0 egid=0 sgid=0 fsgid=0 tty=(none) ses=4294967295 exe="/system/bin/iptables" subj=u:r:netd:s0 key=(null)
01-01 02:41:28.919   224   224 W auditd  : type=1320 audit(0.0:130): 
01-01 02:41:28.951   254   254 E OMXMaster: A component of name 'OMX.qcom.audio.decoder.aac' already exists, ignoring this one.
01-01 02:41:28.949   224   224 W auditd  : type=1325 audit(0.0:131): table=filter family=10 entries=87
01-01 02:41:28.949   879   879 W ip6tables-resto: type=1300 audit(0.0:131): arch=40000028 syscall=294 per=800008 success=yes exit=0 a0=4 a1=29 a2=40 a3=b6c2b600 items=0 ppid=258 auid=4294967295 uid=0 gid=0 euid=0 suid=0 fsuid=0 egid=0 sgid=0 fsgid=0 tty=(none) ses=4294967295 exe="/system/bin/ip6tables" subj=u:r:netd:s0 key=(null)
01-01 02:41:28.949   224   224 W auditd  : type=1320 audit(0.0:131): 
01-01 02:41:28.949   224   224 W auditd  : type=1325 audit(0.0:132): table=raw family=10 entries=13
01-01 02:41:28.949   879   879 W ip6tables-resto: type=1300 audit(0.0:132): arch=40000028 syscall=294 per=800008 success=yes exit=0 a0=4 a1=29 a2=40 a3=b6c17c00 items=0 ppid=258 auid=4294967295 uid=0 gid=0 euid=0 suid=0 fsuid=0 egid=0 sgid=0 fsgid=0 tty=(none) ses=4294967295 exe="/system/bin/ip6tables" subj=u:r:netd:s0 key=(null)
01-01 02:41:28.949   224   224 W auditd  : type=1320 audit(0.0:132): 
01-01 02:41:28.959   224   224 W auditd  : type=1325 audit(0.0:133): table=mangle family=10 entries=16
01-01 02:41:28.959   879   879 W ip6tables-resto: type=1300 audit(0.0:133): arch=40000028 syscall=294 per=800008 success=yes exit=0 a0=4 a1=29 a2=40 a3=b6c17e00 items=0 ppid=258 auid=4294967295 uid=0 gid=0 euid=0 suid=0 fsuid=0 egid=0 sgid=0 fsgid=0 tty=(none) ses=4294967295 exe="/system/bin/ip6tables" subj=u:r:netd:s0 key=(null)
01-01 02:41:28.959   224   224 W auditd  : type=1320 audit(0.0:133): 
01-01 02:41:28.989   224   224 W auditd  : type=1325 audit(0.0:134): table=filter family=2 entries=65
01-01 02:41:28.989   881   881 W iptables-restor: type=1300 audit(0.0:134): arch=40000028 syscall=294 per=800008 success=yes exit=0 a0=4 a1=0 a2=40 a3=b6c25000 items=0 ppid=258 auid=4294967295 uid=0 gid=0 euid=0 suid=0 fsuid=0 egid=0 sgid=0 fsgid=0 tty=(none) ses=4294967295 exe="/system/bin/iptables" subj=u:r:netd:s0 key=(null)
01-01 02:41:29.010   819   819 I LatinIME: Hardware accelerated drawing: true
01-01 02:41:29.015   845   845 I art     : System.exit called, status: 0
01-01 02:41:29.015   845   845 I AndroidRuntime: VM exiting with result code 0, cleanup skipped.
01-01 02:41:29.032   662   782 D WifiController: DEFERRED_TOGGLE handled
01-01 02:41:29.033   662   783 E WifiMonitor: killSupplicant p2ptrue init.svc.wpa_supplicant=unknown init.svc.p2p_supplicant=unknown
01-01 02:41:29.055   824   824 V SystemUIService: Starting SystemUI services for user 0.
01-01 02:41:29.094   257   257 I OMXClient: MuxOMX ctor
01-01 02:41:29.097   257   257 I MediaPlayerService: MediaPlayerService::getOMX
01-01 02:41:29.098   257   257 I OMXClient: MuxOMX ctor
01-01 02:41:29.098   254   254 I OMXMaster: makeComponentInstance(OMX.google.mp3.decoder) in mediacodec process
01-01 02:41:29.100   824   824 V MediaRouter: Adding route: RouteInfo{ name=Phone, description=null, status=null, category=RouteCategory{ name=null types=ROUTE_TYPE_LIVE_AUDIO ROUTE_TYPE_LIVE_VIDEO  groupable=false }, supportedTypes=ROUTE_TYPE_LIVE_AUDIO ROUTE_TYPE_LIVE_VIDEO , presentationDisplay=null }
01-01 02:41:29.106   824   824 V MediaRouter: Updating audio routes: AudioRoutesInfo{ type=SPEAKER }
01-01 02:41:29.108   257   257 I MediaPlayerService: MediaPlayerService::getOMX
01-01 02:41:29.109   257   257 I OMXClient: MuxOMX ctor
01-01 02:41:29.111   254   254 I OMXMaster: makeComponentInstance(OMX.google.amrnb.decoder) in mediacodec process
01-01 02:41:29.113   824   824 V MediaRouter: Selecting route: RouteInfo{ name=Phone, description=null, status=null, category=RouteCategory{ name=null types=ROUTE_TYPE_LIVE_AUDIO ROUTE_TYPE_LIVE_VIDEO  groupable=false }, supportedTypes=ROUTE_TYPE_LIVE_AUDIO ROUTE_TYPE_LIVE_VIDEO , presentationDisplay=null }
01-01 02:41:29.118   257   257 I MediaPlayerService: MediaPlayerService::getOMX
01-01 02:41:29.119   257   257 I OMXClient: MuxOMX ctor
01-01 02:41:29.119   254   365 I OMXMaster: makeComponentInstance(OMX.google.amrwb.decoder) in mediacodec process
01-01 02:41:29.124   257   257 I MediaPlayerService: MediaPlayerService::getOMX
01-01 02:41:29.124   257   257 I OMXClient: MuxOMX ctor
01-01 02:41:29.124   819   819 W InputAttributes: No editor info for this field. Bug?
01-01 02:41:29.124   254   254 I OMXMaster: makeComponentInstance(OMX.google.aac.decoder) in mediacodec process
01-01 02:41:29.136   824   824 V FingerprintManager: FingerprintManagerService was null
01-01 02:41:29.138   257   257 I MediaPlayerService: MediaPlayerService::getOMX
01-01 02:41:29.138   257   257 I OMXClient: MuxOMX ctor
01-01 02:41:29.139   254   895 I OMXMaster: makeComponentInstance(OMX.google.g711.alaw.decoder) in mediacodec process
01-01 02:41:29.142   824   824 W FingerprintManager: isFingerprintHardwareDetected(): Service not connected!
01-01 02:41:29.142   824   824 W FingerprintManager: addLockoutResetCallback(): Service not connected!
01-01 02:41:29.144   257   257 I MediaPlayerService: MediaPlayerService::getOMX
01-01 02:41:29.145   257   257 I OMXClient: MuxOMX ctor
01-01 02:41:29.145   254   365 I OMXMaster: makeComponentInstance(OMX.google.g711.mlaw.decoder) in mediacodec process
01-01 02:41:29.146   662   662 W NetworkManagement: setDataSaverMode(): already false
01-01 02:41:29.149   257   257 I MediaPlayerService: MediaPlayerService::getOMX
01-01 02:41:29.150   257   257 I OMXClient: MuxOMX ctor
01-01 02:41:29.150   254   254 I OMXMaster: makeComponentInstance(OMX.google.vorbis.decoder) in mediacodec process
01-01 02:41:29.156   257   257 I MediaPlayerService: MediaPlayerService::getOMX
01-01 02:41:29.157   257   257 I OMXClient: MuxOMX ctor
01-01 02:41:29.157   254   895 I OMXMaster: makeComponentInstance(OMX.google.opus.decoder) in mediacodec process
01-01 02:41:29.160   819   908 I LatinIME:LogUtils: Dictionary info: dictionary = userunigram.en_US ; version = 1388540489 ; date = ?
01-01 02:41:29.163   257   257 I MediaPlayerService: MediaPlayerService::getOMX
01-01 02:41:29.163   257   257 I OMXClient: MuxOMX ctor
01-01 02:41:29.165   254   365 I OMXMaster: makeComponentInstance(OMX.google.raw.decoder) in mediacodec process
01-01 02:41:29.166   819   908 E ActivityThread: Failed to find provider info for user_dictionary
01-01 02:41:29.170   819   908 I LatinIME:LogUtils: Dictionary info: dictionary = UserHistoryDictionary.en_US ; version = 1388534587 ; date = 1388534591
01-01 02:41:29.171   257   257 I MediaPlayerService: MediaPlayerService::getOMX
01-01 02:41:29.171   257   257 I OMXClient: MuxOMX ctor
01-01 02:41:29.171   254   254 I OMXMaster: makeComponentInstance(OMX.google.aac.encoder) in mediacodec process
01-01 02:41:29.183   257   257 I MediaPlayerService: MediaPlayerService::getOMX
01-01 02:41:29.183   257   257 I OMXClient: MuxOMX ctor
01-01 02:41:29.184   254   895 I OMXMaster: makeComponentInstance(OMX.google.amrnb.encoder) in mediacodec process
01-01 02:41:29.190   257   257 I MediaPlayerService: MediaPlayerService::getOMX
01-01 02:41:29.191   257   257 I OMXClient: MuxOMX ctor
01-01 02:41:29.191   254   365 I OMXMaster: makeComponentInstance(OMX.google.amrwb.encoder) in mediacodec process
01-01 02:41:29.197   257   257 I MediaPlayerService: MediaPlayerService::getOMX
01-01 02:41:29.198   257   257 I OMXClient: MuxOMX ctor
01-01 02:41:29.198   254   254 I OMXMaster: makeComponentInstance(OMX.google.flac.encoder) in mediacodec process
01-01 02:41:29.202   824   923 E WVMExtractor: Failed to open libwvm.so: dlopen failed: cannot locate symbol "_ZN7android16MediaBufferGroupC1Ev" referenced by "/system/lib/libwvm.so"...
01-01 02:41:29.212   257   257 I MediaPlayerService: MediaPlayerService::getOMX
01-01 02:41:29.213   257   257 I OMXClient: MuxOMX ctor
01-01 02:41:29.213   254   895 I OMXMaster: makeComponentInstance(OMX.google.gsm.decoder) in mediacodec process
01-01 02:41:29.217   257   257 I MediaPlayerService: MediaPlayerService::getOMX
01-01 02:41:29.218   257   257 I OMXClient: MuxOMX ctor
01-01 02:41:29.218   254   365 I OMXMaster: makeComponentInstance(OMX.qcom.video.encoder.avc) in mediacodec process
01-01 02:41:29.220   819   908 I LatinIME:LogUtils: Dictionary info: dictionary = main:en ; version = 54 ; date = 1414726273
01-01 02:41:29.315   824   824 I vol.Events: writeEvent collection_started
01-01 02:41:29.317   257   257 W ACodec  : do not know color format 0x7fa30c04 = 2141391876
01-01 02:41:29.318   257   257 W ACodec  : do not know color format 0x7f000789 = 2130708361
01-01 02:41:29.318   254   895 E OMXNodeInstance: getConfig(fe000f:qcom.encoder.avc, ConfigAndroidIntraRefresh(0x6f60000a)) ERROR: UnsupportedIndex(0x8000101a)
01-01 02:41:29.322   824   938 I vol.Events: writeEvent external_ringer_mode_changed normal
01-01 02:41:29.322   824   938 I vol.Events: writeEvent internal_ringer_mode_changed normal
01-01 02:41:29.334   257   257 I MediaPlayerService: MediaPlayerService::getOMX
01-01 02:41:29.335   257   257 I OMXClient: MuxOMX ctor
01-01 02:41:29.335   254   895 I OMXMaster: makeComponentInstance(OMX.qcom.video.encoder.mpeg4) in mediacodec process
01-01 02:41:29.425   257   257 W ACodec  : do not know color format 0x7fa30c04 = 2141391876
01-01 02:41:29.426   257   257 W ACodec  : do not know color format 0x7f000789 = 2130708361
01-01 02:41:29.427   254   895 E OMXNodeInstance: getConfig(fe0010:qcom.encoder.mpeg4, ConfigAndroidIntraRefresh(0x6f60000a)) ERROR: UnsupportedIndex(0x8000101a)
01-01 02:41:29.443   257   257 I MediaPlayerService: MediaPlayerService::getOMX
01-01 02:41:29.443   257   257 I OMXClient: MuxOMX ctor
01-01 02:41:29.444   254   895 I OMXMaster: makeComponentInstance(OMX.qcom.video.encoder.h263) in mediacodec process
01-01 02:41:29.494   824   938 I vol.Events: writeEvent level_changed STREAM_ALARM 6
01-01 02:41:29.495   824   938 I vol.Events: writeEvent level_changed STREAM_BLUETOOTH_SCO 7
01-01 02:41:29.497   824   938 I vol.Events: writeEvent level_changed STREAM_MUSIC 11
01-01 02:41:29.501   824   938 I vol.Events: writeEvent level_changed STREAM_RING 5
01-01 02:41:29.502   824   938 I vol.Events: writeEvent level_changed STREAM_SYSTEM 5
01-01 02:41:29.506   824   938 I vol.Events: writeEvent level_changed STREAM_VOICE_CALL 4
01-01 02:41:29.534   257   257 W ACodec  : do not know color format 0x7fa30c04 = 2141391876
01-01 02:41:29.534   257   257 W ACodec  : do not know color format 0x7f000789 = 2130708361
01-01 02:41:29.535   254   254 E OMXNodeInstance: getConfig(fe0011:qcom.encoder.h263, ConfigAndroidIntraRefresh(0x6f60000a)) ERROR: UnsupportedIndex(0x8000101a)
01-01 02:41:29.551   257   257 I MediaPlayerService: MediaPlayerService::getOMX
01-01 02:41:29.552   257   257 I OMXClient: MuxOMX ctor
01-01 02:41:29.552   254   254 I OMXMaster: makeComponentInstance(OMX.qcom.video.decoder.avc) in mediacodec process
01-01 02:41:29.566   824   824 D StorageNotification: Notifying about private volume: VolumeInfo{private}:
01-01 02:41:29.566   824   824 D StorageNotification:     type=PRIVATE diskId=null partGuid=null mountFlags=0 mountUserId=-1 
01-01 02:41:29.566   824   824 D StorageNotification:     state=MOUNTED 
01-01 02:41:29.566   824   824 D StorageNotification:     fsType=null fsUuid=null fsLabel=null 
01-01 02:41:29.566   824   824 D StorageNotification:     path=/data internalPath=null 
01-01 02:41:29.653   662   681 I StatusBarManagerService: registerStatusBar bar=com.android.internal.statusbar.IStatusBar$Stub$Proxy@80885d3
01-01 02:41:29.665   254   254 E OMX     : FAILED to allocate omx component 'OMX.qcom.video.decoder.avc' err=UnsupportedSetting(0x80001019)
01-01 02:41:29.667   257   257 I MediaPlayerService: MediaPlayerService::getOMX
01-01 02:41:29.668   257   257 I OMXClient: MuxOMX ctor
01-01 02:41:29.668   254   895 I OMXMaster: makeComponentInstance(OMX.qcom.video.decoder.avc.secure) in mediacodec process
01-01 02:41:29.682   662   694 W WindowManager: Keyguard drawn timeout. Setting mKeyguardDrawComplete
01-01 02:41:29.768   254   895 E OMX     : FAILED to allocate omx component 'OMX.qcom.video.decoder.avc.secure' err=UnsupportedSetting(0x80001019)
01-01 02:41:29.770   257   257 I MediaPlayerService: MediaPlayerService::getOMX
01-01 02:41:29.771   257   257 I OMXClient: MuxOMX ctor
01-01 02:41:29.771   254   365 I OMXMaster: makeComponentInstance(OMX.qcom.video.decoder.mpeg2) in mediacodec process
01-01 02:41:29.858   254   365 E OMX     : FAILED to allocate omx component 'OMX.qcom.video.decoder.mpeg2' err=UnsupportedSetting(0x80001019)
01-01 02:41:29.859   257   257 I MediaPlayerService: MediaPlayerService::getOMX
01-01 02:41:29.859   257   257 I OMXClient: MuxOMX ctor
01-01 02:41:29.860   254   254 I OMXMaster: makeComponentInstance(OMX.qcom.video.decoder.mpeg4) in mediacodec process
01-01 02:41:29.952   254   254 E OMX     : FAILED to allocate omx component 'OMX.qcom.video.decoder.mpeg4' err=UnsupportedSetting(0x80001019)
01-01 02:41:29.953   257   257 I MediaPlayerService: MediaPlayerService::getOMX
01-01 02:41:29.954   257   257 I OMXClient: MuxOMX ctor
01-01 02:41:29.954   254   895 I OMXMaster: makeComponentInstance(OMX.qcom.video.decoder.h263) in mediacodec process
01-01 02:41:30.034   824   824 W System  : ClassLoader referenced unknown path: 
01-01 02:41:30.034   824   824 W System  : ClassLoader referenced unknown path: /system/priv-app/Dialer/lib/arm
01-01 02:41:30.036   824   824 D ApplicationLoaders: ignored Vulkan layer search path /system/priv-app/Dialer/lib/arm:/system/lib:/vendor/lib for namespace 0xb2fe0090
01-01 02:41:30.045   254   895 E OMX     : FAILED to allocate omx component 'OMX.qcom.video.decoder.h263' err=UnsupportedSetting(0x80001019)
01-01 02:41:30.048   257   257 I MediaPlayerService: MediaPlayerService::getOMX
01-01 02:41:30.048   257   257 I OMXClient: MuxOMX ctor
01-01 02:41:30.049   254   365 I OMXMaster: makeComponentInstance(OMX.google.mpeg4.decoder) in mediacodec process
01-01 02:41:30.057   254   365 E OMXNodeInstance: getExtensionIndex(fe0012:google.mpeg4.decoder, OMX.google.android.index.configureVideoTunnelMode) ERROR: UnsupportedIndex(0x8000101a)
01-01 02:41:30.057   254   895 W OMXNodeInstance: [fe0012:google.mpeg4.decoder] component does not support metadata mode; using fallback
01-01 02:41:30.062   257   257 I MediaPlayerService: MediaPlayerService::getOMX
01-01 02:41:30.063   257   257 I OMXClient: MuxOMX ctor
01-01 02:41:30.063   254   254 I OMXMaster: makeComponentInstance(OMX.google.h263.decoder) in mediacodec process
01-01 02:41:30.068   254   254 E OMXNodeInstance: getExtensionIndex(fe0013:google.h263.decoder, OMX.google.android.index.configureVideoTunnelMode) ERROR: UnsupportedIndex(0x8000101a)
01-01 02:41:30.068   254   365 W OMXNodeInstance: [fe0013:google.h263.decoder] component does not support metadata mode; using fallback
01-01 02:41:30.071   257   257 I MediaPlayerService: MediaPlayerService::getOMX
01-01 02:41:30.071   257   257 I OMXClient: MuxOMX ctor
01-01 02:41:30.071   254   895 I OMXMaster: makeComponentInstance(OMX.google.h264.decoder) in mediacodec process
01-01 02:41:30.073   824   824 D ClockController: onTuningChanged key=cmsystem:status_bar_clock value=null
01-01 02:41:30.078   824   824 D ClockController: onTuningChanged key=cmsystem:status_bar_am_pm value=null
01-01 02:41:30.079   824   824 D ClockController: onTuningChanged key=clock_seconds value=null
01-01 02:41:30.089   257   257 W ACodec  : [OMX.google.h264.decoder] stopping checking profiles after 32: 2/8000
01-01 02:41:30.090   254   895 E OMXNodeInstance: getExtensionIndex(fe0014:google.h264.decoder, OMX.google.android.index.configureVideoTunnelMode) ERROR: UnsupportedIndex(0x8000101a)
01-01 02:41:30.091   254   254 W OMXNodeInstance: [fe0014:google.h264.decoder] component does not support metadata mode; using fallback
01-01 02:41:30.093   257   257 I MediaPlayerService: MediaPlayerService::getOMX
01-01 02:41:30.093   257   257 I OMXClient: MuxOMX ctor
01-01 02:41:30.093   254   365 I OMXMaster: makeComponentInstance(OMX.google.hevc.decoder) in mediacodec process
01-01 02:41:30.115   254   254 E OMXNodeInstance: getExtensionIndex(fe0015:google.hevc.decoder, OMX.google.android.index.configureVideoTunnelMode) ERROR: UnsupportedIndex(0x8000101a)
01-01 02:41:30.115   254   895 W OMXNodeInstance: [fe0015:google.hevc.decoder] component does not support metadata mode; using fallback
01-01 02:41:30.118   257   257 I MediaPlayerService: MediaPlayerService::getOMX
01-01 02:41:30.118   257   257 I OMXClient: MuxOMX ctor
01-01 02:41:30.119   254   365 I OMXMaster: makeComponentInstance(OMX.google.vp8.decoder) in mediacodec process
01-01 02:41:30.133   824   824 D LocalBluetoothProfileManager: Adding local MAP profile
01-01 02:41:30.136   824   824 D BluetoothMap: Create BluetoothMap proxy object
01-01 02:41:30.138   254   254 E OMXNodeInstance: getExtensionIndex(fe0016:google.vp8.decoder, OMX.google.android.index.configureVideoTunnelMode) ERROR: UnsupportedIndex(0x8000101a)
01-01 02:41:30.138   254   895 W OMXNodeInstance: [fe0016:google.vp8.decoder] component does not support metadata mode; using fallback
01-01 02:41:30.140   257   257 I MediaPlayerService: MediaPlayerService::getOMX
01-01 02:41:30.140   257   257 I OMXClient: MuxOMX ctor
01-01 02:41:30.140   254   365 I OMXMaster: makeComponentInstance(OMX.google.vp9.decoder) in mediacodec process
01-01 02:41:30.141   824   824 D BluetoothDun: BluetoothDun() call bindService
01-01 02:41:30.142   824   824 E BluetoothDun: Could not bind to Bluetooth Dun Service with Intent { act=android.bluetooth.IBluetoothDun }
01-01 02:41:30.144   254   895 E OMXNodeInstance: getExtensionIndex(fe0017:google.vp9.decoder, OMX.google.android.index.configureVideoTunnelMode) ERROR: UnsupportedIndex(0x8000101a)
01-01 02:41:30.144   254   365 W OMXNodeInstance: [fe0017:google.vp9.decoder] component does not support metadata mode; using fallback
01-01 02:41:30.146   824   824 D LocalBluetoothProfileManager: LocalBluetoothProfileManager construction complete
01-01 02:41:30.146   257   257 I MediaPlayerService: MediaPlayerService::getOMX
01-01 02:41:30.147   257   257 I OMXClient: MuxOMX ctor
01-01 02:41:30.147   254   895 I OMXMaster: makeComponentInstance(OMX.google.h263.encoder) in mediacodec process
01-01 02:41:30.155   254   895 I SoftMPEG4Encoder: Construct SoftMPEG4Encoder
01-01 02:41:30.157   257   257 W ACodec  : do not know color format 0x7f000789 = 2130708361
01-01 02:41:30.157   254   895 E OMXNodeInstance: getConfig(fe0018:google.h263.encoder, ConfigAndroidIntraRefresh(0x6f60000a)) ERROR: Undefined(0x80001001)
01-01 02:41:30.159   257   257 I MediaPlayerService: MediaPlayerService::getOMX
01-01 02:41:30.159   257   257 I OMXClient: MuxOMX ctor
01-01 02:41:30.159   254   895 I OMXMaster: makeComponentInstance(OMX.google.h264.encoder) in mediacodec process
01-01 02:41:30.169   824   824 I CameraManagerGlobal: Connecting to camera service
01-01 02:41:30.172   257   891 I CameraService: getCameraCharacteristics: Switching to HAL1 shim implementation...
01-01 02:41:30.172   257   891 W QCamera2Factory: getCameraInfo: E, camera_id = 0
01-01 02:41:30.172   257   891 W QCamera2HWI: __dbg: info->orientation : 270 rc = 0
01-01 02:41:30.172   257   891 W QCamera2HWI: __dbg: info->orientation : 90 rc = 0
01-01 02:41:30.172   257   891 W QCamera2Factory: getCameraInfo: X
01-01 02:41:30.172   257   891 I CameraService: CameraService::connect call (PID -1 "media", camera ID 0) for HAL version default and Camera API version 1
01-01 02:41:30.174   257   891 E CameraService: getCameraPriorityFromProcState: Received invalid process state -1 from ActivityManagerService!
01-01 02:41:30.174   257   891 I CameraService: onTorchStatusChangedLocked: Torch status changed for cameraId=0, newStatus=0
01-01 02:41:30.174   257   891 W QCamera2Factory: getCameraInfo: E, camera_id = 0
01-01 02:41:30.174   257   891 W QCamera2HWI: __dbg: info->orientation : 270 rc = 0
01-01 02:41:30.174   257   891 W QCamera2HWI: __dbg: info->orientation : 90 rc = 0
01-01 02:41:30.174   257   891 W QCamera2Factory: getCameraInfo: X
01-01 02:41:30.178   257   257 W ACodec  : do not know color format 0x7f000789 = 2130708361
01-01 02:41:30.180   257   257 I MediaPlayerService: MediaPlayerService::getOMX
01-01 02:41:30.180   257   257 I OMXClient: MuxOMX ctor
01-01 02:41:30.180   254   365 I OMXMaster: makeComponentInstance(OMX.google.mpeg4.encoder) in mediacodec process
01-01 02:41:30.182   254   365 I SoftMPEG4Encoder: Construct SoftMPEG4Encoder
01-01 02:41:30.184   257   257 W ACodec  : do not know color format 0x7f000789 = 2130708361
01-01 02:41:30.184   254   895 E OMXNodeInstance: getConfig(fe001a:google.mpeg4.encoder, ConfigAndroidIntraRefresh(0x6f60000a)) ERROR: Undefined(0x80001001)
01-01 02:41:30.185   257  1013 E WVMExtractor: Failed to open libwvm.so: dlopen failed: cannot locate symbol "_ZN7android16MediaBufferGroupC1Ev" referenced by "/system/lib/libwvm.so"...
01-01 02:41:30.186   257   257 I MediaPlayerService: MediaPlayerService::getOMX
01-01 02:41:30.188   257   257 I OMXClient: MuxOMX ctor
01-01 02:41:30.188   254   895 I OMXMaster: makeComponentInstance(OMX.google.vp8.encoder) in mediacodec process
01-01 02:41:30.195   257  1012 D NuPlayerDriver: notifyListener_l(0xb5d20ae0), (1, 0, 0), loop setting(0, 0)
01-01 02:41:30.205   257   257 W ACodec  : do not know color format 0x7f000789 = 2130708361
01-01 02:41:30.206   254   365 E OMXNodeInstance: getConfig(fe001b:google.vp8.encoder, ConfigAndroidIntraRefresh(0x6f60000a)) ERROR: Undefined(0x80001001)
01-01 02:41:30.208   257   257 I MediaPlayerService: MediaPlayerService::getOMX
01-01 02:41:30.209   257   257 I OMXClient: MuxOMX ctor
01-01 02:41:30.209   254   365 I OMXMaster: makeComponentInstance(OMX.ffmpeg.aac.decoder) in mediacodec process
01-01 02:41:30.209   254   365 V FFmpegOMXPlugin: makeComponentInstance 'OMX.ffmpeg.aac.decoder'
01-01 02:41:30.210   254   365 D SoftFFmpegAudio: SoftFFmpegAudio component: OMX.ffmpeg.aac.decoder mCodingType: 21
01-01 02:41:30.210   257  1016 D NuPlayerDriver: notifyListener_l(0xb5d20c00), (1, 0, 0), loop setting(0, 0)
01-01 02:41:30.228   257  1021 D NuPlayerDriver: notifyListener_l(0xb5d20cc0), (1, 0, 0), loop setting(0, 0)
01-01 02:41:30.230   257   891 I CameraFlashlight: Opening camera 0
01-01 02:41:30.230   257   891 W QCamera2Factory: getCameraInfo: E, camera_id = 0
01-01 02:41:30.230   257   891 W QCamera2HWI: __dbg: info->orientation : 270 rc = 0
01-01 02:41:30.230   257   891 W QCamera2HWI: __dbg: info->orientation : 90 rc = 0
01-01 02:41:30.230   257   891 W QCamera2Factory: getCameraInfo: X
01-01 02:41:30.230   257   891 W QCamera2Factory: cameraDeviceOpen : E
01-01 02:41:30.231   257   891 I QCamera2HWI: [KPI Perf] openCamera: E
01-01 02:41:30.232   257   891 E mm-camera-intf: mm_camera_open:  begin
01-01 02:41:30.232   257   891 E mm-camera-intf: mm_camera_open: dev name = /dev/video2, cam_idx = 2
01-01 02:41:30.232   304   304 E mm-camera: main: HAL event call
01-01 02:41:30.232   304   304 E mm-camera: server_process_hal_event:__DBG__ E event id=1
01-01 02:41:30.232   304   304 E mm-camera: server_process_hal_event: new session __debug__
01-01 02:41:30.232   304   304 E mm-camera: server_process_bind_hal_ds:__DBG__ E
01-01 02:41:30.232   304   304 E mm-camera-sensor: module_sensor_start_session:1014 sensor_bundle = b670fb00 session id = 2
01-01 02:41:30.232   304   304 E mm-camera-sensor: sensor_util_find_bundle:56 sensor_util_find_bundle: 2 2
01-01 02:41:30.232   304   304 E mm-camera-sensor: 
01-01 02:41:30.232   304   304 E mm-camera-sensor: module_sensor_init_session:645 func module_sensor_init_session line 645
01-01 02:41:30.232   304   304 E mm-camera-sensor: 
01-01 02:41:30.233   304   304 E mm-camera-sensor: actuator_open:662 actuator_open: E
01-01 02:41:30.233   304   304 E mm-camera-sensor: actuator_open:687 actuator_open: X
01-01 02:41:30.234   304   304 E mm-camera-sensor: csiphy_open:89 csiphy subdev name = /dev/v4l-subdev0
01-01 02:41:30.234   304   304 E mm-camera-sensor: 
01-01 02:41:30.242   304   304 E mm-camera-sensor: csid_open:111 sd name /dev/v4l-subdev2
01-01 02:41:30.243   304   304 E mm-camera-sensor: sensor_load_library:78 imx175 : load from phone
01-01 02:41:30.245   304   304 E         : property_get: E
01-01 02:41:30.245   304   304 E         : property_get: ro.revision was called!
01-01 02:41:30.245   304   304 E         : open lib imx_open_lib hwver = 4   rev = 4 
01-01 02:41:30.245   304   304 E mm-camera-sensor: module_sensor_init_session:767 sensor position 0
01-01 02:41:30.245   304   304 E mm-camera-sensor: eeprom_set_bytestream:1284 Enter
01-01 02:41:30.245   304   304 E mm-camera-sensor: eeprom_set_bytestream:1295 Exit
01-01 02:41:30.245   304   304 E mm-camera-sensor: sensor_init:450 subdev name v4l-subdev14
01-01 02:41:30.272   254   895 E OMXNodeInstance: getParameter(fe001c:ffmpeg.aac.decoder, ??(0x6f400005)) ERROR: UnsupportedIndex(0x8000101a)
01-01 02:41:30.272   257   257 W ACodec  : component OMX.ffmpeg.aac.decoder doesn't support profile query.
01-01 02:41:30.274   257   257 I MediaPlayerService: MediaPlayerService::getOMX
01-01 02:41:30.274   257   257 I OMXClient: MuxOMX ctor
01-01 02:41:30.274   254   895 I OMXMaster: makeComponentInstance(OMX.ffmpeg.ac3.decoder) in mediacodec process
01-01 02:41:30.274   254   895 V FFmpegOMXPlugin: makeComponentInstance 'OMX.ffmpeg.ac3.decoder'
01-01 02:41:30.274   254   895 D SoftFFmpegAudio: SoftFFmpegAudio component: OMX.ffmpeg.ac3.decoder mCodingType: 2130706434
01-01 02:41:30.276   257   257 I MediaPlayerService: MediaPlayerService::getOMX
01-01 02:41:30.276   257   257 I OMXClient: MuxOMX ctor
01-01 02:41:30.276   254   365 I OMXMaster: makeComponentInstance(OMX.ffmpeg.alac.decoder) in mediacodec process
01-01 02:41:30.276   254   365 V FFmpegOMXPlugin: makeComponentInstance 'OMX.ffmpeg.alac.decoder'
01-01 02:41:30.277   254   365 D SoftFFmpegAudio: SoftFFmpegAudio component: OMX.ffmpeg.alac.decoder mCodingType: 2130706437
01-01 02:41:30.278   257   257 I MediaPlayerService: MediaPlayerService::getOMX
01-01 02:41:30.278   257   257 I OMXClient: MuxOMX ctor
01-01 02:41:30.278   254   254 I OMXMaster: makeComponentInstance(OMX.ffmpeg.ape.decoder) in mediacodec process
01-01 02:41:30.278   254   254 V FFmpegOMXPlugin: makeComponentInstance 'OMX.ffmpeg.ape.decoder'
01-01 02:41:30.279   254   254 D SoftFFmpegAudio: SoftFFmpegAudio component: OMX.ffmpeg.ape.decoder mCodingType: 2130706435
01-01 02:41:30.280   257   257 I MediaPlayerService: MediaPlayerService::getOMX
01-01 02:41:30.280   257   257 I OMXClient: MuxOMX ctor
01-01 02:41:30.280   254   895 I OMXMaster: makeComponentInstance(OMX.ffmpeg.atrial.decoder) in mediacodec process
01-01 02:41:30.280   254   895 V FFmpegOMXPlugin: makeComponentInstance 'OMX.ffmpeg.atrial.decoder'
01-01 02:41:30.280   254   895 D SoftFFmpegAudio: SoftFFmpegAudio component: OMX.ffmpeg.atrial.decoder mCodingType: 1
01-01 02:41:30.282   257   257 I MediaPlayerService: MediaPlayerService::getOMX
01-01 02:41:30.282   257   257 I OMXClient: MuxOMX ctor
01-01 02:41:30.282   254   365 I OMXMaster: makeComponentInstance(OMX.ffmpeg.dts.decoder) in mediacodec process
01-01 02:41:30.282   254   365 V FFmpegOMXPlugin: makeComponentInstance 'OMX.ffmpeg.dts.decoder'
01-01 02:41:30.283   254   365 D SoftFFmpegAudio: SoftFFmpegAudio component: OMX.ffmpeg.dts.decoder mCodingType: 2130706436
01-01 02:41:30.284   257   257 I MediaPlayerService: MediaPlayerService::getOMX
01-01 02:41:30.284   257   257 I OMXClient: MuxOMX ctor
01-01 02:41:30.284   254   254 I OMXMaster: makeComponentInstance(OMX.ffmpeg.flac.decoder) in mediacodec process
01-01 02:41:30.285   254   254 V FFmpegOMXPlugin: makeComponentInstance 'OMX.ffmpeg.flac.decoder'
01-01 02:41:30.285   254   254 D SoftFFmpegAudio: SoftFFmpegAudio component: OMX.ffmpeg.flac.decoder mCodingType: 28
01-01 02:41:30.286   257   257 I MediaPlayerService: MediaPlayerService::getOMX
01-01 02:41:30.287   257   257 I OMXClient: MuxOMX ctor
01-01 02:41:30.287   254   895 I OMXMaster: makeComponentInstance(OMX.ffmpeg.mp2.decoder) in mediacodec process
01-01 02:41:30.287   254   895 V FFmpegOMXPlugin: makeComponentInstance 'OMX.ffmpeg.mp2.decoder'
01-01 02:41:30.288   254   895 D SoftFFmpegAudio: SoftFFmpegAudio component: OMX.ffmpeg.mp2.decoder mCodingType: 2130706433
01-01 02:41:30.289   257   257 I MediaPlayerService: MediaPlayerService::getOMX
01-01 02:41:30.290   257   257 I OMXClient: MuxOMX ctor
01-01 02:41:30.290   254   365 I OMXMaster: makeComponentInstance(OMX.ffmpeg.ra.decoder) in mediacodec process
01-01 02:41:30.290   254   365 V FFmpegOMXPlugin: makeComponentInstance 'OMX.ffmpeg.ra.decoder'
01-01 02:41:30.290   254   365 D SoftFFmpegAudio: SoftFFmpegAudio component: OMX.ffmpeg.ra.decoder mCodingType: 26
01-01 02:41:30.292   257   257 I MediaPlayerService: MediaPlayerService::getOMX
01-01 02:41:30.292   257   257 I OMXClient: MuxOMX ctor
01-01 02:41:30.292   254   254 I OMXMaster: makeComponentInstance(OMX.ffmpeg.wma.decoder) in mediacodec process
01-01 02:41:30.292   254   254 V FFmpegOMXPlugin: makeComponentInstance 'OMX.ffmpeg.wma.decoder'
01-01 02:41:30.292   254   254 D SoftFFmpegAudio: SoftFFmpegAudio component: OMX.ffmpeg.wma.decoder mCodingType: 25
01-01 02:41:30.294   257   257 I MediaPlayerService: MediaPlayerService::getOMX
01-01 02:41:30.294   257   257 I OMXClient: MuxOMX ctor
01-01 02:41:30.294   254   895 I OMXMaster: makeComponentInstance(OMX.ffmpeg.divx.decoder) in mediacodec process
01-01 02:41:30.294   254   895 V FFmpegOMXPlugin: makeComponentInstance 'OMX.ffmpeg.divx.decoder'
01-01 02:41:30.294   254   895 D SoftFFmpegVideo: SoftFFmpegVideo component: OMX.ffmpeg.divx.decoder codingType=2130706435 appData: 0xb4303000
01-01 02:41:30.295   254   365 E OMXNodeInstance: getExtensionIndex(fe0026:ffmpeg.divx.decoder, OMX.google.android.index.configureVideoTunnelMode) ERROR: UnsupportedIndex(0x8000101a)
01-01 02:41:30.296   254   254 W OMXNodeInstance: [fe0026:ffmpeg.divx.decoder] component does not support metadata mode; using fallback
01-01 02:41:30.297   257   257 I MediaPlayerService: MediaPlayerService::getOMX
01-01 02:41:30.297   257   257 I OMXClient: MuxOMX ctor
01-01 02:41:30.297   254   895 I OMXMaster: makeComponentInstance(OMX.ffmpeg.flv1.decoder) in mediacodec process
01-01 02:41:30.297   254   895 V FFmpegOMXPlugin: makeComponentInstance 'OMX.ffmpeg.flv1.decoder'
01-01 02:41:30.297   254   895 D SoftFFmpegVideo: SoftFFmpegVideo component: OMX.ffmpeg.flv1.decoder codingType=2130706434 appData: 0xb4303000
01-01 02:41:30.298   254   365 E OMXNodeInstance: getExtensionIndex(fe0027:ffmpeg.flv1.decoder, OMX.google.android.index.configureVideoTunnelMode) ERROR: UnsupportedIndex(0x8000101a)
01-01 02:41:30.299   254   254 W OMXNodeInstance: [fe0027:ffmpeg.flv1.decoder] component does not support metadata mode; using fallback
01-01 02:41:30.300   257   257 I MediaPlayerService: MediaPlayerService::getOMX
01-01 02:41:30.300   257   257 I OMXClient: MuxOMX ctor
01-01 02:41:30.300   254   895 I OMXMaster: makeComponentInstance(OMX.ffmpeg.mpeg2.decoder) in mediacodec process
01-01 02:41:30.300   254   895 V FFmpegOMXPlugin: makeComponentInstance 'OMX.ffmpeg.mpeg2.decoder'
01-01 02:41:30.300   254   895 D SoftFFmpegVideo: SoftFFmpegVideo component: OMX.ffmpeg.mpeg2.decoder codingType=2 appData: 0xb4303000
01-01 02:41:30.302   254   365 E OMXNodeInstance: getExtensionIndex(fe0028:ffmpeg.mpeg2.decoder, OMX.google.android.index.configureVideoTunnelMode) ERROR: UnsupportedIndex(0x8000101a)
01-01 02:41:30.302   254   254 W OMXNodeInstance: [fe0028:ffmpeg.mpeg2.decoder] component does not support metadata mode; using fallback
01-01 02:41:30.305   257   257 I MediaPlayerService: MediaPlayerService::getOMX
01-01 02:41:30.305   257   257 I OMXClient: MuxOMX ctor
01-01 02:41:30.305   254   895 I OMXMaster: makeComponentInstance(OMX.ffmpeg.mpeg4.decoder) in mediacodec process
01-01 02:41:30.305   254   895 V FFmpegOMXPlugin: makeComponentInstance 'OMX.ffmpeg.mpeg4.decoder'
01-01 02:41:30.306   254   895 D SoftFFmpegVideo: SoftFFmpegVideo component: OMX.ffmpeg.mpeg4.decoder codingType=4 appData: 0xb4303000
01-01 02:41:30.307   254   895 E OMXNodeInstance: getExtensionIndex(fe0029:ffmpeg.mpeg4.decoder, OMX.google.android.index.configureVideoTunnelMode) ERROR: UnsupportedIndex(0x8000101a)
01-01 02:41:30.307   254   365 W OMXNodeInstance: [fe0029:ffmpeg.mpeg4.decoder] component does not support metadata mode; using fallback
01-01 02:41:30.308   257   257 I MediaPlayerService: MediaPlayerService::getOMX
01-01 02:41:30.309   257   257 I OMXClient: MuxOMX ctor
01-01 02:41:30.309   254   254 I OMXMaster: makeComponentInstance(OMX.ffmpeg.rv.decoder) in mediacodec process
01-01 02:41:30.309   254   254 V FFmpegOMXPlugin: makeComponentInstance 'OMX.ffmpeg.rv.decoder'
01-01 02:41:30.309   254   254 D SoftFFmpegVideo: SoftFFmpegVideo component: OMX.ffmpeg.rv.decoder codingType=6 appData: 0xb4303000
01-01 02:41:30.310   254   895 E OMXNodeInstance: getExtensionIndex(fe002a:ffmpeg.rv.decoder, OMX.google.android.index.configureVideoTunnelMode) ERROR: UnsupportedIndex(0x8000101a)
01-01 02:41:30.310   254   365 W OMXNodeInstance: [fe002a:ffmpeg.rv.decoder] component does not support metadata mode; using fallback
01-01 02:41:30.311   257   257 I MediaPlayerService: MediaPlayerService::getOMX
01-01 02:41:30.313   257   257 I OMXClient: MuxOMX ctor
01-01 02:41:30.313   254   254 I OMXMaster: makeComponentInstance(OMX.ffmpeg.vc1.decoder) in mediacodec process
01-01 02:41:30.313   254   254 V FFmpegOMXPlugin: makeComponentInstance 'OMX.ffmpeg.vc1.decoder'
01-01 02:41:30.313   254   254 D SoftFFmpegVideo: SoftFFmpegVideo component: OMX.ffmpeg.vc1.decoder codingType=2130706433 appData: 0xb4303000
01-01 02:41:30.314   304   304 E mm-camera-sensor: sensor_write_init_settings:418 CFG_SET_SENSOR_OTP_CAL:, 0
01-01 02:41:30.314   304   304 E mm-camera-sensor: eeprom_process:1414 EEPROM_GET_ACTUATOR_NAME: dw9804
01-01 02:41:30.314   304   304 E mm-camera-sensor: sensor_init_get_sensor_name:543 back sensor : imx175
01-01 02:41:30.314   304   304 E mm-camera-sensor: sensor_init_get_sensor_name:545 front sensor : s5k6a3yx
01-01 02:41:30.314   304   304 E mm-camera-sensor: module_sensor_load_3a_libs:436 s_bundle->eeprom_data: 0xb6736540
01-01 02:41:30.314   304   304 E mm-camera-sensor: sensor_init_get_hwinfo_name:562 back hwinfo name : B08QT
01-01 02:41:30.314   304   304 E mm-camera-sensor: sensor_init_get_hwinfo_name:564 front hwinfo name : 
01-01 02:41:30.314   304   304 E mm-camera-sensor: [mm]hwinfo_make_3a_name:1488 hw info B08QT
01-01 02:41:30.314   304   304 E mm-camera-sensor: [mm]hwinfo_make_3a_name:1502 3A Name = B08QT_libTsAe.so
01-01 02:41:30.314   304   304 E mm-camera-sensor: [mm]hwinfo_make_3a_name:1507 3a name (type : 0) B08QT_libTsAe.so
01-01 02:41:30.314   304   304 E mm-camera-sensor: module_sensor_load_3a_libs:462 aec 0x0
01-01 02:41:30.314   304   304 E mm-camera-sensor: sensor_init_get_hwinfo_name:562 back hwinfo name : B08QT
01-01 02:41:30.314   304   304 E mm-camera-sensor: sensor_init_get_hwinfo_name:564 front hwinfo name : 
01-01 02:41:30.314   304   304 E mm-camera-sensor: [mm]hwinfo_make_3a_name:1488 hw info B08QT
01-01 02:41:30.314   304   304 E mm-camera-sensor: [mm]hwinfo_make_3a_name:1502 3A Name = B08QT_libTs_J_Awb.so
01-01 02:41:30.314   304   304 E mm-camera-sensor: [mm]hwinfo_make_3a_name:1507 3a name (type : 2) B08QT_libTs_J_Awb.so
01-01 02:41:30.314   304   304 E mm-camera-sensor: module_sensor_load_3a_libs:481 FW_DBG AWB lib : load from fw : B08QT_libTs_J_Awb.so
01-01 02:41:30.314   304   304 E mm-camera-sensor: module_sensor_load_3a_libs:487 awb 0x44b74e7b
01-01 02:41:30.314   304   304 E mm-camera-sensor: sensor_init_get_hwinfo_name:562 back hwinfo name : B08QT
01-01 02:41:30.314   304   304 E mm-camera-sensor: sensor_init_get_hwinfo_name:564 front hwinfo name : 
01-01 02:41:30.314   304   304 E mm-camera-sensor: [mm]hwinfo_make_3a_name:1488 hw info B08QT
01-01 02:41:30.314   304   304 E mm-camera-sensor: [mm]hwinfo_make_3a_name:1502 3A Name = B08QT_libTs_J_Accm.so
01-01 02:41:30.314   304   304 E mm-camera-sensor: [mm]hwinfo_make_3a_name:1507 3a name (type : 3) B08QT_libTs_J_Accm.so
01-01 02:41:30.314   254   895 E OMXNodeInstance: getExtensionIndex(fe002b:ffmpeg.vc1.decoder, OMX.google.android.index.configureVideoTunnelMode) ERROR: UnsupportedIndex(0x8000101a)
01-01 02:41:30.315   254   365 W OMXNodeInstance: [fe002b:ffmpeg.vc1.decoder] component does not support metadata mode; using fallback
01-01 02:41:30.315   304   304 E mm-camera-sensor: module_sensor_load_3a_libs:506 ACCM lib : load from fw : B08QT_libTs_J_Accm.so
01-01 02:41:30.315   304   304 E mm-camera-sensor: module_sensor_load_3a_libs:512 accm 0x4a76cf29
01-01 02:41:30.315   304   304 E mm-camera-sensor: sensor_init_get_hwinfo_name:562 back hwinfo name : B08QT
01-01 02:41:30.315   304   304 E mm-camera-sensor: sensor_init_get_hwinfo_name:564 front hwinfo name : 
01-01 02:41:30.315   304   304 E mm-camera-sensor: [mm]hwinfo_make_3a_name:1488 hw info B08QT
01-01 02:41:30.315   304   304 E mm-camera-sensor: [mm]hwinfo_make_3a_name:1502 3A Name = B08QT_libTsAf.so
01-01 02:41:30.315   304   304 E mm-camera-sensor: [mm]hwinfo_make_3a_name:1507 3a name (type : 1) B08QT_libTsAf.so
01-01 02:41:30.315   304   304 E mm-camera-sensor: module_sensor_load_3a_libs:539 af 0x0
01-01 02:41:30.315   304   304 E mm-camera-sensor: module_sensor_init_session:885 rajeshb in func module_sensor_init_session line 885
01-01 02:41:30.315   304   304 E mm-camera-sensor: 
01-01 02:41:30.315   304   304 E mm-camera-sensor: module_sensor_start_session:1059 func module_sensor_start_session line 1059
01-01 02:41:30.315   304   304 E mm-camera-sensor: 
01-01 02:41:30.315   304   304 E mm-camera: stats_module_start_session: E, kur sessionid=2, module=0xb671a140
01-01 02:41:30.315   304   304 E mm-camera: aec_module_start_session E kur module 0xb671a200 sessionid=131072
01-01 02:41:30.316   304   304 E AEC_PORT: aec_port_init kur aec should be initialized
