01-01 03:21:44.761   236   236 I ThermalEngine: actions vdd_restriction
01-01 03:21:44.761   236   236 I ThermalEngine: action_info 1
01-01 03:21:44.761   236   236 I ThermalEngine: descending
01-01 03:21:44.761   236   236 I ThermalEngine: [VDD_RSTR_MONITOR-TSENS4]
01-01 03:21:44.761   236   236 I ThermalEngine: #algo_type monitor
01-01 03:21:44.761   236   236 I ThermalEngine: sampling 1000
01-01 03:21:44.761   236   236 I ThermalEngine: sensor tsens_tz_sensor4
01-01 03:21:44.761   236   236 I ThermalEngine: thresholds 5000
01-01 03:21:44.761   236   236 I ThermalEngine: thresholds_clr 10000
01-01 03:21:44.761   236   236 I ThermalEngine: actions vdd_restriction
01-01 03:21:44.761   236   236 I ThermalEngine: action_info 1
01-01 03:21:44.761   236   236 I ThermalEngine: descending
01-01 03:21:44.761   236   236 I ThermalEngine: [VDD_RSTR_MONITOR-TSENS3]
01-01 03:21:44.761   236   236 I ThermalEngine: #algo_type monitor
01-01 03:21:44.761   236   236 I ThermalEngine: sampling 1000
01-01 03:21:44.761   236   236 I ThermalEngine: sensor tsens_tz_sensor3
01-01 03:21:44.761   236   236 I ThermalEngine: thresholds 5000
01-01 03:21:44.761   236   236 I ThermalEngine: thresholds_clr 10000
01-01 03:21:44.761   236   236 I ThermalEngine: actions vdd_restriction
01-01 03:21:44.761   236   236 I ThermalEngine: action_info 1
01-01 03:21:44.761   236   236 I ThermalEngine: descending
01-01 03:21:44.761   236   236 I ThermalEngine: [VDD_RSTR_MONITOR-TSENS2]
01-01 03:21:44.761   236   236 I ThermalEngine: #algo_type monitor
01-01 03:21:44.761   236   236 I ThermalEngine: sampling 1000
01-01 03:21:44.761   236   236 I ThermalEngine: sensor tsens_tz_sensor2
01-01 03:21:44.761   236   236 I ThermalEngine: thresholds 5000
01-01 03:21:44.761   236   236 I ThermalEngine: thresholds_clr 10000
01-01 03:21:44.761   236   236 I ThermalEngine: actions vdd_restriction
01-01 03:21:44.761   236   236 I ThermalEngine: action_info 1
01-01 03:21:44.761   236   236 I ThermalEngine: descending
01-01 03:21:44.761   236   236 I ThermalEngine: [VDD_RSTR_MONITOR-TSENS1]
01-01 03:21:44.761   236   236 I ThermalEngine: #algo_type monitor
01-01 03:21:44.761   236   236 I ThermalEngine: sampling 1000
01-01 03:21:44.761   236   236 I ThermalEngine: sensor tsens_tz_sensor1
01-01 03:21:44.761   236   236 I ThermalEngine: thresholds 5000
01-01 03:21:44.761   236   236 I ThermalEngine: thresholds_clr 10000
01-01 03:21:44.761   236   236 I ThermalEngine: actions vdd_restriction
01-01 03:21:44.762   236   236 I ThermalEngine: action_info 1
01-01 03:21:44.762   236   236 I ThermalEngine: descending
01-01 03:21:44.762   236   236 I ThermalEngine: [VDD_RSTR_MONITOR-TSENS0]
01-01 03:21:44.762   236   236 I ThermalEngine: #algo_type monitor
01-01 03:21:44.762   236   236 I ThermalEngine: sampling 1000
01-01 03:21:44.762   236   236 I ThermalEngine: sensor tsens_tz_sensor0
01-01 03:21:44.762   236   236 I ThermalEngine: thresholds 5000
01-01 03:21:44.762   236   236 I ThermalEngine: thresholds_clr 10000
01-01 03:21:44.762   236   236 I ThermalEngine: actions vdd_restriction
01-01 03:21:44.762   236   236 I ThermalEngine: action_info 1
01-01 03:21:44.762   236   236 I ThermalEngine: descending
01-01 03:21:44.762   236   236 I ThermalEngine: [CPU2-3_SS]
01-01 03:21:44.762   236   236 I ThermalEngine: algo_type ss
01-01 03:21:44.762   236   236 I ThermalEngine: sampling 65
01-01 03:21:44.762   236   236 I ThermalEngine: sensor cpu2-3
01-01 03:21:44.762   236   236 I ThermalEngine: device cpu
01-01 03:21:44.762   236   312 I ThermalEngine: Sensor:tsens_tz_sensor2:45000 mC
01-01 03:21:44.762   236   236 I ThermalEngine: set_point 85000
01-01 03:21:44.762   236   236 I ThermalEngine: set_point_clr 65000
01-01 03:21:44.762   236   236 I ThermalEngine: time_constant 0
01-01 03:21:44.762   236   236 I ThermalEngine: [CPU0-1_SS]
01-01 03:21:44.762   236   312 I ThermalEngine: Sensor:tsens_tz_sensor5:45000 mC
01-01 03:21:44.762   236   293 I ThermalEngine: Sensor:tsens_tz_sensor2:45000 mC
01-01 03:21:44.762   236   236 I ThermalEngine: algo_type ss
01-01 03:21:44.762   236   236 I ThermalEngine: sampling 65
01-01 03:21:44.762   236   236 I ThermalEngine: sensor cpu0-1
01-01 03:21:44.762   236   236 I ThermalEngine: device cpu
01-01 03:21:44.762   236   236 I ThermalEngine: set_point 85000
01-01 03:21:44.762   236   236 I ThermalEngine: set_point_clr 65000
01-01 03:21:44.762   236   236 I ThermalEngine: time_constant 0
01-01 03:21:44.763   236   299 I ThermalEngine: Sensor:tsens_tz_sensor5:45000 mC
01-01 03:21:44.763   236   312 I ThermalEngine: Sensor:tsens_tz_sensor5:45000 mC
01-01 03:21:44.764   236   236 I ThermalEngine: [SS-POPMEM]
01-01 03:21:44.764   236   312 I ThermalEngine: Sensor:tsens_tz_sensor4:38000 mC
01-01 03:21:44.764   236   236 I ThermalEngine: #algo_type ss
01-01 03:21:44.764   236   236 I ThermalEngine: sampling 1000
01-01 03:21:44.764   236   236 I ThermalEngine: sensor pop_mem
01-01 03:21:44.764   236   236 I ThermalEngine: device cpu
01-01 03:21:44.764   236   236 I ThermalEngine: set_point 80000
01-01 03:21:44.764   236   236 I ThermalEngine: set_point_clr 55000
01-01 03:21:44.764   236   236 I ThermalEngine: time_constant 2
01-01 03:21:44.765   236   297 I ThermalEngine: Sensor:tsens_tz_sensor4:38000 mC
01-01 03:21:44.765   236   236 I ThermalEngine: [SS-CPU2-3]
01-01 03:21:44.765   236   236 I ThermalEngine: #algo_type ss
01-01 03:21:44.765   236   236 I ThermalEngine: sampling 250
01-01 03:21:44.765   236   236 I ThermalEngine: sensor cpu2-3
01-01 03:21:44.765   236   236 I ThermalEngine: device cpu
01-01 03:21:44.765   236   236 I ThermalEngine: set_point 90000
01-01 03:21:44.765   236   236 I ThermalEngine: set_point_clr 55000
01-01 03:21:44.765   236   236 I ThermalEngine: time_constant 0
01-01 03:21:44.765   236   312 I ThermalEngine: Sensor:tsens_tz_sensor3:36000 mC
01-01 03:21:44.765   236   236 I ThermalEngine: [SS-CPU0-1]
01-01 03:21:44.765   236   236 I ThermalEngine: #algo_type ss
01-01 03:21:44.765   236   236 I ThermalEngine: sampling 250
01-01 03:21:44.765   236   236 I ThermalEngine: sensor cpu0-1
01-01 03:21:44.765   236   236 I ThermalEngine: device cpu
01-01 03:21:44.765   236   236 I ThermalEngine: set_point 90000
01-01 03:21:44.765   236   236 I ThermalEngine: set_point_clr 55000
01-01 03:21:44.765   236   236 I ThermalEngine: time_constant 0
01-01 03:21:44.765   236   295 I ThermalEngine: Sensor:tsens_tz_sensor3:36000 mC
01-01 03:21:44.766   236   312 I ThermalEngine: Sensor:tsens_tz_sensor2:45000 mC
01-01 03:21:44.766   236   312 I ThermalEngine: Sensor:tsens_tz_sensor1:37000 mC
01-01 03:21:44.767   236   290 I ThermalEngine: Sensor:tsens_tz_sensor1:37000 mC
01-01 03:21:44.767   236   312 I ThermalEngine: Sensor:tsens_tz_sensor0:41000 mC
01-01 03:21:44.768   236   288 I ThermalEngine: Sensor:tsens_tz_sensor0:41000 mC
01-01 03:21:44.768   236   313 I ThermalEngine: Sensor:tsens_tz_sensor2:45000 mC
01-01 03:21:44.769   236   312 I ThermalEngine: vdd_restrict_qmi_request: MODEM req level(0) is recorded and waiting for completing QMI registration
01-01 03:21:44.769   236   312 I ThermalEngine: vdd_restrict_qmi_request: ADSP req level(0) is recorded and waiting for completing QMI registration
01-01 03:21:44.769   236   312 I ThermalEngine: hotplug_ktm_disable_cb: write out 0
01-01 03:21:44.770   234   234 D QSEECOMD: : Init dlopen(libssd.so, RTLD_NOW) succeeds
01-01 03:21:44.771   234   234 D QSEECOMD: : Init::Init dlsym(g_FSHandle ssd_init_service) succeeds
01-01 03:21:44.771   234   234 E SSD     : ssd_init_service succeeded!
01-01 03:21:44.771   234   234 D QSEECOMD: : Init ssd_init_service ret = 0
01-01 03:21:44.771   234   234 D QSEECOMD: : SSD system services: init (Listener ID = 12288)
01-01 03:21:44.771   234   234 E QSEECOMD: : Listener: index = 2, hierarchy = 0
01-01 03:21:44.780   262   262 I cm      : | (_)_ __   ___  __ _  __ _  ___  ___  ___  
01-01 03:21:44.781   236   313 I ThermalEngine: Sensor:tsens_tz_sensor5:45000 mC
01-01 03:21:44.782   236   313 I ThermalEngine: Sensor:tsens_tz_sensor3:36000 mC
01-01 03:21:44.782   236   313 I ThermalEngine: Sensor:tsens_tz_sensor2:45000 mC
01-01 03:21:44.782   236   313 I ThermalEngine: Sensor:tsens_tz_sensor5:45000 mC
01-01 03:21:44.784   251   251 I         : installd firing up
01-01 03:21:44.790   323   323 I ueventd : type=1400 audit(0.0:19): avc: denied { search } for name="/" dev="mmcblk0p2" ino=1 scontext=u:r:ueventd:s0 tcontext=u:object_r:vfat:s0 tclass=dir permissive=1
01-01 03:21:44.790   323   323 I ueventd : type=1400 audit(0.0:19): avc: denied { read } for name="mba.b00" dev="mmcblk0p2" ino=22 scontext=u:r:ueventd:s0 tcontext=u:object_r:vfat:s0 tclass=file permissive=1
01-01 03:21:44.790   323   323 I ueventd : type=1400 audit(0.0:19): avc: denied { open } for name="mba.b00" dev="mmcblk0p2" ino=22 scontext=u:r:ueventd:s0 tcontext=u:object_r:vfat:s0 tclass=file permissive=1
01-01 03:21:44.790   323   323 W ueventd : type=1300 audit(0.0:19): arch=40000028 syscall=322 per=800008 success=yes exit=8 a0=ffffff9c a1=b6e35d58 a2=a0000 a3=0 items=1 ppid=160 auid=4294967295 uid=0 gid=0 euid=0 suid=0 fsuid=0 egid=0 sgid=0 fsgid=0 tty=(none) ses=4294967295 exe="/init" subj=u:r:ueventd:s0 key=(null)
01-01 03:21:44.790   224   224 W auditd  : type=1307 audit(0.0:19): cwd="/"
01-01 03:21:44.790   224   224 W auditd  : type=1302 audit(0.0:19): item=0 name="/etc/firmware/mba.b00" inode=22 dev=b3:02 mode=0100440 ouid=1000 ogid=1026 rdev=00:00 obj=u:object_r:vfat:s0
01-01 03:21:44.790   224   224 W auditd  : type=1320 audit(0.0:19): 
01-01 03:21:44.790   323   323 I ueventd : type=1400 audit(0.0:20): avc: denied { getattr } for path="/firmware-modem/image/mba.b00" dev="mmcblk0p2" ino=22 scontext=u:r:ueventd:s0 tcontext=u:object_r:vfat:s0 tclass=file permissive=1
01-01 03:21:44.790   323   323 W ueventd : type=1300 audit(0.0:20): arch=40000028 syscall=197 per=800008 success=yes exit=0 a0=8 a1=bef3dd18 a2=1 a3=200 items=0 ppid=160 auid=4294967295 uid=0 gid=0 euid=0 suid=0 fsuid=0 egid=0 sgid=0 fsgid=0 tty=(none) ses=4294967295 exe="/init" subj=u:r:ueventd:s0 key=(null)
01-01 03:21:44.790   224   224 W auditd  : type=1320 audit(0.0:20): 
01-01 03:21:44.790   245   245 D adsprpc : vendor/qcom/proprietary/adsprpc/src/adsprpcd.c:21::info: calling: 0 == adsp_default_listener_register()
01-01 03:21:44.798   245   245 D adsprpc : vendor/qcom/proprietary/adsprpc/src/adsprpcd.c:21::info: passed: 0 == adsp_default_listener_register()
01-01 03:21:44.798   234   234 E QSEECOMD: : Init dlopen(libsecureui.so, RLTD_NOW) is failed....
01-01 03:21:44.798   234   234 D QSEECOMD: : SEC_UI_INIT failed, shall not start secure ui listener
01-01 03:21:44.799   234   234 D QSEECOMD: : Parent qseecom daemon process paused!! 
01-01 03:21:44.801   245   322 E adsprpc : vendor/qcom/proprietary/adsprpc/src/listener_android.c:107:listener using ion heap: -1
01-01 03:21:44.803   245   322 E adsprpc : vendor/qcom/proprietary/adsprpc/src/apps_std_imp.c:33:apps_std fopen failed: ./voiceproc_tx.so No such file or directory
01-01 03:21:44.804   245   322 E adsprpc : vendor/qcom/proprietary/adsprpc/src/apps_std_imp.c:33:apps_std fopen failed: /system/lib/rfsa/adsp/./voiceproc_tx.so No such file or directory
01-01 03:21:44.812   324   324 D QSEECOMD: : qseecom listener service threads starting!!! 
01-01 03:21:44.812   324   324 D QSEECOMD: : Total listener services to start = 5
01-01 03:21:44.812   324   324 E QSEECOMD: : Listener: index = 0, hierarchy = 1
01-01 03:21:44.813   324   324 D QSEECOMD: : Init dlopen(librpmb.so, RTLD_NOW) succeeds
01-01 03:21:44.813   324   324 D QSEECOMD: : Init::Init dlsym(g_FSHandle rpmb_start) succeeds
01-01 03:21:44.813   324   324 D QSEECOMAPI: : QSEECom_register_listener 8192 sb_length = 0x5000
01-01 03:21:44.815   324   324 D QSEECOMD: : Init rpmb_start ret = 0
01-01 03:21:44.815   324   324 D QSEECOMD: : RPMB system services: Started (Listener ID = 8192)
01-01 03:21:44.815   324   324 E QSEECOMD: : Listener: index = 1, hierarchy = 1
01-01 03:21:44.815   324   324 D QSEECOMD: : Init dlopen(libssd.so, RTLD_NOW) succeeds
01-01 03:21:44.815   324   324 D QSEECOMD: : Init::Init dlsym(g_FSHandle ssd_start) succeeds
01-01 03:21:44.815   324   324 D QSEECOMAPI: : QSEECom_register_listener 12288 sb_length = 0x5000
01-01 03:21:44.840   239   239 I SurfaceFlinger: SurfaceFlinger is starting
01-01 03:21:44.840   324   324 D QSEECOMD: : Init ssd_start ret = 0
01-01 03:21:44.840   324   324 D QSEECOMD: : SSD system services: Started (Listener ID = 12288)
01-01 03:21:44.840   324   324 E QSEECOMD: : Listener: index = 3, hierarchy = 1
01-01 03:21:44.841   239   239 I SurfaceFlinger: SurfaceFlinger's main thread ready to run. Initializing graphics H/W...
01-01 03:21:44.841   239   239 E cutils-trace: Error opening trace file: No such file or directory (2)
01-01 03:21:44.850   245   322 E adsprpc : vendor/qcom/proprietary/adsprpc/src/apps_std_imp.c:33:apps_std fopen failed: /system/vendor/lib/rfsa/adsp/./voiceproc_tx.so No such file or directory
01-01 03:21:44.850   245   322 E adsprpc : vendor/qcom/proprietary/adsprpc/src/../inc/mod_table_imp.h:346::error: 2: 0 == (nErr = invoke_func_ptr(sc, pra))
01-01 03:21:44.851   245   322 E adsprpc : vendor/qcom/proprietary/adsprpc/src/apps_std_imp.c:33:apps_std fopen failed: ./voiceproc_rx.so No such file or directory
01-01 03:21:44.851   245   322 E adsprpc : vendor/qcom/proprietary/adsprpc/src/apps_std_imp.c:33:apps_std fopen failed: /system/lib/rfsa/adsp/./voiceproc_rx.so No such file or directory
01-01 03:21:44.851   245   322 E adsprpc : vendor/qcom/proprietary/adsprpc/src/apps_std_imp.c:33:apps_std fopen failed: /system/vendor/lib/rfsa/adsp/./voiceproc_rx.so No such file or directory
01-01 03:21:44.851   245   322 E adsprpc : vendor/qcom/proprietary/adsprpc/src/../inc/mod_table_imp.h:346::error: 2: 0 == (nErr = invoke_func_ptr(sc, pra))
01-01 03:21:44.852   306   306 E wcnss_service: source file do not exist /system/etc/wifi/WCNSS_qcom_cfg.ini
01-01 03:21:44.855   324   324 D QSEECOMD: : Init dlopen(libdrmtime.so, RTLD_NOW) succeeds
01-01 03:21:44.855   324   324 D QSEECOMD: : Init::Init dlsym(g_FSHandle atime_start) succeeds
01-01 03:21:44.855   324   324 D QSEECOMAPI: : QSEECom_register_listener 11 sb_length = 0x5000
01-01 03:21:44.857   324   324 D QSEECOMD: : Init atime_start ret = 0
01-01 03:21:44.857   324   324 D QSEECOMD: : time services: Started (Listener ID = 11)
01-01 03:21:44.857   324   324 E QSEECOMD: : Listener: index = 4, hierarchy = 1
01-01 03:21:44.857   324   324 D QSEECOMD: : Init dlopen(libdrmfs.so, RTLD_NOW) succeeds
01-01 03:21:44.857   324   324 D QSEECOMD: : Init::Init dlsym(g_FSHandle fs_start) succeeds
01-01 03:21:44.857   324   324 D QSEECOMAPI: : QSEECom_register_listener 10 sb_length = 0x5000
01-01 03:21:44.858   324   324 D QSEECOMD: : Init fs_start ret = 0
01-01 03:21:44.858   324   324 D QSEECOMD: : file system services: Started (Listener ID = 10)
01-01 03:21:44.860   252   252 I keystore: type=1400 audit(0.0:21): avc: denied { search } for name="/" dev="mmcblk0p1" ino=1 scontext=u:r:keystore:s0 tcontext=u:object_r:vfat:s0 tclass=dir permissive=1
01-01 03:21:44.860   252   252 I keystore: type=1400 audit(0.0:21): avc: denied { read } for name="keymaste.mdt" dev="mmcblk0p1" ino=23 scontext=u:r:keystore:s0 tcontext=u:object_r:vfat:s0 tclass=file permissive=1
01-01 03:21:44.860   252   252 I keystore: type=1400 audit(0.0:21): avc: denied { open } for name="keymaste.mdt" dev="mmcblk0p1" ino=23 scontext=u:r:keystore:s0 tcontext=u:object_r:vfat:s0 tclass=file permissive=1
01-01 03:21:44.860   252   252 W keystore: type=1300 audit(0.0:21): arch=40000028 syscall=322 per=800008 success=yes exit=6 a0=ffffff9c a1=bed33714 a2=20000 a3=0 items=1 ppid=1 auid=4294967295 uid=1017 gid=1017 euid=1017 suid=1017 fsuid=1017 egid=1017 sgid=1017 fsgid=1017 tty=(none) ses=4294967295 exe="/system/bin/keystore" subj=u:r:keystore:s0 key=(null)
01-01 03:21:44.860   224   224 W auditd  : type=1307 audit(0.0:21): cwd="/data/misc/keystore"
01-01 03:21:44.860   224   224 W auditd  : type=1302 audit(0.0:21): item=0 name="/vendor/firmware/keymaster/keymaster.mdt" inode=23 dev=b3:01 mode=0100444 ouid=1000 ogid=1026 rdev=00:00 obj=u:object_r:vfat:s0
01-01 03:21:44.860   224   224 W auditd  : type=1320 audit(0.0:21): 
01-01 03:21:44.860   252   252 I keystore: type=1400 audit(0.0:22): avc: denied { getattr } for path="/firmware/image/keymaste.mdt" dev="mmcblk0p1" ino=23 scontext=u:r:keystore:s0 tcontext=u:object_r:vfat:s0 tclass=file permissive=1
01-01 03:21:44.860   252   252 W keystore: type=1300 audit(0.0:22): arch=40000028 syscall=197 per=800008 success=yes exit=0 a0=6 a1=bed335c0 a2=bed33644 a3=fc items=0 ppid=1 auid=4294967295 uid=1017 gid=1017 euid=1017 suid=1017 fsuid=1017 egid=1017 sgid=1017 fsgid=1017 tty=(none) ses=4294967295 exe="/system/bin/keystore" subj=u:r:keystore:s0 key=(null)
01-01 03:21:44.860   224   224 W auditd  : type=1320 audit(0.0:22): 
01-01 03:21:44.860   324   324 D QSEECOMD: : QSEECOM DAEMON RUNNING 
01-01 03:21:44.861   321   321 I cm      : | | | '_ \ / _ \/ _` |/ _` |/ _ \/ _ \/ __| 
01-01 03:21:44.867   306   306 E wcnss_service: WLAN MAC Addr:6c:2f:2c:b2:90:f1
01-01 03:21:44.867   306   306 E wcnss_service: Serial Number is  5118c8a8
01-01 03:21:44.867   306   306 I wcnss_service: WLAN MAC Addr:6c:2f:2c:b2:90:f1
01-01 03:21:44.867   306   306 E wcnss_service: CAL file not found
01-01 03:21:44.869   252   252 I keystore: Found keymaster0 module Keymaster QCOM HAL, version 3
01-01 03:21:44.869   252   252 I SoftKeymaster: system/keymaster/soft_keymaster_device.cpp, Line 131: Creating device
01-01 03:21:44.869   252   252 D SoftKeymaster: system/keymaster/soft_keymaster_device.cpp, Line 132: Device address: 0xb680d000
01-01 03:21:44.869   252   252 D QCOMKeyMaster: keymaster app is loaded
01-01 03:21:44.869   252   252 D QCOMKeyMaster: keymaster app got loaded at attempt number 0
01-01 03:21:44.869   252   252 D QSEECOMAPI: : QSEECom_get_handle sb_length = 0x2000
01-01 03:21:44.870   252   252 D QSEECOMAPI: : App is not loaded in QSEE
01-01 03:21:44.870   306   306 I wcnss_service: wcnss_read_and_store_cal_data trying to read cal
01-01 03:21:44.874   320   320 I perfprofd: starting Android Wide Profiling daemon
01-01 03:21:44.874   320   320 E perfprofd: unable to open configuration file /data/data/com.google.android.gms/files/perfprofd.conf
01-01 03:21:44.874   320   320 I perfprofd: random seed set to 1855198434
01-01 03:21:44.880   305   305 D QC-time-services: File exist: /data/time/time_log.1
01-01 03:21:44.880   305   305 D QC-time-services: File size : /data/time/time_log.1, 3147
01-01 03:21:44.880   305   305 D QC-time-services: picked File to save : /data/time/time_log.1
01-01 03:21:44.882   305   305 D QC-time-services: picked File to removed : /data/time/time_log.2
01-01 03:21:44.938   305   305 D QC-time-services: Daemon:genoff_pre_init::Base = 0
01-01 03:21:44.938   305   305 D QC-time-services: Daemon:ats_rtc_init: Time read from RTC -- year = 70, month = 0,day = 1
01-01 03:21:44.938   305   305 D QC-time-services: Daemon:Value read from RTC seconds = 8504000
01-01 03:21:44.938   305   305 D QC-time-services: Daemon:genoff_init_config: ATS_RTC initialized
01-01 03:21:44.938   305   305 D QC-time-services: Daemon:genoff_pre_init::Base = 1
01-01 03:21:44.938   305   305 D QC-time-services: Daemon: Storage Name: ats_1 
01-01 03:21:44.938   305   305 D QC-time-services: Daemon:Opening File: /data/time/ats_1
01-01 03:21:44.938   305   305 D QC-time-services: Daemon:time_persistent_memory_opr:Genoff Read operation 
01-01 03:21:44.939   305   305 D QC-time-services: Daemon:genoff_pre_init::Base = 2
01-01 03:21:44.939   305   305 D QC-time-services: Daemon: Storage Name: ats_2 
01-01 03:21:44.939   305   305 D QC-time-services: Daemon:Opening File: /data/time/ats_2
01-01 03:21:44.939   305   305 D QC-time-services: Daemon:time_persistent_memory_opr:Genoff Read operation 
01-01 03:21:44.940   305   305 D QC-time-services: Daemon:Unable to open filefor read
01-01 03:21:44.940   305   305 D QC-time-services: Daemon:genoff_post_init:Error in accessing storage
01-01 03:21:44.940   305   305 D QC-time-services: Daemon:genoff_pre_init::Base = 3
01-01 03:21:44.940   305   305 D QC-time-services: Daemon: Storage Name: ats_3 
01-01 03:21:44.940   305   305 D QC-time-services: Daemon:Opening File: /data/time/ats_3
01-01 03:21:44.940   305   305 D QC-time-services: Daemon:time_persistent_memory_opr:Genoff Read operation 
01-01 03:21:44.940   305   305 D QC-time-services: Daemon:Unable to open filefor read
01-01 03:21:44.940   305   305 D QC-time-services: Daemon:genoff_post_init:Error in accessing storage
01-01 03:21:44.940   305   305 D QC-time-services: Daemon:genoff_pre_init::Base = 4
01-01 03:21:44.940   305   305 D QC-time-services: Daemon: Storage Name: ats_4 
01-01 03:21:44.940   305   305 D QC-time-services: Daemon:Opening File: /data/time/ats_4
01-01 03:21:44.940   305   305 D QC-time-services: Daemon:time_persistent_memory_opr:Genoff Read operation 
01-01 03:21:44.940   305   305 D QC-time-services: Daemon:Unable to open filefor read
01-01 03:21:44.940   305   305 D QC-time-services: Daemon:genoff_post_init:Error in accessing storage
01-01 03:21:44.940   305   305 D QC-time-services: Daemon:genoff_pre_init::Base = 5
01-01 03:21:44.940   305   305 D QC-time-services: Daemon: Storage Name: ats_5 
01-01 03:21:44.940   305   305 D QC-time-services: Daemon:Opening File: /data/time/ats_5
01-01 03:21:44.940   305   305 D QC-time-services: Daemon:time_persistent_memory_opr:Genoff Read operation 
01-01 03:21:44.940   305   305 D QC-time-services: Daemon:Unable to open filefor read
01-01 03:21:44.940   305   305 D QC-time-services: Daemon:genoff_post_init:Error in accessing storage
01-01 03:21:44.940   305   305 D QC-time-services: Daemon:genoff_pre_init::Base = 6
01-01 03:21:44.940   305   305 D QC-time-services: Daemon: Storage Name: ats_6 
01-01 03:21:44.940   305   305 D QC-time-services: Daemon:Opening File: /data/time/ats_6
01-01 03:21:44.940   305   305 D QC-time-services: Daemon:time_persistent_memory_opr:Genoff Read operation 
01-01 03:21:44.940   305   305 D QC-time-services: Daemon:Unable to open filefor read
01-01 03:21:44.940   305   305 D QC-time-services: Daemon:genoff_post_init:Error in accessing storage
01-01 03:21:44.940   305   305 D QC-time-services: Daemon:genoff_pre_init::Base = 7
01-01 03:21:44.940   305   305 D QC-time-services: Daemon: Storage Name: ats_7 
01-01 03:21:44.940   305   305 D QC-time-services: Daemon:Opening File: /data/time/ats_7
01-01 03:21:44.940   305   305 D QC-time-services: Daemon:time_persistent_memory_opr:Genoff Read operation 
01-01 03:21:44.940   305   305 D QC-time-services: Daemon:Unable to open filefor read
01-01 03:21:44.940   305   305 D QC-time-services: Daemon:genoff_post_init:Error in accessing storage
01-01 03:21:44.940   305   305 D QC-time-services: Daemon:genoff_pre_init::Base = 8
01-01 03:21:44.940   305   305 D QC-time-services: Daemon: Storage Name: ats_8 
01-01 03:21:44.940   305   305 D QC-time-services: Daemon:Opening File: /data/time/ats_8
01-01 03:21:44.940   239   239 D libEGL  : loaded /vendor/lib/egl/libEGL_adreno.so
01-01 03:21:44.940   305   305 D QC-time-services: Daemon:time_persistent_memory_opr:Genoff Read operation 
01-01 03:21:44.940   305   305 D QC-time-services: Daemon:Unable to open filefor read
01-01 03:21:44.940   305   305 D QC-time-services: Daemon:genoff_post_init:Error in accessing storage
01-01 03:21:44.941   305   305 D QC-time-services: Daemon:genoff_pre_init::Base = 9
01-01 03:21:44.941   305   305 D QC-time-services: Daemon: Storage Name: ats_9 
01-01 03:21:44.941   305   305 D QC-time-services: Daemon:Opening File: /data/time/ats_9
01-01 03:21:44.941   305   305 D QC-time-services: Daemon:time_persistent_memory_opr:Genoff Read operation 
01-01 03:21:44.941   305   305 D QC-time-services: Daemon:Unable to open filefor read
01-01 03:21:44.941   305   305 D QC-time-services: Daemon:genoff_post_init:Error in accessing storage
01-01 03:21:44.941   305   305 D QC-time-services: Daemon:genoff_pre_init::Base = 10
01-01 03:21:44.941   305   305 D QC-time-services: Daemon: Storage Name: ats_10 
01-01 03:21:44.941   305   305 D QC-time-services: Daemon:Opening File: /data/time/ats_10
01-01 03:21:44.941   305   305 D QC-time-services: Daemon:time_persistent_memory_opr:Genoff Read operation 
01-01 03:21:44.941   305   305 D QC-time-services: Daemon:Unable to open filefor read
01-01 03:21:44.941   305   305 D QC-time-services: Daemon:genoff_post_init:Error in accessing storage
01-01 03:21:44.941   305   305 D QC-time-services: Daemon:genoff_pre_init::Base = 11
01-01 03:21:44.941   305   305 D QC-time-services: Daemon: Storage Name: ats_11 
01-01 03:21:44.941   305   305 D QC-time-services: Daemon:Opening File: /data/time/ats_11
01-01 03:21:44.941   305   305 D QC-time-services: Daemon:time_persistent_memory_opr:Genoff Read operation 
01-01 03:21:44.941   305   305 D QC-time-services: Daemon:Unable to open filefor read
01-01 03:21:44.941   305   305 D QC-time-services: Daemon:genoff_post_init:Error in accessing storage
01-01 03:21:44.941   305   305 D QC-time-services: Daemon:genoff_pre_init::Base = 12
01-01 03:21:44.941   305   305 D QC-time-services: Daemon: Storage Name: ats_12 
01-01 03:21:44.941   305   305 D QC-time-services: Daemon:Opening File: /data/time/ats_12
01-01 03:21:44.941   305   305 D QC-time-services: Daemon:time_persistent_memory_opr:Genoff Read operation 
01-01 03:21:44.941   305   305 D QC-time-services: Daemon:Unable to open filefor read
01-01 03:21:44.941   305   305 D QC-time-services: Daemon:genoff_post_init:Error in accessing storage
01-01 03:21:44.941   305   305 D QC-time-services: Daemon:genoff_pre_init::Base = 13
01-01 03:21:44.941   305   305 D QC-time-services: Daemon: Storage Name: ats_13 
01-01 03:21:44.941   305   305 D QC-time-services: Daemon:Opening File: /data/time/ats_13
01-01 03:21:44.941   305   305 D QC-time-services: Daemon:time_persistent_memory_opr:Genoff Read operation 
01-01 03:21:44.941   305   305 D QC-time-services: Daemon:Unable to open filefor read
01-01 03:21:44.941   305   305 D QC-time-services: Daemon:genoff_post_init:Error in accessing storage
01-01 03:21:44.941   305   305 D QC-time-services: Daemon:genoff_pre_init::Base = 14
01-01 03:21:44.941   305   305 D QC-time-services: Daemon: Storage Name: ats_14 
01-01 03:21:44.941   305   305 D QC-time-services: Daemon:Opening File: /data/time/ats_14
01-01 03:21:44.941   305   305 D QC-time-services: Daemon:time_persistent_memory_opr:Genoff Read operation 
01-01 03:21:44.941   305   305 D QC-time-services: Daemon:Unable to open filefor read
01-01 03:21:44.941   305   305 D QC-time-services: Daemon:genoff_post_init:Error in accessing storage
01-01 03:21:44.941   305   305 D QC-time-services: Daemon:genoff_init_config: Other bases initilized, exiting genoff_init
01-01 03:21:44.942   305   305 D QC-time-services: Daemon:genoff_opr: Base = 1, val = 13185556817334572776, operation = 1
01-01 03:21:44.942   305   305 D QC-time-services: Daemon: genoff get for 1
01-01 03:21:44.942   305   305 D QC-time-services: Daemon:rtc_get: Time read from RTC -- MM/DD/YY HH:MM:SS0/1/70 2:21:44
01-01 03:21:44.942   305   305 D QC-time-services: Daemon:Value read from RTC seconds = 8504000
01-01 03:21:44.942   305   305 D QC-time-services: Daemon:Value read from RTC seconds = 8504000
01-01 03:21:44.942   305   305 D QC-time-services: Daemon:Value read from generif offset = 1388531975000
01-01 03:21:44.942   305   305 D QC-time-services: Daemon:Final Time = 1388540479000
01-01 03:21:44.947   239   239 D libEGL  : loaded /vendor/lib/egl/libGLESv1_CM_adreno.so
01-01 03:21:44.948   332   332 I cm      : | | | | | |  __/ (_| | (_| |  __/ (_) \__ \ 
01-01 03:21:44.948   305   305 D QC-time-services: Daemon:genoff_boot_tod_init: Setting system time to sec =1388540479, nsec =0
01-01 02:41:19.780   224   224 W auditd  : type=1307 audit(0.0:23): cwd="/"
01-01 02:41:19.860   224   224 W auditd  : type=1325 audit(0.0:26): table=filter family=2 entries=4
01-01 02:41:19.860   388   388 W iptables: type=1300 audit(0.0:26): arch=40000028 syscall=294 per=800008 success=yes exit=0 a0=4 a1=0 a2=40 a3=b6b83a00 items=0 ppid=258 auid=4294967295 uid=0 gid=0 euid=0 suid=0 fsuid=0 egid=0 sgid=0 fsgid=0 tty=(none) ses=4294967295 exe="/system/bin/iptables" subj=u:r:netd:s0 key=(null)
01-01 02:41:19.860   224   224 W auditd  : type=1320 audit(0.0:26): 
01-01 02:41:19.940   224   224 W auditd  : type=1325 audit(0.0:27): table=filter family=10 entries=4
01-01 02:41:19.940   396   396 W ip6tables: type=1300 audit(0.0:27): arch=40000028 syscall=294 per=800008 success=yes exit=0 a0=4 a1=29 a2=40 a3=b6ca5000 items=0 ppid=258 auid=4294967295 uid=0 gid=0 euid=0 suid=0 fsuid=0 egid=0 sgid=0 fsgid=0 tty=(none) ses=4294967295 exe="/system/bin/ip6tables" subj=u:r:netd:s0 key=(null)
01-01 02:41:19.940   224   224 W auditd  : type=1320 audit(0.0:27): 
01-01 02:41:19.960   304   304 I mm-qcamera-daem: type=1400 audit(0.0:28): avc: denied { execmod } for path="/system/vendor/lib/libmmcamera_faceproc.so" dev="mmcblk0p23" ino=2201 scontext=u:r:mm-qcamerad:s0 tcontext=u:object_r:system_file:s0 tclass=file permissive=1
01-01 02:41:19.960   304   304 W mm-qcamera-daem: type=1300 audit(0.0:28): arch=40000028 syscall=125 per=800008 success=yes exit=0 a0=b6472000 a1=10c000 a2=5 a3=0 items=0 ppid=1 auid=4294967295 uid=1006 gid=1006 euid=1006 suid=1006 fsuid=1006 egid=1006 sgid=1006 fsgid=1006 tty=(none) ses=4294967295 exe="/system/bin/mm-qcamera-daemon" subj=u:r:mm-qcamerad:s0 key=(null)
01-01 02:41:19.960   224   224 W auditd  : type=1320 audit(0.0:28): 
01-01 02:41:19.709   259   259 E Diag_Lib:  Diag_LSM_Init: Failed to open handle to diag driver, error = 13
01-01 02:41:19.759   373   373 I sysinit : Running /system/etc/init.d/90userinit 
01-01 02:41:19.774   256   256 V MediaUtils: physMem: 1426980864
01-01 02:41:19.774   256   256 V MediaUtils: requested limit: 285396160
01-01 02:41:19.774   256   256 V MediaUtils: actual limit: 285396160
01-01 02:41:19.774   256   256 V MediaUtils: original limits: 4294967295/4294967295
01-01 02:41:19.782   256   256 V MediaUtils: new limits: 285396160/4294967295
01-01 02:41:19.782   256   256 W /system/bin/mediaextractor: libminijail: not loading seccomp filter, seccomp not supported
01-01 02:41:19.815   249   249 I         : sMaxFastTracks = 8
01-01 02:41:19.823   249   249 I audioserver: ServiceManager: 0xb6190720
01-01 02:41:19.823   249   249 W BatteryNotifier: batterystats service unavailable!
01-01 02:41:19.823   249   249 I AudioFlinger: Using default 3000 mSec as standby time.
01-01 02:41:19.825   249   249 I AudioPolicyService: AudioPolicyService CSTOR in new mode
01-01 02:41:19.829   249   249 W APM::Devices: DeviceVector::add device 80000040 already in
01-01 02:41:19.829   249   249 I APM::ConfigParsingUtils: loadAudioPolicyConfig() loaded /system/etc/audio_policy.conf
01-01 02:41:19.837   239   239 D SurfaceFlinger: SF. shader cache generated - 26 shaders in 339.306152 ms
01-01 02:41:19.840   239   239 D SurfaceFlinger: Set power mode=2, type=0 flinger=0xb68a8000
01-01 02:41:19.840   239   239 D qdhwcomposer: hwc_setPowerMode: Setting mode 2 on display: 0
01-01 02:41:19.840   239   239 D qdhwcomposer: hwc_setPowerMode: Done setting mode 2 on display 0
01-01 02:41:19.840   239   361 I qdhwcomposer: handle_blank_event: dpy:0 panel power state: 1
01-01 02:41:19.842   249   249 D audio_hw_primary: adev_open: enter
01-01 02:41:19.860   239   239 D qdutils : DEBUG_CALC_FPS: 0
01-01 02:41:19.860   239   239 D qdutils : period: 10
01-01 02:41:19.860   239   239 D qdutils : ignorethresh_us: 500000
01-01 02:41:19.866   249   249 D msm8974_platform: platform_init: snd_card_name: msm8226-tapan-snd-card
01-01 02:41:19.872   255   255 I mediaserver: ServiceManager: 0xb5e10780
01-01 02:41:19.925   257   257 I mediaserver: ServiceManager: 0xb5d10780
01-01 02:41:19.925   257   257 W BatteryNotifier: batterystats service unavailable!
01-01 02:41:19.928   257   257 I CameraService: CameraService started (pid=257)
01-01 02:41:19.928   257   257 I CameraService: CameraService process starting
01-01 02:41:19.928   257   257 W BatteryNotifier: batterystats service unavailable!
01-01 02:41:19.928   257   257 W BatteryNotifier: batterystats service unavailable!
01-01 02:41:19.931   257   257 E cutils-trace: Error opening trace file: No such file or directory (2)
01-01 02:41:19.944   304   304 E mm-camera: cpp_module_init:90: info: CPP module_init successful
01-01 02:41:19.944   304   304 E mm-camera: c2d_module_init:28 name=c2d
01-01 02:41:19.944   304   304 E mm-camera: c2d_port_create:17: Enter: name=c2d-src, dir=1
01-01 02:41:19.945   304   304 E mm-camera: c2d_port_create:17: Enter: name=c2d-src, dir=1
01-01 02:41:19.945   304   304 E mm-camera: c2d_port_create:17: Enter: name=c2d-sink, dir=2
01-01 02:41:19.945   304   304 E mm-camera: c2d_port_create:17: Enter: name=c2d-sink, dir=2
01-01 02:41:19.945   304   304 E mm-camera: c2d_module_init:61: info: C2D module_init successful
01-01 02:41:19.945   304   304 E mm-camera-img: img_core_get_comp:37] role 0 name qcom.wavelet
01-01 02:41:19.945   304   304 E mm-camera-img: img_core_get_comp:42] comp_index[0] role 0 name qcom.wavelet
01-01 02:41:19.945   304   304 E mm-camera-img: img_core_get_comp:47] find component role 0 name qcom.wavelet
01-01 02:41:19.949   304   304 E mm-camera-img: wd_comp_load:1516] WD library loaded successfully dsp 0
01-01 02:41:19.949   304   304 E mm-camera: gjia after wd_comp load rc= 0] 
01-01 02:41:19.949   304   304 E mm-camera-img: img_core_get_comp:37] role 2 name qcom.faceproc
01-01 02:41:19.949   304   304 E mm-camera-img: img_core_get_comp:42] comp_index[0] role 0 name qcom.wavelet
01-01 02:41:19.949   304   304 E mm-camera-img: img_core_get_comp:42] comp_index[1] role 1 name qcom.hdr
01-01 02:41:19.949   304   304 E mm-camera-img: img_core_get_comp:42] comp_index[2] role 2 name qcom.faceproc
01-01 02:41:19.949   304   304 E mm-camera-img: img_core_get_comp:47] find component role 2 name qcom.faceproc
01-01 02:41:19.963   304   304 W linker  : /system/vendor/lib/libmmcamera_faceproc.so has text relocations. This is wasting memory and prevents security hardening. Please fix.
01-01 02:41:19.992   249   249 E audio_route: Control 'SLIM RX6 MUX' doesn't exist - skipping
01-01 02:41:19.992   249   249 E audio_route: Control 'SLIM RX7 MUX' doesn't exist - skipping
01-01 02:41:19.992   249   249 E audio_route: Control 'RX7 MIX1 INP2' doesn't exist - skipping
01-01 02:41:19.992   249   249 E audio_route: Control 'RX7 MIX1 INP1' doesn't exist - skipping
01-01 02:41:19.992   249   249 E audio_route: Control 'RX6 MIX1 INP2' doesn't exist - skipping
01-01 02:41:19.992   249   249 E audio_route: Control 'RX6 MIX1 INP1' doesn't exist - skipping
01-01 02:41:19.992   249   249 E audio_route: Control 'RX5 MIX1 INP2' doesn't exist - skipping
01-01 02:41:19.992   249   249 E audio_route: Control 'RX5 MIX1 INP1' doesn't exist - skipping
01-01 02:41:19.993   249   249 E audio_route: Control 'RX3 MIX1 INP2' doesn't exist - skipping
01-01 02:41:19.993   249   249 E audio_route: Control 'RX2 MIX1 INP2' doesn't exist - skipping
01-01 02:41:19.993   249   249 E audio_route: Control 'SPK_SRC Mux' doesn't exist - skipping
01-01 02:41:19.993   249   249 E audio_route: Control 'AIN Gain' doesn't exist - skipping
01-01 02:41:19.993   249   249 E audio_route: Control 'SLIM TX10 MUX' doesn't exist - skipping
01-01 02:41:19.993   249   249 E audio_route: Control 'SLIM TX9 MUX' doesn't exist - skipping
01-01 02:41:19.993   249   249 E audio_route: Control 'SLIM TX8 MUX' doesn't exist - skipping
01-01 02:41:19.994   249   249 E audio_route: Control 'SLIM TX7 MUX' doesn't exist - skipping
01-01 02:41:19.994   249   249 E audio_route: Control 'SLIM TX6 MUX' doesn't exist - skipping
01-01 02:41:19.994   249   249 E audio_route: Control 'DEC10 MUX' doesn't exist - skipping
01-01 02:41:19.994   249   249 E audio_route: Control 'DEC9 MUX' doesn't exist - skipping
01-01 02:41:19.994   249   249 E audio_route: Control 'DEC8 MUX' doesn't exist - skipping
01-01 02:41:19.994   249   249 E audio_route: Control 'DEC7 MUX' doesn't exist - skipping
01-01 02:41:19.994   249   249 E audio_route: Control 'DEC6 MUX' doesn't exist - skipping
01-01 02:41:19.994   249   249 E audio_route: Control 'DEC5 MUX' doesn't exist - skipping
01-01 02:41:19.994   249   249 E audio_route: unknown enum value string BTSCO_RATE_8KHZ for ctl Internal BTSCO SampleRate
01-01 02:41:20.000   224   224 W auditd  : type=1325 audit(0.0:29): table=filter family=2 entries=6
01-01 02:41:20.000   397   397 W iptables: type=1300 audit(0.0:29): arch=40000028 syscall=294 per=800008 success=yes exit=0 a0=4 a1=0 a2=40 a3=b6c83a00 items=0 ppid=258 auid=4294967295 uid=0 gid=0 euid=0 suid=0 fsuid=0 egid=0 sgid=0 fsgid=0 tty=(none) ses=4294967295 exe="/system/bin/iptables" subj=u:r:netd:s0 key=(null)
01-01 02:41:20.000   224   224 W auditd  : type=1320 audit(0.0:29): 
01-01 02:41:20.030   224   224 W auditd  : type=1325 audit(0.0:30): table=filter family=10 entries=6
01-01 02:41:20.030   401   401 W ip6tables: type=1300 audit(0.0:30): arch=40000028 syscall=294 per=800008 success=yes exit=0 a0=4 a1=29 a2=40 a3=b6ca1000 items=0 ppid=258 auid=4294967295 uid=0 gid=0 euid=0 suid=0 fsuid=0 egid=0 sgid=0 fsgid=0 tty=(none) ses=4294967295 exe="/system/bin/ip6tables" subj=u:r:netd:s0 key=(null)
01-01 02:41:20.030   224   224 W auditd  : type=1320 audit(0.0:30): 
01-01 02:41:19.994   249   249 E audio_route: Control 'INTERNAL_BT_SCO_RX Audio Mixer Multimedia6' doesn't exist - skipping
01-01 02:41:19.995   249   249 E audio_route: Control 'SLIMBUS_0_RX Port Mixer AUX_PCM_TX' doesn't exist - skipping
01-01 02:41:19.995   249   249 E audio_route: unknown enum value string BTSCO_RATE_16KHZ for ctl Internal BTSCO SampleRate
01-01 02:41:19.996   249   249 E audio_route: unknown enum value string BTSCO_RATE_16KHZ for ctl Internal BTSCO SampleRate
01-01 02:41:19.996   249   249 E audio_route: unknown enum value string BTSCO_RATE_16KHZ for ctl Internal BTSCO SampleRate
01-01 02:41:19.996   249   249 E audio_route: unknown enum value string BTSCO_RATE_16KHZ for ctl Internal BTSCO SampleRate
01-01 02:41:19.996   249   249 E audio_route: unknown enum value string BTSCO_RATE_16KHZ for ctl Internal BTSCO SampleRate
01-01 02:41:19.997   249   249 E audio_route: unknown enum value string BTSCO_RATE_16KHZ for ctl Internal BTSCO SampleRate
01-01 02:41:19.997   249   249 E audio_route: unknown enum value string BTSCO_RATE_16KHZ for ctl Internal BTSCO SampleRate
01-01 02:41:19.997   249   249 E audio_route: unknown enum value string BTSCO_RATE_16KHZ for ctl Internal BTSCO SampleRate
01-01 02:41:19.997   249   249 E audio_route: unknown enum value string BTSCO_RATE_16KHZ for ctl Internal BTSCO SampleRate
01-01 02:41:19.997   249   249 E audio_route: Control 'SLIMBUS_0_RX Port Mixer INTERNAL_BT_SCO_TX' doesn't exist - skipping
01-01 02:41:19.997   249   249 E audio_route: unknown enum value string BTSCO_RATE_16KHZ for ctl Internal BTSCO SampleRate
01-01 02:41:19.999   249   249 E audio_route: Control 'RX5 MIX1 INP1' doesn't exist - skipping
01-01 02:41:20.001   249   249 E audio_route: Control 'AIF1_CAP Mixer SLIM TX7' doesn't exist - skipping
01-01 02:41:20.001   249   249 E audio_route: Control 'SLIM TX7 MUX' doesn't exist - skipping
01-01 02:41:20.001   249   249 E audio_route: Control 'DEC8 MUX' doesn't exist - skipping
01-01 02:41:20.001   249   249 E audio_route: Control 'DEC7 MUX' doesn't exist - skipping
01-01 02:41:20.001   249   249 E audio_route: unknown enum value string DEC8 for ctl IIR1 INP1 MUX
01-01 02:41:20.001   249   249 E audio_route: Control 'IIR2 INP1 MUX' doesn't exist - skipping
01-01 02:41:20.002   249   249 E audio_route: Control 'RX2 MIX1 INP2' doesn't exist - skipping
01-01 02:41:20.002   249   249 E audio_route: Control 'RX7 MIX2 INP1' doesn't exist - skipping
01-01 02:41:20.002   249   249 E audio_route: Control 'RX7 MIX2 INP2' doesn't exist - skipping
01-01 02:41:20.003   249   249 E audio_route: Control 'SLIM RX1 MUX' already exists in path 'speaker-and-dock'
01-01 02:41:20.003   249   249 E audio_route: Control 'RX5 Digital Volume' doesn't exist - skipping
01-01 02:41:20.003   249   249 E audio_route: Control 'DEC8 Volume' doesn't exist - skipping
01-01 02:41:20.003   249   249 E audio_route: Control 'DEC7 Volume' doesn't exist - skipping
01-01 02:41:20.003   249   249 E audio_route: Control 'ADC6 Volume' doesn't exist - skipping
01-01 02:41:20.003   249   249 E audio_route: Control 'IIR2 INP1 Volume' doesn't exist - skipping
01-01 02:41:20.004   249   249 E audio_route: Control 'AIF1_CAP Mixer SLIM TX1' already exists in path 'rec-stereo-mic'
01-01 02:41:20.004   249   249 E audio_route: Control 'DEC6 Volume' doesn't exist - skipping
01-01 02:41:20.004   249   249 E audio_route: Control 'Main Mic Delay' doesn't exist - skipping
01-01 02:41:20.004   249   249 E audio_route: Control 'AIF1_CAP Mixer SLIM TX1' already exists in path 'rec-high-gain-stereo-mic'
01-01 02:41:20.004   249   249 E audio_route: Control 'DEC6 Volume' doesn't exist - skipping
01-01 02:41:20.005   249   249 E audio_route: Control 'DEC6 Volume' doesn't exist - skipping
01-01 02:41:20.005   249   249 E audio_route: Control 'DEC6 Volume' doesn't exist - skipping
01-01 02:41:20.005   249   249 E audio_route: Control 'AIF1_CAP Mixer SLIM TX1' already exists in path 'bargein1-NS-mic'
01-01 02:41:20.005   249   249 E audio_route: Control 'TX5 HPF cut off' doesn't exist - skipping
01-01 02:41:20.005   249   249 E audio_route: Control 'DEC6 Volume' doesn't exist - skipping
01-01 02:41:20.006   249   249 E audio_route: Control 'DEC6 Volume' doesn't exist - skipping
01-01 02:41:20.006   249   249 E audio_route: Control 'AIF1_CAP Mixer SLIM TX1' already exists in path 'bargein2-NS-mic'
01-01 02:41:20.006   249   249 E audio_route: Control 'TX5 HPF cut off' doesn't exist - skipping
01-01 02:41:20.006   249   249 E audio_route: unknown enum value string POS_3_DB for ctl EAR PA Gain
01-01 02:41:20.013   249   249 E audio_route: Control 'AIF1_CAP Mixer SLIM TX1' already exists in path 'voice-call-NS-mic-handset'
01-01 02:41:20.013   249   249 E audio_route: Control 'DEC6 Volume' doesn't exist - skipping
01-01 02:41:20.014   249   249 E audio_route: Control 'TX5 HPF cut off' doesn't exist - skipping
01-01 02:41:20.015   249   249 E audio_route: Control 'AIF1_CAP Mixer SLIM TX1' already exists in path 'voice-call-NS-mic-speaker'
01-01 02:41:20.016   249   249 E audio_route: unknown enum value string POS_3_DB for ctl EAR PA Gain
01-01 02:41:20.019   249   249 E audio_route: Control 'DEC6 Volume' doesn't exist - skipping
01-01 02:41:20.020   249   249 E audio_route: Control 'AIF1_CAP Mixer SLIM TX1' already exists in path 'video-call-NS-mic-handset'
01-01 02:41:20.021   249   249 E audio_route: Control 'DEC6 Volume' doesn't exist - skipping
01-01 02:41:20.021   249   249 E audio_route: Control 'TX5 HPF cut off' doesn't exist - skipping
01-01 02:41:20.021   249   249 E audio_route: Control 'AIF1_CAP Mixer SLIM TX1' already exists in path 'video-call-NS-mic-speaker'
01-01 02:41:20.023   249   249 E audio_route: unknown enum value string POS_3_DB for ctl EAR PA Gain
01-01 02:41:20.023   249   249 E audio_route: unknown enum value string POS_3_DB for ctl EAR PA Gain
01-01 02:41:20.027   249   249 E audio_route: Control 'DEC6 Volume' doesn't exist - skipping
01-01 02:41:20.029   249   249 E audio_route: Control 'DEC6 Volume' doesn't exist - skipping
01-01 02:41:20.029   249   249 E audio_route: Control 'DEC5 Volume' doesn't exist - skipping
01-01 02:41:20.029   249   249 E audio_route: Control 'AIF1_CAP Mixer SLIM TX1' already exists in path 'VoLTE-voice-NS-mic-handset'
01-01 02:41:20.029   249   249 E audio_route: Control 'DEC6 Volume' doesn't exist - skipping
01-01 02:41:20.030   249   249 E audio_route: Control 'TX5 HPF cut off' doesn't exist - skipping
01-01 02:41:20.030   249   249 E audio_route: Control 'AIF1_CAP Mixer SLIM TX1' already exists in path 'VoLTE-voice-NS-mic-speaker'
01-01 02:41:20.031   249   249 E audio_route: unknown enum value string POS_3_DB for ctl EAR PA Gain
01-01 02:41:20.031   249   249 E audio_route: unknown enum value string POS_3_DB for ctl EAR PA Gain
01-01 02:41:20.041   249   249 E audio_route: Control 'DEC6 Volume' doesn't exist - skipping
01-01 02:41:20.042   249   249 E audio_route: Control 'DEC6 Volume' doesn't exist - skipping
01-01 02:41:20.042   249   249 E audio_route: Control 'DEC5 Volume' doesn't exist - skipping
01-01 02:41:20.042   249   249 E audio_route: Control 'AIF1_CAP Mixer SLIM TX1' already exists in path 'VoLTE-video-NS-mic-handset'
01-01 02:41:20.042   249   249 E audio_route: Control 'DEC6 Volume' doesn't exist - skipping
01-01 02:41:20.042   249   249 E audio_route: Control 'TX5 HPF cut off' doesn't exist - skipping
01-01 02:41:20.042   249   249 E audio_route: Control 'AIF1_CAP Mixer SLIM TX1' already exists in path 'VoLTE-video-NS-mic-speaker'
01-01 02:41:20.042   249   249 E audio_route: unknown enum value string POS_3_DB for ctl EAR PA Gain
01-01 02:41:20.043   249   249 E audio_route: unknown enum value string POS_3_DB for ctl EAR PA Gain
01-01 02:41:20.044   249   249 E audio_route: Control 'TX5 HPF cut off' doesn't exist - skipping
01-01 02:41:20.044   249   249 E audio_route: Control 'DEC6 Volume' doesn't exist - skipping
01-01 02:41:20.045   249   249 E audio_route: Control 'DEC5 Volume' doesn't exist - skipping
01-01 02:41:20.045   249   249 E audio_route: Control 'TX5 HPF cut off' doesn't exist - skipping
01-01 02:41:20.045   249   249 E audio_route: Control 'DEC6 Volume' doesn't exist - skipping
01-01 02:41:20.045   249   249 E audio_route: Control 'TX5 HPF cut off' doesn't exist - skipping
01-01 02:41:20.045   249   249 E audio_route: Control 'DEC6 Volume' doesn't exist - skipping
01-01 02:41:20.045   249   249 E audio_route: Control 'DEC5 Volume' doesn't exist - skipping
01-01 02:41:20.046   249   249 E audio_route: Control 'DEC6 Volume' doesn't exist - skipping
01-01 02:41:20.046   249   249 E audio_route: unknown enum value string POS_3_DB for ctl EAR PA Gain
01-01 02:41:20.047   249   249 E audio_route: Control 'DEC6 Volume' doesn't exist - skipping
01-01 02:41:20.047   249   249 E audio_route: Control 'DEC6 Volume' doesn't exist - skipping
01-01 02:41:20.048   249   249 D msm8974_platform: platform_init: Opened sound card:0
01-01 02:41:20.057   249   249 D ACDB-LOADER: ACDB -> ACDB_CMD_INITIALIZE_V2
01-01 02:41:20.081   249   249 D ACDB-LOADER: ACDB -> ACPH INIT
01-01 02:41:20.081   249   249 D         : [ACPH]->Online service registered with ACPH
01-01 02:41:20.083   249   249 D         : [ACPH]->ACPH init success
01-01 02:41:20.083   249   249 D ACDB-LOADER: ACDB -> RTAC INIT
01-01 02:41:20.083   249   249 D         : [ACPH]->DSP RTC service registered with ACPH
01-01 02:41:20.083   249   249 D ACDB-LOADER: ACDB -> ADIE RTAC INIT
01-01 02:41:20.083   249   249 D         : [ACPH]->ADIE RTC service registered with ACPH
01-01 02:41:20.083   249   249 D ACDB-LOADER: No existing ION info in ACDB driver
01-01 02:41:20.083   249   249 D ACDB-LOADER: ACDB -> ION_IOC_ALLOC
01-01 02:41:20.083   249   249 D ACDB-LOADER: ACDB -> ION_IOC_SHARE
01-01 02:41:20.083   249   249 D ACDB-LOADER: ACDB -> MMAP ADDR
01-01 02:41:20.083   249   249 D ACDB-LOADER: ACDB -> register MEM to ACDB driver: 0xb6d18000
01-01 02:41:20.083   249   249 D ACDB-LOADER: ACDB -> send_asm_topology
01-01 02:41:20.083   249   249 D ACDB-LOADER: ACDB -> ACDB_CMD_GET_AUDPROC_STREAM_TOPOLOGY_ID
01-01 02:41:20.084   249   249 D ACDB-LOADER: ACDB -> send_adm_custom_topology
01-01 02:41:20.084   249   249 D ACDB-LOADER: ACDB -> ACDB_CMD_GET_AUDIO_COPP_TOPOLOGIES
01-01 02:41:20.084   249   249 D ACDB-LOADER: ACDB -> AUDIO_SET_ADM_CUSTOM_TOPOLOGY
01-01 02:41:20.084   249   249 D ACDB-LOADER: ACDB -> send_asm_custom_topology
01-01 02:41:20.084   249   249 D ACDB-LOADER: ACDB -> ACDB_CMD_GET_AUDIO_POPP_TOPOLOGIES
01-01 02:41:20.084   249   249 D         : ACDBFILE_MGR: Property for the pid 00012E48 not found
01-01 02:41:20.084   249   249 D         : ACDB_COMMAND: Failed to fetch the property info for pid 00012E48 
01-01 02:41:20.084   249   249 E ACDB-LOADER: Error: ACDB get asm topologies returned = -18
01-01 02:41:20.084   249   249 D ACDB-LOADER: ACDB -> AUDIO_SET_ASM_CUSTOM_TOPOLOGY
01-01 02:41:20.084   249   249 D ACDB-LOADER: send mbhc data
01-01 02:41:20.091   249   249 D ACDB-LOADER: ACDB -> ACDB_CMD_GET_ANC_SETTING
01-01 02:41:20.091   249   249 D ACDB-LOADER: ACDB -> ACDB_CMD_GET_ANC_SETTING
01-01 02:41:20.091   249   249 D ACDB-LOADER: ACDB -> ACDB_CMD_GET_ANC_SETTING
01-01 02:41:20.092   249   249 D ACDB-LOADER: ACDB -> ACDB_CMD_GET_ANC_SETTING
01-01 02:41:20.092   249   249 D ACDB-LOADER: ACDB -> ACDB_CMD_GET_ANC_SETTING
01-01 02:41:20.092   249   249 D ACDB-LOADER: ACDB -> ACDB_CMD_GET_ANC_SETTING
01-01 02:41:20.092   249   249 D ACDB-LOADER: ACDB -> ACDB_CMD_GET_ANC_SETTING
01-01 02:41:20.092   249   249 D ACDB-LOADER: ACDB -> init done!
01-01 02:41:20.093   249   249 E msm8974_platform: find_index: Could not find index for name = SND_DEVICE_IN_VOICE_REC_HEADSET_MIC
01-01 02:41:20.093   249   249 E platform_info: process_device_name: Device SND_DEVICE_IN_VOICE_REC_HEADSET_MIC in /system/etc/audio_platform_info.xml not found, no alias set!
01-01 02:41:20.097   249   249 E audio_hw_primary: Amplifier initialization failed
01-01 02:41:20.097   249   249 D audio_hw_primary: select_devices: out_snd_device(2: speaker) in_snd_device(0: )
01-01 02:41:20.098   249   249 W msm8974_platform: Codec backend bitwidth 16, samplerate 48000
01-01 02:41:20.098   249   249 D hardware_info: hw_info_append_hw_type : device_name = speaker
