01-01 02:41:30.818   257  1094 D NuPlayerDriver: notifyResetComplete(0xb5d20ae0)
01-01 02:41:30.819   257   739 D NuPlayerDriver: reset(0xb5d20c00) at state 4
01-01 02:41:30.819   257   739 D NuPlayerDriver: notifyListener_l(0xb5d20c00), (8, 0, 0), loop setting(0, 0)
01-01 02:41:30.819   257  1097 W AMessage: failed to post message as target looper for handler 0 is gone.
01-01 02:41:30.819   257  1097 D NuPlayerDriver: notifyResetComplete(0xb5d20c00)
01-01 02:41:30.820   257   739 D NuPlayerDriver: reset(0xb5d20cc0) at state 4
01-01 02:41:30.820   257   739 D NuPlayerDriver: notifyListener_l(0xb5d20cc0), (8, 0, 0), loop setting(0, 0)
01-01 02:41:30.821   257  1101 W AMessage: failed to post message as target looper for handler 0 is gone.
01-01 02:41:30.821   257  1101 D NuPlayerDriver: notifyResetComplete(0xb5d20cc0)
01-01 02:41:30.822   257  1011 W QCamera2Factory: getCameraInfo: E, camera_id = 0
01-01 02:41:30.822   257  1011 W QCamera2HWI: __dbg: info->orientation : 270 rc = 0
01-01 02:41:30.823   257  1011 W QCamera2HWI: __dbg: info->orientation : 90 rc = 0
01-01 02:41:30.823   257  1011 W QCamera2Factory: getCameraInfo: X
01-01 02:41:30.824   257   942 W QCamera2Factory: getCameraInfo: E, camera_id = 0
01-01 02:41:30.824   257   942 W QCamera2HWI: __dbg: info->orientation : 270 rc = 0
01-01 02:41:30.824   257   942 W QCamera2HWI: __dbg: info->orientation : 90 rc = 0
01-01 02:41:30.824   257   942 W QCamera2Factory: getCameraInfo: X
01-01 02:41:30.870   662   680 I ActivityManager: Start proc 1123:org.cyanogenmod.weather.provider/u0a32 for content provider org.cyanogenmod.weather.provider/.WeatherContentProvider
01-01 02:41:31.803   249   418 D audio_hw_primary: adev_set_parameters: enter: A2dpSuspended=false
01-01 02:41:32.265   662   710 D IpManager.wlan0: interfaceAdded(wlan0)
01-01 02:41:32.271   258   729 D SoftapController: Softap fwReload - Ok
01-01 02:41:32.272   662   783 E NetdConnector: NDC Command {6 softap fwreload wlan0 STA} took too long (3237ms)
01-01 02:41:32.273   662   662 E NetdConnector: NDC Command {7 firewall enable blacklist} took too long (3125ms)
01-01 02:41:32.274   662   842 W art     : Long monitor contention with owner main (662) at void java.lang.Object.wait!(long, int)(Object.java:-2) waiters=0 in void com.android.server.NetworkManagementService.setUidCleartextNetworkPolicy(int, int) for 1.374s
01-01 02:41:32.276   258   729 D CommandListener: Setting iface cfg
01-01 02:41:32.276   258   729 D CommandListener: Trying to bring down wlan0
01-01 02:41:32.277   258   729 D CommandListener: Clearing all IP addresses on wlan0
01-01 02:41:32.283   662   662 W ConnectivityExtension: ConnectivityExt jar file not present
01-01 02:41:32.283   662   783 D wifi    : set interface wlan0 flags (UP)
01-01 02:41:32.284  1123  1123 W System  : ClassLoader referenced unknown path: /system/priv-app/WeatherProvider/lib/arm
01-01 02:41:32.284   662   783 I WifiHAL : Initializing wifi
01-01 02:41:32.293   662   778 W ConnectivityExtension: ConnectivityExt jar file not present
01-01 02:41:32.293   662   783 E WifiHAL : wifi_error acquire_supported_features(wifi_interface_handle, feature_set *): requestResponse Error:-95
01-01 02:41:32.293   662   783 I WifiHAL : Failed to get supported feature set : -95
01-01 02:41:32.293   662   783 E WifiHAL : get_firmware_bus_max_size_supported: requestResponse Error:-95
01-01 02:41:32.293   662   783 E WifiHAL : Failed to get supported bus size, error : -95
01-01 02:41:32.294   662   783 D wifi    : Did set static halHandle = 0xa7cf8c00
01-01 02:41:32.294   662   783 D wifi    : halHandle = 0xa7cf8c00, mVM = 0xb4376000, mCls = 0x200c06
01-01 02:41:32.294   662   783 D wifi    : array field set
01-01 02:41:32.302   662  1143 I WifiNative-HAL: Waiting for HAL events mWifiHalHandle=-1479570432
01-01 02:41:32.302   662  1143 D wifi    : waitForHalEvents called, vm = 0xb4376000, obj = 0x200c06, env = 0xb2dd7110
01-01 02:41:32.302   662   783 D WifiMonitor: startMonitoring(wlan0) with mConnected = false
01-01 02:41:32.319   224   224 W auditd  : type=1325 audit(0.0:147): table=filter family=2 entries=96
01-01 02:41:32.319  1142  1142 W iptables: type=1300 audit(0.0:147): arch=40000028 syscall=294 per=800008 success=yes exit=0 a0=4 a1=0 a2=40 a3=b6c3c600 items=0 ppid=258 auid=4294967295 uid=0 gid=0 euid=0 suid=0 fsuid=0 egid=0 sgid=0 fsgid=0 tty=(none) ses=4294967295 exe="/system/bin/iptables" subj=u:r:netd:s0 key=(null)
01-01 02:41:32.319   224   224 W auditd  : type=1320 audit(0.0:147): 
01-01 02:41:32.339   224   224 W auditd  : type=1325 audit(0.0:148): table=filter family=10 entries=107
01-01 02:41:32.339  1147  1147 W ip6tables: type=1300 audit(0.0:148): arch=40000028 syscall=294 per=800008 success=yes exit=0 a0=4 a1=29 a2=40 a3=b6c35600 items=0 ppid=258 auid=4294967295 uid=0 gid=0 euid=0 suid=0 fsuid=0 egid=0 sgid=0 fsgid=0 tty=(none) ses=4294967295 exe="/system/bin/ip6tables" subj=u:r:netd:s0 key=(null)
01-01 02:41:32.339   224   224 W auditd  : type=1320 audit(0.0:148): 
01-01 02:41:32.369   224   224 W auditd  : type=1325 audit(0.0:149): table=filter family=2 entries=97
01-01 02:41:32.369  1148  1148 W iptables: type=1300 audit(0.0:149): arch=40000028 syscall=294 per=800008 success=yes exit=0 a0=4 a1=0 a2=40 a3=b6c3c600 items=0 ppid=258 auid=4294967295 uid=0 gid=0 euid=0 suid=0 fsuid=0 egid=0 sgid=0 fsgid=0 tty=(none) ses=4294967295 exe="/system/bin/iptables" subj=u:r:netd:s0 key=(null)
01-01 02:41:32.369   224   224 W auditd  : type=1320 audit(0.0:149): 
01-01 02:41:32.386   824  1150 E ActivityThread: Failed to find provider info for com.android.contacts
01-01 02:41:32.395   824   824 I StatusBar: isKeyguardShowing() called before startKeyguard(), returning true
01-01 02:41:32.396   824   824 W StatusBar: isKeyguardSecure() called before startKeyguard(), returning false
01-01 02:41:32.396   824   824 W StatusBar: java.lang.Throwable
01-01 02:41:32.396   824   824 W StatusBar: 	at com.android.systemui.statusbar.BaseStatusBar.isKeyguardSecure(BaseStatusBar.java:2694)
01-01 02:41:32.396   824   824 W StatusBar: 	at com.android.systemui.statusbar.BaseStatusBar.isCameraAllowedByAdmin(BaseStatusBar.java:2717)
01-01 02:41:32.396   824   824 W StatusBar: 	at com.android.systemui.statusbar.phone.KeyguardBottomAreaView.updateCameraVisibility(KeyguardBottomAreaView.java:384)
01-01 02:41:32.396   824   824 W StatusBar: 	at com.android.systemui.statusbar.phone.KeyguardBottomAreaView.setUserSetupComplete(KeyguardBottomAreaView.java:334)
01-01 02:41:32.396   824   824 W StatusBar: 	at com.android.systemui.statusbar.phone.PhoneStatusBar$2.onChange(PhoneStatusBar.java:557)
01-01 02:41:32.396   824   824 W StatusBar: 	at com.android.systemui.statusbar.phone.PhoneStatusBar.resetUserSetupObserver(PhoneStatusBar.java:4033)
01-01 02:41:32.396   824   824 W StatusBar: 	at com.android.systemui.statusbar.phone.PhoneStatusBar.makeStatusBarView(PhoneStatusBar.java:1171)
01-01 02:41:32.396   824   824 W StatusBar: 	at com.android.systemui.statusbar.phone.PhoneStatusBar.addStatusBarWindow(PhoneStatusBar.java:3770)
01-01 02:41:32.396   824   824 W StatusBar: 	at com.android.systemui.statusbar.phone.PhoneStatusBar.createAndAddWindows(PhoneStatusBar.java:3766)
01-01 02:41:32.396   824   824 W StatusBar: 	at com.android.systemui.statusbar.BaseStatusBar.start(BaseStatusBar.java:774)
01-01 02:41:32.396   824   824 W StatusBar: 	at com.android.systemui.statusbar.phone.PhoneStatusBar.start(PhoneStatusBar.java:806)
01-01 02:41:32.396   824   824 W StatusBar: 	at com.android.systemui.statusbar.SystemBars.createStatusBarFromConfig(SystemBars.java:106)
01-01 02:41:32.396   824   824 W StatusBar: 	at com.android.systemui.statusbar.SystemBars.onNoService(SystemBars.java:58)
01-01 02:41:32.396   824   824 W StatusBar: 	at com.android.systemui.statusbar.ServiceMonitor.startService(ServiceMonitor.java:230)
01-01 02:41:32.396   824   824 W StatusBar: 	at com.android.systemui.statusbar.ServiceMonitor.-wrap5(ServiceMonitor.java)
01-01 02:41:32.396   824   824 W StatusBar: 	at com.android.systemui.statusbar.ServiceMonitor$1.handleMessage(ServiceMonitor.java:73)
01-01 02:41:32.396   824   824 W StatusBar: 	at android.os.Handler.dispatchMessage(Handler.java:102)
01-01 02:41:32.396   824   824 W StatusBar: 	at android.os.Looper.loop(Looper.java:154)
01-01 02:41:32.396   824   824 W StatusBar: 	at android.app.ActivityThread.main(ActivityThread.java:6186)
01-01 02:41:32.396   824   824 W StatusBar: 	at java.lang.reflect.Method.invoke(Native Method)
01-01 02:41:32.396   824   824 W StatusBar: 	at com.android.internal.os.ZygoteInit$MethodAndArgsCaller.run(ZygoteInit.java:889)
01-01 02:41:32.396   824   824 W StatusBar: 	at com.android.internal.os.ZygoteInit.main(ZygoteInit.java:779)
01-01 02:41:32.397   824   824 I StatusBar: isKeyguardShowing() called before startKeyguard(), returning true
01-01 02:41:32.398   824   824 W StatusBar: isKeyguardSecure() called before startKeyguard(), returning false
01-01 02:41:32.398   824   824 W StatusBar: java.lang.Throwable
01-01 02:41:32.398   824   824 W StatusBar: 	at com.android.systemui.statusbar.BaseStatusBar.isKeyguardSecure(BaseStatusBar.java:2694)
01-01 02:41:32.398   824   824 W StatusBar: 	at com.android.systemui.statusbar.BaseStatusBar.isCameraAllowedByAdmin(BaseStatusBar.java:2717)
01-01 02:41:32.398   824   824 W StatusBar: 	at com.android.systemui.statusbar.phone.KeyguardBottomAreaView.updateCameraVisibility(KeyguardBottomAreaView.java:384)
01-01 02:41:32.398   824   824 W StatusBar: 	at com.android.systemui.statusbar.phone.KeyguardBottomAreaView.updateRightAffordanceIcon(KeyguardBottomAreaView.java:264)
01-01 02:41:32.398   824   824 W StatusBar: 	at com.android.systemui.statusbar.phone.KeyguardBottomAreaView.setUserSetupComplete(KeyguardBottomAreaView.java:335)
01-01 02:41:32.398   824   824 W StatusBar: 	at com.android.systemui.statusbar.phone.PhoneStatusBar$2.onChange(PhoneStatusBar.java:557)
01-01 02:41:32.398   824   824 W StatusBar: 	at com.android.systemui.statusbar.phone.PhoneStatusBar.resetUserSetupObserver(PhoneStatusBar.java:4033)
01-01 02:41:32.398   824   824 W StatusBar: 	at com.android.systemui.statusbar.phone.PhoneStatusBar.makeStatusBarView(PhoneStatusBar.java:1171)
01-01 02:41:32.398   824   824 W StatusBar: 	at com.android.systemui.statusbar.phone.PhoneStatusBar.addStatusBarWindow(PhoneStatusBar.java:3770)
01-01 02:41:32.398   824   824 W StatusBar: 	at com.android.systemui.statusbar.phone.PhoneStatusBar.createAndAddWindows(PhoneStatusBar.java:3766)
01-01 02:41:32.398   824   824 W StatusBar: 	at com.android.systemui.statusbar.BaseStatusBar.start(BaseStatusBar.java:774)
01-01 02:41:32.398   824   824 W StatusBar: 	at com.android.systemui.statusbar.phone.PhoneStatusBar.start(PhoneStatusBar.java:806)
01-01 02:41:32.398   824   824 W StatusBar: 	at com.android.systemui.statusbar.SystemBars.createStatusBarFromConfig(SystemBars.java:106)
01-01 02:41:32.398   824   824 W StatusBar: 	at com.android.systemui.statusbar.SystemBars.onNoService(SystemBars.java:58)
01-01 02:41:32.398   824   824 W StatusBar: 	at com.android.systemui.statusbar.ServiceMonitor.startService(ServiceMonitor.java:230)
01-01 02:41:32.398   824   824 W StatusBar: 	at com.android.systemui.statusbar.ServiceMonitor.-wrap5(ServiceMonitor.java)
01-01 02:41:32.398   824   824 W StatusBar: 	at com.android.systemui.statusbar.ServiceMonitor$1.handleMessage(ServiceMonitor.java:73)
01-01 02:41:32.398   824   824 W StatusBar: 	at android.os.Handler.dispatchMessage(Handler.java:102)
01-01 02:41:32.398   824   824 W StatusBar: 	at android.os.Looper.loop(Looper.java:154)
01-01 02:41:32.398   824   824 W StatusBar: 	at android.app.ActivityThread.main(ActivityThread.java:6186)
01-01 02:41:32.398   824   824 W StatusBar: 	at java.lang.reflect.Method.invoke(Native Method)
01-01 02:41:32.398   824   824 W StatusBar: 	at com.android.internal.os.ZygoteInit$MethodAndArgsCaller.run(ZygoteInit.java:889)
01-01 02:41:32.398   824   824 W StatusBar: 	at com.android.internal.os.ZygoteInit.main(ZygoteInit.java:779)
01-01 02:41:32.389   224   224 W auditd  : type=1325 audit(0.0:150): table=filter family=10 entries=108
01-01 02:41:32.389  1149  1149 W ip6tables: type=1300 audit(0.0:150): arch=40000028 syscall=294 per=800008 success=yes exit=0 a0=4 a1=29 a2=40 a3=b6bb59c0 items=0 ppid=258 auid=4294967295 uid=0 gid=0 euid=0 suid=0 fsuid=0 egid=0 sgid=0 fsgid=0 tty=(none) ses=4294967295 exe="/system/bin/ip6tables" subj=u:r:netd:s0 key=(null)
01-01 02:41:32.389   224   224 W auditd  : type=1320 audit(0.0:150): 
01-01 02:41:32.402   824   956 D OpenGLRenderer: profile bars disabled
01-01 02:41:32.402   824   956 D OpenGLRenderer: ambientRatio = 1.50
01-01 02:41:32.403  1144  1144 I wpa_supplicant: Successfully initialized wpa_supplicant
01-01 02:41:32.409  1144  1144 I wpa_supplicant: rfkill: Cannot open RFKILL control device
01-01 02:41:32.418   824   824 D PhoneStatusBar: disable: < EXPAND* icons alerts system_info BACK* HOME* RECENT* clock SEARCH* quick_settings >
01-01 02:41:32.421   662   662 D NetworkPolicy: setRestrictBackgroundUL(): false
01-01 02:41:32.422   662   662 W NetworkManagement: setDataSaverMode(): already false
01-01 02:41:32.449   224   224 W auditd  : type=1325 audit(0.0:151): table=filter family=2 entries=98
01-01 02:41:32.449  1151  1151 W iptables-restor: type=1300 audit(0.0:151): arch=40000028 syscall=294 per=800008 success=yes exit=0 a0=4 a1=0 a2=40 a3=b6bba9c0 items=0 ppid=258 auid=4294967295 uid=0 gid=0 euid=0 suid=0 fsuid=0 egid=0 sgid=0 fsgid=0 tty=(none) ses=4294967295 exe="/system/bin/iptables" subj=u:r:netd:s0 key=(null)
01-01 02:41:32.449   224   224 W auditd  : type=1320 audit(0.0:151): 
01-01 02:41:32.464  1144  1144 I wpa_supplicant: rfkill: Cannot open RFKILL control device
01-01 02:41:32.469   224   224 W auditd  : type=1325 audit(0.0:152): table=filter family=10 entries=109
01-01 02:41:32.469  1153  1153 W ip6tables-resto: type=1300 audit(0.0:152): arch=40000028 syscall=294 per=800008 success=yes exit=0 a0=4 a1=29 a2=40 a3=b6bba9c0 items=0 ppid=258 auid=4294967295 uid=0 gid=0 euid=0 suid=0 fsuid=0 egid=0 sgid=0 fsgid=0 tty=(none) ses=4294967295 exe="/system/bin/ip6tables" subj=u:r:netd:s0 key=(null)
01-01 02:41:32.469   224   224 W auditd  : type=1320 audit(0.0:152): 
01-01 02:41:32.509   224   224 W auditd  : type=1325 audit(0.0:153): table=filter family=2 entries=98
01-01 02:41:32.509  1154  1154 W iptables: type=1300 audit(0.0:153): arch=40000028 syscall=294 per=800008 success=yes exit=0 a0=4 a1=0 a2=40 a3=b6bbe9c0 items=0 ppid=258 auid=4294967295 uid=0 gid=0 euid=0 suid=0 fsuid=0 egid=0 sgid=0 fsgid=0 tty=(none) ses=4294967295 exe="/system/bin/iptables" subj=u:r:netd:s0 key=(null)
01-01 02:41:32.509   224   224 W auditd  : type=1320 audit(0.0:153): 
01-01 02:41:32.538   662   783 D WifiConfigManager: Loading config and enabling all networks 
01-01 02:41:32.540   662   783 I WifiNetworkHistory: readNetworkHistory: no config file, java.io.FileNotFoundException: /data/misc/wifi/networkHistory.txt (No such file or directory)
01-01 02:41:32.541   662   783 D WifiConfigManager: loaded 0 passpoint configs
01-01 02:41:32.541   662   783 E IpConfigStore: Error parsing configuration: java.io.FileNotFoundException: /data/misc/wifi/ipconfig.txt (No such file or directory)
01-01 02:41:32.539   224   224 W auditd  : type=1325 audit(0.0:154): table=filter family=10 entries=109
01-01 02:41:32.539  1155  1155 W ip6tables: type=1300 audit(0.0:154): arch=40000028 syscall=294 per=800008 success=yes exit=0 a0=4 a1=29 a2=40 a3=b6c39600 items=0 ppid=258 auid=4294967295 uid=0 gid=0 euid=0 suid=0 fsuid=0 egid=0 sgid=0 fsgid=0 tty=(none) ses=4294967295 exe="/system/bin/ip6tables" subj=u:r:netd:s0 key=(null)
01-01 02:41:32.539   224   224 W auditd  : type=1320 audit(0.0:154): 
01-01 02:41:32.549   662   783 D WifiConfigManager: --- Begin /data/misc/wifi/wpa_supplicant.conf ---
01-01 02:41:32.550   662   783 D WifiConfigManager: disable_scan_offload=1
01-01 02:41:32.551   662   783 D WifiConfigManager: driver_param=use_p2p_group_interface=1
01-01 02:41:32.551   662   783 D WifiConfigManager: update_config=1
01-01 02:41:32.551   662   783 D WifiConfigManager: device_name=lineage_s3ve3g
01-01 02:41:32.551   662   783 D WifiConfigManager: manufacturer=samsung
01-01 02:41:32.551   662   783 D WifiConfigManager: model_name=GT-I9301I
01-01 02:41:32.551   662   783 D WifiConfigManager: model_number=GT-I9301I
01-01 02:41:32.551   662   783 D WifiConfigManager: serial_number=5118c8a8
01-01 02:41:32.551   662   783 D WifiConfigManager: device_type=10-0050F204-5
01-01 02:41:32.551   662   783 D WifiConfigManager: config_methods=physical_display virtual_push_button
01-01 02:41:32.551   662   783 D WifiConfigManager: p2p_disabled=1
01-01 02:41:32.551   662   783 D WifiConfigManager: pmf=1
01-01 02:41:32.551   662   783 D WifiConfigManager: external_sim=1
01-01 02:41:32.551   662   783 D WifiConfigManager: tdls_external_control=1
01-01 02:41:32.551   662   783 D WifiConfigManager: --- End /data/misc/wifi/wpa_supplicant.conf Contents ---
01-01 02:41:32.551   662   783 D WifiConfigManager: --- Begin /data/misc/wifi/wpa_supplicant.conf.tmp ---
01-01 02:41:32.552   662   783 W WifiConfigManager: Could not open /data/misc/wifi/wpa_supplicant.conf.tmp, java.io.FileNotFoundException: /data/misc/wifi/wpa_supplicant.conf.tmp (No such file or directory)
01-01 02:41:32.552   662   783 D WifiConfigManager: --- End /data/misc/wifi/wpa_supplicant.conf.tmp Contents ---
01-01 02:41:32.552   662   783 D WifiConfigManager: --- Begin /data/misc/wifi/networkHistory.txt ---
01-01 02:41:32.552   662   783 W WifiConfigManager: Could not open /data/misc/wifi/networkHistory.txt, java.io.FileNotFoundException: /data/misc/wifi/networkHistory.txt (No such file or directory)
01-01 02:41:32.553   662   783 D WifiConfigManager: --- End /data/misc/wifi/networkHistory.txt Contents ---
01-01 02:41:32.568   662   783 D WifiNative-HAL: Setting external_sim to 1
01-01 02:41:32.569   662   783 D wifi    : setting dfs flag to true, 0xb2d17820
01-01 02:41:32.570   662   783 D WifiStateMachine: Setting OUI to DA-A1-19
01-01 02:41:32.570   662   783 D wifi    : setting scan oui 0xb2d17820
01-01 02:41:32.570   662   783 E WifiHAL : wifi_set_scanning_mac_oui: requestResponse Error:-95
01-01 02:41:32.569   224   224 W auditd  : type=1325 audit(0.0:155): table=filter family=2 entries=99
01-01 02:41:32.569  1157  1157 W iptables: type=1300 audit(0.0:155): arch=40000028 syscall=294 per=800008 success=yes exit=0 a0=4 a1=0 a2=40 a3=b6cbe280 items=0 ppid=258 auid=4294967295 uid=0 gid=0 euid=0 suid=0 fsuid=0 egid=0 sgid=0 fsgid=0 tty=(none) ses=4294967295 exe="/system/bin/iptables" subj=u:r:netd:s0 key=(null)
01-01 02:41:32.569   224   224 W auditd  : type=1320 audit(0.0:155): 
01-01 02:41:32.584   662   783 I WifiConnectivityManager: PNO settings: min5GHzRssi -82 min24GHzRssi -85 currentConnectionBonus 16 sameNetworkBonus 24 secureNetworkBonus 80 initialScoreMax 100
01-01 02:41:32.586   662   783 I WifiConnectivityManager: ConnectivityScanManager initialized and disabled
01-01 02:41:32.587   662   783 I WifiConnectivityManager: setUntrustedConnectionAllowed: allowed=false
01-01 02:41:32.587   662   783 D wifi    : android_net_wifi_get_firmware_version = 0xb2d17820
01-01 02:41:32.588   662   783 E WifiHAL : wifi_get_firmware_version: Error -95 happened. 
01-01 02:41:32.588   662   783 E wifi    : Fail to get Firmware version
01-01 02:41:32.588   662   783 D wifi    : android_net_wifi_get_driver_version = 0xb2d17820
01-01 02:41:32.588   662   783 E WifiHAL : wifi_get_driver_version: Error -95 happened. 
01-01 02:41:32.588   662   783 E wifi    : Fail to get driver version
01-01 02:41:32.588   662   783 D wifi    : android_net_wifi_set_log_handler = 0xb2d17820
01-01 02:41:32.589   662   783 D wifi    : android_net_wifi_get_ring_buffer_status = 0xb2d17820
01-01 02:41:32.589   662   783 D wifi    : status is 0xa7cc1400, number is 5
01-01 02:41:32.590   662   783 D wifi    : android_net_wifi_start_logging_ring_buffer = 0xb2d17820
01-01 02:41:32.590   662   783 E WifiHAL : wifi_start_logging: Error -95 happened. 
01-01 02:41:32.590   662   783 E wifi    : Fail to start logging for ring power_events_rb
01-01 02:41:32.590   662   783 D wifi    : android_net_wifi_start_logging_ring_buffer = 0xb2d17820
01-01 02:41:32.590   662   783 E WifiHAL : wifi_start_logging: Error -95 happened. 
01-01 02:41:32.590   662   783 E wifi    : Fail to start logging for ring connectivity_events_rb
01-01 02:41:32.590   662   783 D wifi    : android_net_wifi_start_logging_ring_buffer = 0xb2d17820
01-01 02:41:32.591   662   783 E WifiHAL : wifi_start_logging: Error -95 happened. 
01-01 02:41:32.591   662   783 E wifi    : Fail to start logging for ring pkt_stats_rb
01-01 02:41:32.591   662   783 D wifi    : android_net_wifi_start_logging_ring_buffer = 0xb2d17820
01-01 02:41:32.591   662   783 E WifiHAL : wifi_start_logging: Error -95 happened. 
01-01 02:41:32.591   662   783 E wifi    : Fail to start logging for ring driver_prints_rb
01-01 02:41:32.591   662   783 D wifi    : android_net_wifi_start_logging_ring_buffer = 0xb2d17820
01-01 02:41:32.591   662   783 E WifiHAL : wifi_start_logging: Error -95 happened. 
01-01 02:41:32.591   662   783 E wifi    : Fail to start logging for ring firmware_prints_rb
01-01 02:41:32.591   662   783 D wifi    : android_net_wifi_start_logging_ring_buffer = 0xb2d17820
01-01 02:41:32.591   662   783 E WifiHAL : wifi_start_logging: Error -95 happened. 
01-01 02:41:32.592   662   783 E wifi    : Fail to start logging for ring power_events_rb
01-01 02:41:32.592   662   783 D wifi    : android_net_wifi_start_logging_ring_buffer = 0xb2d17820
01-01 02:41:32.592   662   783 E WifiHAL : wifi_start_logging: Error -95 happened. 
01-01 02:41:32.592   662   783 E wifi    : Fail to start logging for ring connectivity_events_rb
01-01 02:41:32.592   662   783 D wifi    : android_net_wifi_start_logging_ring_buffer = 0xb2d17820
01-01 02:41:32.592   662   783 E WifiHAL : wifi_start_logging: Error -95 happened. 
01-01 02:41:32.592   662   783 E wifi    : Fail to start logging for ring pkt_stats_rb
01-01 02:41:32.592   662   783 D wifi    : android_net_wifi_start_logging_ring_buffer = 0xb2d17820
01-01 02:41:32.592   662   783 E WifiHAL : wifi_start_logging: Error -95 happened. 
01-01 02:41:32.592   662   783 E wifi    : Fail to start logging for ring driver_prints_rb
01-01 02:41:32.592   662   783 D wifi    : android_net_wifi_start_logging_ring_buffer = 0xb2d17820
01-01 02:41:32.592   662   783 E WifiHAL : wifi_start_logging: Error -95 happened. 
01-01 02:41:32.592   662   783 E wifi    : Fail to start logging for ring firmware_prints_rb
01-01 02:41:32.602   662   783 E WifiHAL : wifi_error acquire_supported_features(wifi_interface_handle, feature_set *): requestResponse Error:-95
01-01 02:41:32.602   662   783 E WifiHAL : wifi_get_link_stats: requestResponse Error:-95
01-01 02:41:32.603   662   783 E wifi    : android_net_wifi_getLinkLayerStats: failed to get link statistics
01-01 02:41:32.599   224   224 W auditd  : type=1325 audit(0.0:156): table=filter family=10 entries=110
01-01 02:41:32.599  1158  1158 W ip6tables: type=1300 audit(0.0:156): arch=40000028 syscall=294 per=800008 success=yes exit=0 a0=4 a1=29 a2=40 a3=b6c39600 items=0 ppid=258 auid=4294967295 uid=0 gid=0 euid=0 suid=0 fsuid=0 egid=0 sgid=0 fsgid=0 tty=(none) ses=4294967295 exe="/system/bin/ip6tables" subj=u:r:netd:s0 key=(null)
01-01 02:41:32.599   224   224 W auditd  : type=1320 audit(0.0:156): 
01-01 02:41:32.607   662   783 I WifiHAL : mpdu_size_threshold : 128, aggressive_statistics_gathering : 1
01-01 02:41:32.607   662   783 E WifiHAL : wifi_set_link_stats: requestResponse Error:-95
01-01 02:41:32.608   662   783 I WifiConnectivityManager: Set WiFi enabled
01-01 02:41:32.609   662   783 I WifiConnectivityManager: scheduleWatchdogTimer
01-01 02:41:32.611   662   783 E WifiHAL : wifi_error acquire_supported_features(wifi_interface_handle, feature_set *): requestResponse Error:-95
01-01 02:41:32.611   662   697 E BatteryStatsService: no controller energy info supplied
01-01 02:41:32.619   258   729 D CommandListener: Setting iface cfg
01-01 02:41:32.619   258   729 D CommandListener: Trying to bring up p2p0
01-01 02:41:32.620   662   781 D WifiMonitor: startMonitoring(p2p0) with mConnected = true
01-01 02:41:32.621   662   783 E WifiHAL : wifi_error acquire_supported_features(wifi_interface_handle, feature_set *): requestResponse Error:-95
01-01 02:41:32.623   662   697 E BatteryStatsService: no controller energy info supplied
01-01 02:41:32.624   824   824 D PhoneStatusBar: heads up is enabled
01-01 02:41:32.627   662   781 D WifiNative-HAL: p2pGetDeviceAddress
01-01 02:41:32.628   662   781 D WifiNative-HAL: p2pGetDeviceAddress returning 6c:2f:2c:63:22:a0
01-01 02:41:32.643   662   662 I SystemServiceManager: Starting phase 600
01-01 02:41:32.663   824   824 I Choreographer: Skipped 176 frames!  The application may be doing too much work on its main thread.
01-01 02:41:32.675   662   673 I art     : Background sticky concurrent mark sweep GC freed 37318(2MB) AllocSpace objects, 11(236KB) LOS objects, 23% free, 8MB/10MB, paused 5.072ms total 48.119ms
01-01 02:41:32.680   824   824 D ViewRootImpl[StatusBar]: changeCanvasOpacity: opaque=true
01-01 02:41:32.680   662   662 D GestureLauncherService: Gesture launcher mEmergencyNumber = 112 hits = 3
01-01 02:41:32.682   662   662 D SensorNotificationService: Cannot obtain dynamic meta sensor, not supported.
01-01 02:41:32.689   662   662 D BrokerableCMSystemService: Third party apps ready
01-01 02:41:32.689   662   662 I BrokerableCMSystemService: Connecting to implementation
01-01 02:41:32.690   662   662 W ContextImpl: Calling a method in the system process without a qualified user: android.app.ContextImpl.bindService:1421 org.cyanogenmod.platform.internal.BrokerableCMSystemService.tryConnecting:199 org.cyanogenmod.platform.internal.BrokerableCMSystemService.onBootPhase:127 org.cyanogenmod.platform.internal.CMAudioServiceBroker.onBootPhase:58 com.android.server.SystemServiceManager.startBootPhase:143 
01-01 02:41:32.702   662   662 I ActivityManager: Start proc 1164:org.cyanogenmod.cmaudio.service/u0a0 for service org.cyanogenmod.cmaudio.service/.CMAudioService
01-01 02:41:32.709   662   662 W ServiceWatcher: com.google.android.gms not found
01-01 02:41:32.711   662   662 W ServiceWatcher: com.google.android.gms not found
01-01 02:41:32.712   662   662 W LocationManagerService: no network location provider found
01-01 02:41:32.712   662   662 W ServiceWatcher: com.google.android.gms not found
01-01 02:41:32.717   662   662 W ServiceWatcher: com.google.android.gms not found
01-01 02:41:32.718   662   662 E LocationManagerService: no geocoder provider found
01-01 02:41:32.725   662   662 E HAL     : load: module=/system/lib/hw/flp.default.so
01-01 02:41:32.725   662   662 E HAL     : dlopen failed: library "libloc_core.so" not found
01-01 02:41:32.725   662   662 E FlpHardwareProvider: Error hw_get_module 'flp': -22
01-01 02:41:32.725   662   662 D LocationManagerService: FLP HAL not supported
01-01 02:41:32.726   662   662 W ServiceWatcher: com.google.android.gms not found
01-01 02:41:32.728   662   662 D LocationManagerService: Unable to bind FLP Geofence proxy.
01-01 02:41:32.729   662   662 E ActivityRecognitionHardware: Error hw_get_module: -2
01-01 02:41:32.729   662   662 D LocationManagerService: Hardware Activity-Recognition not supported.
01-01 02:41:32.730   662   662 W ServiceWatcher: com.google.android.gms not found
01-01 02:41:32.731   662   662 E ActivityRecognitionProxy: ServiceWatcher could not start.
01-01 02:41:32.731   662   662 D LocationManagerService: Unable to bind ActivityRecognitionProxy.
01-01 02:41:32.742   662   662 I CommonTimeManagementService: No common time service detected on this platform.  Common time services will be unavailable.
01-01 02:41:32.746   662   773 I InputReader: Reconfiguring input devices.  changes=0x00000020
01-01 02:41:32.752   662   662 I MmsServiceBroker: Delay connecting to MmsService until an API is called
01-01 02:41:32.753   662   773 I InputReader: Reconfiguring input devices.  changes=0x00000010
01-01 02:41:32.756   662   662 W VoiceInteractionManagerService: no available voice interaction services found for user 0
01-01 02:41:32.756   662   662 W VoiceInteractionManagerService: no available voice recognition services found for user 0
01-01 02:41:32.767   662   662 I ActivityManager: Start proc 1179:com.android.phone/1001 for added application com.android.phone
01-01 02:41:32.769   662   662 I ActivityManager: START u0 {act=android.intent.action.MAIN cat=[android.intent.category.HOME] flg=0x10000100 cmp=com.android.settings/.FallbackHome} from uid 0 on display 0
01-01 02:41:32.773   662   662 W System  : ClassLoader referenced unknown path: 
01-01 02:41:32.774   662   662 W System  : ClassLoader referenced unknown path: /system/priv-app/Settings/lib/arm
01-01 02:41:32.776   662   662 D ApplicationLoaders: ignored Vulkan layer search path /system/priv-app/Settings/lib/arm:/system/priv-app/Settings/Settings.apk!/lib/armeabi-v7a:/system/lib:/vendor/lib for namespace 0xb33ed110
01-01 02:41:32.785   662   662 I ActivityManager: Loaded persisted task ids for user 0
01-01 02:41:32.802   662   662 I ActivityManager: Start proc 1193:com.android.settings/1000 for activity com.android.settings/.FallbackHome
01-01 02:41:32.809   662   662 I SystemServer: Enabled StrictMode for system server main thread.
01-01 02:41:32.822   662   662 D ConditionProviders.SCP: onConnected
01-01 02:41:32.822   662   662 D ZenLog  : set_zen_mode: off,readXml
01-01 02:41:32.829   662   662 D ConditionProviders: Subscribing to condition://android/schedule?days=1.2.3.4.5&start=22.0&end=7.0&exitAtAlarm=false with ComponentInfo{android/com.android.server.notification.ScheduleConditionProvider}
01-01 02:41:32.830   662   662 D ZenLog  : subscribe: condition://android/schedule?days=1.2.3.4.5&start=22.0&end=7.0&exitAtAlarm=false,ok
01-01 02:41:32.832   662   662 D ConditionProviders: Subscribing to condition://android/event?userId=-10000&calendar=&reply=1 with ComponentInfo{android/com.android.server.notification.EventConditionProvider}
01-01 02:41:32.832   662   662 D ZenLog  : subscribe: condition://android/event?userId=-10000&calendar=&reply=1,ok
01-01 02:41:32.838   662   662 D ConditionProviders: Subscribing to condition://android/schedule?days=6.7&start=23.30&end=10.0&exitAtAlarm=false with ComponentInfo{android/com.android.server.notification.ScheduleConditionProvider}
01-01 02:41:32.838   662   662 D ZenLog  : subscribe: condition://android/schedule?days=6.7&start=23.30&end=10.0&exitAtAlarm=false,ok
01-01 02:41:32.849   239   329 D PermissionCache: checking android.permission.READ_FRAME_BUFFER for uid=1000 => granted (837 us)
01-01 02:41:32.858  1179  1179 W System  : ClassLoader referenced unknown path: /system/priv-app/TeleService/lib/arm
01-01 02:41:32.882   662   662 W ContextImpl: Calling a method in the system process without a qualified user: android.app.ContextImpl.startService:1357 com.android.server.content.SyncManager$13.run:658 android.os.Handler.handleCallback:751 android.os.Handler.dispatchMessage:95 android.os.Looper.loop:154 
01-01 02:41:32.883   662   662 D RttService: SCAN_AVAILABLE : 1
01-01 02:41:32.883   662   786 I WifiScanningService: wifi driver unloaded
01-01 02:41:32.884   662   662 D ZenLog  : set_zen_mode: off,cleanUpZenRules
01-01 02:41:32.886   662   787 D RttService: DefaultState got{ when=-2ms what=160513 target=com.android.internal.util.StateMachine$SmHandler }
01-01 02:41:32.893  1193  1193 W System  : ClassLoader referenced unknown path: /system/priv-app/Settings/lib/arm
01-01 02:41:32.942   662   662 W System  : ClassLoader referenced unknown path: /system/priv-app/Telecom/lib/arm
01-01 02:41:32.943   662   662 D ApplicationLoaders: ignored Vulkan layer search path /system/priv-app/Telecom/lib/arm:/system/priv-app/Telecom/Telecom.apk!/lib/armeabi-v7a:/system/lib:/vendor/lib for namespace 0xb33ed150
01-01 02:41:32.976   824   956 I Adreno-EGL: <qeglDrvAPI_eglInitialize:379>: QUALCOMM Build: 10/09/15, 6cbbf7d, I3193f6e94a
01-01 02:41:32.980   824   956 I OpenGLRenderer: Initialized EGL, version 1.4
01-01 02:41:32.980   824   956 D OpenGLRenderer: Swap behavior 1
01-01 02:41:32.981  1179  1179 W System  : ClassLoader referenced unknown path: /system/priv-app/TelephonyProvider/lib/arm
01-01 02:41:32.983  1179  1179 D ApplicationLoaders: ignored Vulkan layer search path /system/priv-app/TelephonyProvider/lib/arm:/system/lib:/vendor/lib for namespace 0xb2fe1090
01-01 02:41:33.000   662   782 D WifiService: New client listening to asynchronous messages
01-01 02:41:33.034   662   662 D BluetoothManagerService: Trying to bind to profile: 1, while Bluetooth was disabled
01-01 02:41:33.040  1179  1179 D TelephonyProvider: dbh.onOpen: ok, queried table=siminfo
01-01 02:41:33.042   662   662 I Telecom : SystemStateProvider: Registering car mode receiver: android.content.IntentFilter@a78dc42: TS.init@AAA
01-01 02:41:33.044  1179  1179 D TelephonyProvider: dbh.onOpen: ok, queried table=carriers
01-01 02:41:33.058   662  1228 I Telecom : Telecom: Non-call EVENT: AUDIO_ROUTE, Entering state QuiescentEarpieceRoute
01-01 02:41:33.075   662  1231 I Telecom : CallAudioModeStateMachine: Message received: null.: TS.init->CAMSM.pM_1@AAA_0
01-01 02:41:33.093  1179  1179 W System  : ClassLoader referenced unknown path: /system/framework/qti-telephony-common.jar
01-01 02:41:33.094  1179  1179 W System.err: java.lang.ClassNotFoundException: com.qualcomm.qti.internal.telephony.QtiTelephonyComponentFactory
01-01 02:41:33.095  1179  1179 W System.err: 	at java.lang.Class.classForName(Native Method)
01-01 02:41:33.095  1179  1179 W System.err: 	at java.lang.Class.forName(Class.java:400)
01-01 02:41:33.095  1179  1179 W System.err: 	at com.android.internal.telephony.TelephonyComponentFactory.getInstance(TelephonyComponentFactory.java:71)
01-01 02:41:33.095  1179  1179 W System.err: 	at com.android.internal.telephony.PhoneFactory.makeDefaultPhone(PhoneFactory.java:133)
01-01 02:41:33.095  1179  1179 W System.err: 	at com.android.internal.telephony.PhoneFactory.makeDefaultPhones(PhoneFactory.java:91)
01-01 02:41:33.095  1179  1179 W System.err: 	at com.android.phone.PhoneGlobals.onCreate(PhoneGlobals.java:282)
01-01 02:41:33.095  1179  1179 W System.err: 	at com.android.phone.PhoneApp.onCreate(PhoneApp.java:41)
01-01 02:41:33.095  1179  1179 W System.err: 	at android.app.Instrumentation.callApplicationOnCreate(Instrumentation.java:1025)
01-01 02:41:33.095  1179  1179 W System.err: 	at android.app.ActivityThread.handleBindApplication(ActivityThread.java:5448)
01-01 02:41:33.095  1179  1179 W System.err: 	at android.app.ActivityThread.-wrap2(ActivityThread.java)
01-01 02:41:33.095  1179  1179 W System.err: 	at android.app.ActivityThread$H.handleMessage(ActivityThread.java:1564)
01-01 02:41:33.095  1179  1179 W System.err: 	at android.os.Handler.dispatchMessage(Handler.java:102)
01-01 02:41:33.097  1179  1179 W System.err: 	at android.os.Looper.loop(Looper.java:154)
01-01 02:41:33.097  1179  1179 W System.err: 	at android.app.ActivityThread.main(ActivityThread.java:6186)
01-01 02:41:33.097  1179  1179 W System.err: 	at java.lang.reflect.Method.invoke(Native Method)
01-01 02:41:33.097  1179  1179 W System.err: 	at com.android.internal.os.ZygoteInit$MethodAndArgsCaller.run(ZygoteInit.java:889)
01-01 02:41:33.097  1179  1179 W System.err: 	at com.android.internal.os.ZygoteInit.main(ZygoteInit.java:779)
01-01 02:41:33.097  1179  1179 W System.err: Caused by: java.lang.ClassNotFoundException: Didn't find class "com.qualcomm.qti.internal.telephony.QtiTelephonyComponentFactory" on path: DexPathList[[],nativeLibraryDirectories=[/system/lib, /vendor/lib]]
01-01 02:41:33.097  1179  1179 W System.err: 	at dalvik.system.BaseDexClassLoader.findClass(BaseDexClassLoader.java:56)
01-01 02:41:33.097  1179  1179 W System.err: 	at java.lang.ClassLoader.loadClass(ClassLoader.java:380)
01-01 02:41:33.097  1179  1179 W System.err: 	at java.lang.ClassLoader.loadClass(ClassLoader.java:312)
01-01 02:41:33.097  1179  1179 W System.err: 	... 17 more
01-01 02:41:33.100   824  1121 E ActivityThread: Failed to find provider info for com.android.contacts
01-01 02:41:33.103   824   824 V StatusBar: userId 0 is in the house
01-01 02:41:33.107   662   662 I Telecom : ViceNotificationImpl: ViceNotificationImpl: TS.init@AAA
01-01 02:41:33.116   662  1232 E ActivityThread: Failed to find provider info for call_log
01-01 02:41:33.116   662   662 D BluetoothManagerService: Trying to bind to profile: 1, while Bluetooth was disabled
01-01 02:41:33.126   662   662 I Telecom : Class: TelecomSystem.INSTANCE being set
01-01 02:41:33.127   662   662 W ContextImpl: Calling a method in the system process without a qualified user: android.app.ContextImpl.startService:1357 android.content.ContextWrapper.startService:613 com.android.server.telecom.components.TelecomService.initializeTelecomSystem:196 com.android.server.telecom.components.TelecomService.onBind:64 android.app.ActivityThread.handleBindService:3243 
01-01 02:41:33.130  1193  1229 I Adreno-EGL: <qeglDrvAPI_eglInitialize:379>: QUALCOMM Build: 10/09/15, 6cbbf7d, I3193f6e94a
01-01 02:41:33.134  1193  1229 I OpenGLRenderer: Initialized EGL, version 1.4
01-01 02:41:33.134  1193  1229 D OpenGLRenderer: Swap behavior 1
01-01 02:41:33.174   662   712 I ActivityManager: Displayed com.android.settings/.FallbackHome: +382ms
01-01 02:41:33.176   662   662 D RttService: SCAN_AVAILABLE : 3
01-01 02:41:33.177   662   787 D RttService: DefaultState got{ when=0 what=160512 target=com.android.internal.util.StateMachine$SmHandler }
01-01 02:41:33.177   662   786 E WifiHAL : wifi_get_gscan_capabilities: GSCAN is not supported by driver
01-01 02:41:33.177   662   786 D wifi    : failed to get capabilities : -3
01-01 02:41:33.183   662   693 V KeyguardServiceDelegate: *** Keyguard started
01-01 02:41:33.183   662   694 V KeyguardServiceDelegate: *** Keyguard connected (yay!)
01-01 02:41:33.190   662   712 I WindowManager: Screen frozen for +346ms due to AppWindowToken{4a9e2c token=Token{411487e ActivityRecord{be2ea39 u0 com.android.settings/.FallbackHome t1}}}
01-01 02:41:33.197   662   680 D CryptdConnector: SND -> {3 cryptfs getpw}
01-01 02:41:33.197   662   673 I art     : Background sticky concurrent mark sweep GC freed 19539(1843KB) AllocSpace objects, 7(180KB) LOS objects, 17% free, 8MB/10MB, paused 8.998ms total 105.507ms
01-01 02:41:33.197   209   226 D VoldCryptCmdListener: cryptfs getpw
01-01 02:41:33.198   662   776 D CryptdConnector: RCV <- {200 3 -1}
01-01 02:41:33.199   662   680 D CryptdConnector: SND -> {4 cryptfs clearpw}
01-01 02:41:33.200   209   226 D VoldCryptCmdListener: cryptfs clearpw
01-01 02:41:33.200   662   776 D CryptdConnector: RCV <- {200 4 0}
01-01 02:41:33.216   662   693 V KeyguardServiceDelegate: onStartedWakingUp()
01-01 02:41:33.217   662   786 I WifiScanningService: wifi driver loaded with scan capabilities: max buckets=16
01-01 02:41:33.217   662   693 V KeyguardServiceDelegate: onScreenTurnedOn(showListener = com.android.server.policy.PhoneWindowManager$2@d8079c8)
01-01 02:41:33.217   662   693 V KeyguardServiceDelegate: onScreenTurnedOn()
01-01 02:41:33.230   662   662 W System  : ClassLoader referenced unknown path: /system/priv-app/FusedLocation/lib/arm
01-01 02:41:33.232   662   662 D ApplicationLoaders: ignored Vulkan layer search path /system/priv-app/FusedLocation/lib/arm:/system/priv-app/FusedLocation/FusedLocation.apk!/lib/armeabi-v7a:/system/lib:/vendor/lib for namespace 0xb33ed190
01-01 02:41:33.235   662   793 D NotificationSQLiteLog: Pruned event entries: 0
01-01 02:41:33.248   662   662 V WiredAccessoryManager: init()
01-01 02:41:33.283   662  1206 I ActivityManager: Setting hasTopUi=true for pid=824
01-01 02:41:33.350   824   824 D PhoneStatusBar: disable: < EXPAND ICONS* alerts SYSTEM_INFO* BACK HOME RECENT clock SEARCH quick_settings >
01-01 02:41:33.371   824   824 W FingerprintManager: isFingerprintHardwareDetected(): Service not connected!
01-01 02:41:33.371   824   824 D PhoneStatusBar: disable: < EXPAND ICONS alerts SYSTEM_INFO BACK HOME RECENT clock SEARCH quick_settings >
01-01 02:41:33.379   824   824 W FingerprintManager: isFingerprintHardwareDetected(): Service not connected!
01-01 02:41:33.381   662   693 I VrManagerService: VR mode is disallowed
01-01 02:41:33.462   249   249 D audio_hw_primary: adev_set_mic_mute state 0
01-01 02:41:33.464   662   681 V KeyguardServiceDelegate: **** SHOWN CALLED ****
01-01 02:41:33.467   824   824 W FingerprintManager: isFingerprintHardwareDetected(): Service not connected!
01-01 02:41:33.473   662  1215 V KeyguardServiceDelegate: **** SHOWN CALLED ****
01-01 02:41:33.485   824   824 W FingerprintManager: isFingerprintHardwareDetected(): Service not connected!
01-01 02:41:33.489   824   824 W FingerprintManager: isFingerprintHardwareDetected(): Service not connected!
01-01 02:41:33.522   662   662 E CMHardwareService: Vibrator is not supported
01-01 02:41:33.524   662   673 I art     : Background partial concurrent mark sweep GC freed 28942(2MB) AllocSpace objects, 9(548KB) LOS objects, 33% free, 7MB/11MB, paused 1.889ms total 116.690ms
01-01 02:41:33.530   662   662 E CMHardwareService: Vibrator is not supported
01-01 02:41:33.549   662   662 I ActivityManager: Start proc 1288:com.android.cellbroadcastreceiver/u0a8 for broadcast com.android.cellbroadcastreceiver/.CellBroadcastReceiver
01-01 02:41:33.550   824   824 D PhoneStatusBar: disable: < expand* ICONS alerts SYSTEM_INFO back* HOME RECENT clock SEARCH quick_settings >
01-01 02:41:33.556   662   662 D ConditionProviders.SCP: onSubscribe condition://android/schedule?days=1.2.3.4.5&start=22.0&end=7.0&exitAtAlarm=false
01-01 02:41:33.557   662   662 D ConditionProviders.SCP: setRegistered true
01-01 02:41:33.558   662   662 D ConditionProviders.SCP: notifyCondition condition://android/schedule?days=1.2.3.4.5&start=22.0&end=7.0&exitAtAlarm=false STATE_TRUE reason=meetsSchedule
01-01 02:41:33.559   662   662 D ConditionProviders.SCP: Scheduling evaluate for Wed Jan 01 07:00:00 GMT+01:00 2014 (1388556000000), in +4h18m26s443ms, now=Wed Jan 01 02:41:33 GMT+01:00 2014 (1388540493557)
01-01 02:41:33.560   662   662 D ConditionProviders.SCP: onSubscribe condition://android/schedule?days=6.7&start=23.30&end=10.0&exitAtAlarm=false
01-01 02:41:33.561   662   662 D ConditionProviders.SCP: notifyCondition condition://android/schedule?days=6.7&start=23.30&end=10.0&exitAtAlarm=false STATE_FALSE reason=!meetsSchedule
01-01 02:41:33.561   662   662 D ConditionProviders.SCP: notifyCondition condition://android/schedule?days=1.2.3.4.5&start=22.0&end=7.0&exitAtAlarm=false STATE_TRUE reason=meetsSchedule
01-01 02:41:33.563   662   662 D ConditionProviders.SCP: Scheduling evaluate for Wed Jan 01 07:00:00 GMT+01:00 2014 (1388556000000), in +4h18m26s440ms, now=Wed Jan 01 02:41:33 GMT+01:00 2014 (1388540493560)
01-01 02:41:33.565   662   662 I BrokerableCMSystemService: Implementation service connected
01-01 02:41:33.567   662   662 I Telecom : WiredHeadsetManager: ACTION_HEADSET_PLUG event, plugged in: false, : WHC.oADA@AAE
01-01 02:41:33.569   662   692 I SyncManager: Got SyncJobService instance.
01-01 02:41:33.574   662   794 E ActivityThread: Failed to find provider info for com.android.calendar
01-01 02:41:33.575   662   794 E ActivityThread: Failed to find provider info for com.android.calendar
01-01 02:41:33.580   662   662 I ActivityManager: user 0 is still locked. Cannot load recents
01-01 02:41:33.611   662   662 I FusedLocation: engine started (com.android.location.fused)
01-01 02:41:33.619  1179  1179 D PhoneSwitcherNetworkRequstListener: Registering NetworkFactory
01-01 02:41:33.621   662   788 D ConnectivityService: Got NetworkFactory Messenger for PhoneSwitcherNetworkRequstListener
01-01 02:41:33.633   662   788 D ConnectivityService: Got NetworkFactory Messenger for TelephonyNetworkFactory[0]
01-01 02:41:33.636  1288  1288 W System  : ClassLoader referenced unknown path: /system/priv-app/CellBroadcastReceiver/lib/arm
01-01 02:41:33.641   824   824 W KeyguardUpdateMonitor: invalid subId in handleSimStateChange()
01-01 02:41:33.649   662  1137 I ActivityManager: user 0 is still locked. Cannot load recents
01-01 02:41:33.667   239   329 I SurfaceFlinger: Boot is finished (14790 ms)
01-01 02:41:33.672  1179  1307 E ActivityThread: Failed to find provider info for com.android.contacts
01-01 02:41:33.672  1179  1307 W CallerInfoCache: cursor is null
01-01 02:41:33.677  1179  1179 D CarrierConfigLoader: CarrierConfigLoader has started
01-01 02:41:33.689   662   680 D BluetoothManagerService: Trying to bind to profile: 1, while Bluetooth was disabled
01-01 02:41:33.693  1288  1288 D CellBroadcastReceiver: onReceive Intent { act=android.intent.action.SIM_STATE_CHANGED flg=0x4000010 cmp=com.android.cellbroadcastreceiver/.CellBroadcastReceiver (has extras) }
01-01 02:41:33.716  1179  1179 I Telephony: TtyManager: updateUiTtyMode -1 -> 0
01-01 02:41:33.759   743   743 I rild    : type=1400 audit(0.0:157): avc: denied { read } for name="mps_code.dat" dev="mmcblk0p11" ino=25 scontext=u:r:rild:s0 tcontext=u:object_r:unlabeled:s0 tclass=file permissive=1
01-01 02:41:33.759   743   743 I rild    : type=1400 audit(0.0:157): avc: denied { open } for name="mps_code.dat" dev="mmcblk0p11" ino=25 scontext=u:r:rild:s0 tcontext=u:object_r:unlabeled:s0 tclass=file permissive=1
01-01 02:41:33.759   743   743 W rild    : type=1300 audit(0.0:157): arch=40000028 syscall=322 per=800008 success=yes exit=34 a0=ffffff9c a1=b65c5c6b a2=20000 a3=0 items=1 ppid=1 auid=4294967295 uid=1001 gid=1001 euid=1001 suid=1001 fsuid=1001 egid=1001 sgid=1001 fsgid=1001 tty=(none) ses=4294967295 exe="/system/bin/rild" subj=u:r:rild:s0 key=(null)
01-01 02:41:33.759   224   224 W auditd  : type=1307 audit(0.0:157): cwd="/"
01-01 02:41:33.759   224   224 W auditd  : type=1302 audit(0.0:157): item=0 name="/efs/imei/mps_code.dat" inode=25 dev=b3:0b mode=0100664 ouid=1001 ogid=1000 rdev=00:00 obj=u:object_r:unlabeled:s0
01-01 02:41:33.759   224   224 W auditd  : type=1320 audit(0.0:157): 
01-01 02:41:33.759   743   743 I rild    : type=1400 audit(0.0:158): avc: denied { getattr } for path="/efs/imei/mps_code.dat" dev="mmcblk0p11" ino=25 scontext=u:r:rild:s0 tcontext=u:object_r:unlabeled:s0 tclass=file permissive=1
01-01 02:41:33.759   743   743 W rild    : type=1300 audit(0.0:158): arch=40000028 syscall=197 per=800008 success=yes exit=0 a0=22 a1=b59846d0 a2=b5984754 a3=2e7 items=0 ppid=1 auid=4294967295 uid=1001 gid=1001 euid=1001 suid=1001 fsuid=1001 egid=1001 sgid=1001 fsgid=1001 tty=(none) ses=4294967295 exe="/system/bin/rild" subj=u:r:rild:s0 key=(null)
01-01 02:41:33.759   224   224 W auditd  : type=1320 audit(0.0:158): 
01-01 02:41:33.759   743   743 I rild    : type=1400 audit(0.0:159): avc: denied { read } for name="keystr" dev="mmcblk0p11" ino=31 scontext=u:r:rild:s0 tcontext=u:object_r:unlabeled:s0 tclass=file permissive=1
01-01 02:41:33.759   743   743 I rild    : type=1400 audit(0.0:159): avc: denied { open } for name="keystr" dev="mmcblk0p11" ino=31 scontext=u:r:rild:s0 tcontext=u:object_r:unlabeled:s0 tclass=file permissive=1
01-01 02:41:33.759   743   743 W rild    : type=1300 audit(0.0:159): arch=40000028 syscall=322 per=800008 success=yes exit=34 a0=ffffff9c a1=b65c5d55 a2=20000 a3=0 items=1 ppid=1 auid=4294967295 uid=1001 gid=1001 euid=1001 suid=1001 fsuid=1001 egid=1001 sgid=1001 fsgid=1001 tty=(none) ses=4294967295 exe="/system/bin/rild" subj=u:r:rild:s0 key=(null)
01-01 02:41:33.759   224   224 W auditd  : type=1307 audit(0.0:159): cwd="/"
01-01 02:41:33.759   224   224 W auditd  : type=1302 audit(0.0:159): item=0 name="/efs/FactoryApp/keystr" inode=31 dev=b3:0b mode=0100744 ouid=1000 ogid=1000 rdev=00:00 obj=u:object_r:unlabeled:s0
01-01 02:41:33.759   224   224 W auditd  : type=1320 audit(0.0:159): 
01-01 02:41:33.759   743   743 I rild    : type=1400 audit(0.0:160): avc: denied { getattr } for path="/efs/FactoryApp/keystr" dev="mmcblk0p11" ino=31 scontext=u:r:rild:s0 tcontext=u:object_r:unlabeled:s0 tclass=file permissive=1
01-01 02:41:33.759   743   743 W rild    : type=1300 audit(0.0:160): arch=40000028 syscall=197 per=800008 success=yes exit=0 a0=22 a1=b59846e0 a2=b5984764 a3=2e7 items=0 ppid=1 auid=4294967295 uid=1001 gid=1001 euid=1001 suid=1001 fsuid=1001 egid=1001 sgid=1001 fsgid=1001 tty=(none) ses=4294967295 exe="/system/bin/rild" subj=u:r:rild:s0 key=(null)
01-01 02:41:33.759   224   224 W auditd  : type=1320 audit(0.0:160): 
01-01 02:41:33.836   824   824 W KeyguardUpdateMonitor: invalid subId in handleServiceStateChange()
01-01 02:41:33.849  1179  1179 D PhoneSwitcherNetworkRequstListener: got request NetworkRequest [ REQUEST id=1, [ Capabilities: INTERNET&NOT_RESTRICTED&TRUSTED&NOT_VPN] ] with score 0
01-01 02:41:33.850  1179  1179 D TelephonyDebugService: TelephonyDebugService()
01-01 02:41:33.851  1179  1179 D CarrierConfigLoader: mHandler: 12 phoneId: 0
01-01 02:41:33.869  1179  1179 E PhoneInterfaceManager: [PhoneIntfMgr] getIccId: No UICC
01-01 02:41:33.869  1193  1193 D SimSelectNotification:  no of slots 1 provision = true
01-01 02:41:33.877   662   778 W ConnectivityExtension: ConnectivityExt jar file not present
01-01 02:41:33.884   662   842 I Telecom : PhoneAccountRegistrar: [ComponentInfo{com.android.phone/com.android.services.telephony.TelephonyConnectionService}, [e0184adedf913b076626646d3f52c3b49c39ad6d], UserHandle{0}(icon: Icon(typ=BITMAP size=38x48) -> Icon(typ=BITMAP size=38x48))]: TSI.rPA@AAM
01-01 02:41:33.884  1288  1288 D CellBroadcastReceiver: onReceive Intent { act=android.intent.action.SERVICE_STATE flg=0x10 cmp=com.android.cellbroadcastreceiver/.CellBroadcastReceiver (has extras) }
