01-01 02:41:30.317   257   257 I MediaPlayerService: MediaPlayerService::getOMX
01-01 02:41:30.317   304   304 E mm-camera: stats_port_init: E
01-01 02:41:30.317   304   304 E mm-camera: stats_port_init: X
01-01 02:41:30.317   304   304 E mm-camera: cpp_module_start_session:271, info: starting session 2
01-01 02:41:30.317   257   257 I OMXClient: MuxOMX ctor
01-01 02:41:30.317   254   254 I OMXMaster: makeComponentInstance(OMX.ffmpeg.vtrial.decoder) in mediacodec process
01-01 02:41:30.317   254   254 V FFmpegOMXPlugin: makeComponentInstance 'OMX.ffmpeg.vtrial.decoder'
01-01 02:41:30.317   254   254 D SoftFFmpegVideo: SoftFFmpegVideo component: OMX.ffmpeg.vtrial.decoder codingType=1 appData: 0xb4303000
01-01 02:41:30.319   254   895 E OMXNodeInstance: getExtensionIndex(fe002c:ffmpeg.vtrial.decoder, OMX.google.android.index.configureVideoTunnelMode) ERROR: UnsupportedIndex(0x8000101a)
01-01 02:41:30.319   254   365 W OMXNodeInstance: [fe002c:ffmpeg.vtrial.decoder] component does not support metadata mode; using fallback
01-01 02:41:30.324   257   257 I MediaPlayerService: MediaPlayerService::getOMX
01-01 02:41:30.324   257   257 I OMXClient: MuxOMX ctor
01-01 02:41:30.324   254   254 I OMXMaster: makeComponentInstance(OMX.ffmpeg.wmv.decoder) in mediacodec process
01-01 02:41:30.324   254   254 V FFmpegOMXPlugin: makeComponentInstance 'OMX.ffmpeg.wmv.decoder'
01-01 02:41:30.325   254   254 D SoftFFmpegVideo: SoftFFmpegVideo component: OMX.ffmpeg.wmv.decoder codingType=5 appData: 0xb4303000
01-01 02:41:30.326   254   895 E OMXNodeInstance: getExtensionIndex(fe002d:ffmpeg.wmv.decoder, OMX.google.android.index.configureVideoTunnelMode) ERROR: UnsupportedIndex(0x8000101a)
01-01 02:41:30.326   254   365 W OMXNodeInstance: [fe002d:ffmpeg.wmv.decoder] component does not support metadata mode; using fallback
01-01 02:41:30.327   257   257 I MediaPlayerService: MediaPlayerService::getOMX
01-01 02:41:30.328   257   257 I OMXClient: MuxOMX ctor
01-01 02:41:30.332   257   257 I MediaPlayerService: MediaPlayerService::getOMX
01-01 02:41:30.333   257   257 I OMXClient: MuxOMX ctor
01-01 02:41:30.333   257   257 W MediaCodecList: unable to open media codecs configuration xml file: /data/misc/media/media_codecs_profiling_results.xml
01-01 02:41:30.335   257   739 I MediaPlayerService: MediaPlayerService::getOMX
01-01 02:41:30.335   257   739 I MediaPlayerService: MediaPlayerService::getOMX
01-01 02:41:30.336   824   933 I OMXClient: MuxOMX ctor
01-01 02:41:30.338   662   875 I OMXClient: MuxOMX ctor
01-01 02:41:30.340   254   254 I OMXMaster: makeComponentInstance(OMX.google.vorbis.decoder) in mediacodec process
01-01 02:41:30.341   254   895 I OMXMaster: makeComponentInstance(OMX.google.vorbis.decoder) in mediacodec process
01-01 02:41:30.346   304  1065 E mm-camera: cpp_thread_func:55: cpp_thread entering the polling loop...
01-01 02:41:30.346   304   304 E mm-camera: cpp_module_start_session:315, info: cpp_thread created.
01-01 02:41:30.346   304   304 E mm-camera: cpp_module_start_session:318, info: session 2 started.
01-01 02:41:30.346   304   304 E mm-camera: c2d_module_start_session:218, info: starting session 2
01-01 02:41:30.346   304  1066 E mm-camera: c2d_thread_func:39: c2d_thread entering the polling loop...
01-01 02:41:30.346   304   304 E mm-camera: c2d_module_start_session:256, info: c2d_thread created.
01-01 02:41:30.350   304   304 E mm-camera: c2d_module_start_session:278, info: session 2 started.
01-01 02:41:30.352   304   304 E mm-camera-sensor: sensor_util_find_bundle:56 sensor_util_find_bundle: 2 2
01-01 02:41:30.352   304   304 E mm-camera-sensor: 
01-01 02:41:30.352   304   304 E mm-camera-sensor: sensor_init_get_sensor_name:543 back sensor : imx175
01-01 02:41:30.352   304   304 E mm-camera-sensor: sensor_init_get_sensor_name:545 front sensor : s5k6a3yx
01-01 02:41:30.352   304   304 E mm-camera: stats_module_set_session: E,kur sessionid=0x2, module=0xb671a140
01-01 02:41:30.352   304   304 E mm-camera: aec_module_set_session E kur module 0xb671a200 sessionid=131072
01-01 02:41:30.352   304   304 E AEC_PORT: aec_port_load_lib kur E 1
01-01 02:41:30.352   304   304 E AEC_PORT: aec_port_load_lib kur libptr 0x0 session_id 2
01-01 02:41:30.353   304   304 E mm-camera-AEC: aec_load_function: kur loading aec
01-01 02:41:30.354   304  1067 E mm-camera-img: module_imglib_msg_thread: __ZZZZ__: E
01-01 02:41:30.354   304  1067 E mm-camera-img: module_imglib_msg_thread:66 abort 0 1
01-01 02:41:30.354   304  1067 E mm-camera-img: module_imglib_msg_thread:72] Load DSP 0x512bdbb5
01-01 02:41:30.356   304   304 E mm-camera: awb_module_set_session E kur module 0xb671a260 sessionid=131072
01-01 02:41:30.356   304   304 E mm-camera: awb_port_load_lib: kur session = 0x20000, loading Tsawb
01-01 02:41:30.356   304   304 E mm-camera: af_module_set_session E kur module 0xb671a2c0 sessionid=131072
01-01 02:41:30.356   304   304 E AF_PORT : kur init qcom af
01-01 02:41:30.356   304   304 E mm-camera: af_single_if_link: Link af_single lib, AF version = 0xfc0e!
01-01 02:41:30.356   304   304 E mm-camera: af_single_if_link: Link success! 
01-01 02:41:30.356   304   304 E mm-camera: af_init: X
01-01 02:41:30.357   304  1068 E mm-camera-img: module_imglib_msg_thread: __ZZZZ__: E
01-01 02:41:30.357   304  1068 E mm-camera-img: module_imglib_msg_thread:66 abort 0 0
01-01 02:41:30.358   304   304 E mm-camera: server_process_hal_event:__DBG__ X sucess event id=1
01-01 02:41:30.358   304   304 E mm-camera: main: return true, return type 0
01-01 02:41:30.358   257   891 E mm-camera-intf: mm_camera_open:  opened, break out while loop
01-01 02:41:30.358   257   891 E mm-camera-intf: mm_camera_socket_create: socket_fd =5
01-01 02:41:30.362   257   891 E mm-jpeg-intf: mm_jpeg_init:1771] Launch jobmgr thread rc 0
01-01 02:41:30.364   257   891 E qomx_image_core: OMX_Init:94] Complete 2
01-01 02:41:30.366   257   891 I Thermal-Lib: Thermal-Lib-Client: Registraion successful for camera with handle:1
01-01 02:41:30.366   257   891 I Thermal-Lib: Thermal-Lib-Client: Registraion successful for camcorder with handle:2
01-01 02:41:30.366   304   304 E mm-camera: main: return true, return type 1
01-01 02:41:30.367   236   310 I ThermalEngine: Thermal-Server: Adding thermal event listener on fd 6
01-01 02:41:30.367   304   304 E mm-camera: main: return true, return type 1
01-01 02:41:30.367   257   891 I QCameraParameters: initDefaultParameters: supported preview sizes: 1920x1080,1440x1080,1280x720,1056x864,960x720,800x480,720x480,640x480,352x288,320x240,176x144
01-01 02:41:30.367   257   891 I QCameraParameters: set Default prview sizes : 1920x1080
01-01 02:41:30.368   257   891 I QCameraParameters: initDefaultParameters: supported video sizes: 1920x1080,1440x1080,1280x720,800x450,720x480,640x480,352x288,320x240,176x144
01-01 02:41:30.368   257   891 I QCameraParameters: initDefaultParameters: supported live snapshot sizes: 3264x2448,3264x1836,3200x2400,2592x1944,2048x1536,2048x1152,1920x1080,1600x1200,1440x1080,1280x768,1280x720,1024x768,800x600,800x480,800x450,720x480,640x480,352x288,320x240,176x144
01-01 02:41:30.368   257   891 W QCameraParameters: [PARM_DBG] Setting focus mode auto
01-01 02:41:30.369   257   891 E QCameraParameters: int32_t qcamera::QCameraParameters::setExposureCompensation(int) : Setting Exposure Compensation = 0 
01-01 02:41:30.369   257   891 E QCameraParameters:  
01-01 02:41:30.369   257   891 W QCameraParameters: [PARM_DBG] zoom_level = 0
01-01 02:41:30.369   257   891 W QCameraParameters: [PARM_DBG] Denoise enable=1, plates=0
01-01 02:41:30.369   257   891 W QCameraParameters: [PARM_DBG] m_bVisionMode = 0
01-01 02:41:30.370   257  1075 I Thermal-Lib: Thermal-Lib-Client: Client received msg camera 0
01-01 02:41:30.370   257  1075 W QCamera2HWI: thermalEvtHandle: level = 0, userdata = 0x0, data = 0x0
01-01 02:41:30.370   257  1023 E QCameraStateMachine: int32_t qcamera::QCameraStateMachine::procEvtPreviewStoppedState(qcamera::qcamera_sm_evt_enum_t, void*): cannot handle evt(31) in state(0)
01-01 02:41:30.370   257  1075 I Thermal-Lib: Thermal-Lib-Client: Client received msg camcorder 0
01-01 02:41:30.371   257  1075 W QCamera2HWI: thermalEvtHandle: level = 0, userdata = 0x0, data = 0x0
01-01 02:41:30.371   257  1023 E QCameraStateMachine: int32_t qcamera::QCameraStateMachine::procEvtPreviewStoppedState(qcamera::qcamera_sm_evt_enum_t, void*): cannot handle evt(31) in state(0)
01-01 02:41:30.371   304   304 E mm-camera: main: HAL event call
01-01 02:41:30.371   304   304 E mm-camera: server_process_hal_event:__DBG__ E event id=3
01-01 02:41:30.371   304   304 E mm-camera: server_process_hal_event:__DBG__ X sucess event id=3
01-01 02:41:30.371   304  1069 E mm-camera: mct_pipeline_process_set:command=800000e
01-01 02:41:30.372   304   304 E mm-camera: main: return true, return type 0
01-01 02:41:30.372   257   891 W QCameraParameters: [PARM_DBG] setNumOfSnapshot : nBurstNum = 1, nExpnum = 1
01-01 02:41:30.372   257   891 I QCamera2HWI: [KPI Perf] openCamera: X
01-01 02:41:30.372   257   891 W QCamera2Factory: cameraDeviceOpen : X
01-01 02:41:30.372   257   891 W QCamera2HWI: set_CallBacks : E
01-01 02:41:30.373   257  1076 I QCamera2HWI: cbNotifyRoutine: E
01-01 02:41:30.373   257   891 W QCamera2HWI: set_CallBacks : X
01-01 02:41:30.373   257   891 W QCamera2HWI: enable_msg_type : E, msg type 3085
01-01 02:41:30.373   257   891 W QCamera2HWI: enable_msg_type : X
01-01 02:41:30.373   257   891 W QCamera2HWI: get_parameters : E
01-01 02:41:30.374   257   891 W QCamera2HWI: get_parameters : X
01-01 02:41:30.377   257   891 W QCamera2HWI: put_parameters : E
01-01 02:41:30.377   257   891 W QCamera2HWI: put_parameters : X
01-01 02:41:30.379   257   891 W QCamera2HWI: disable_msg_type : E, msg type 65535
01-01 02:41:30.379   257   891 W QCamera2HWI: disable_msg_type : X
01-01 02:41:30.380   257   891 W QCamera2HWI: [KPI Perf] stop_preview: E
01-01 02:41:30.380   257   891 W QCamera2HWI: [KPI Perf] stop_preview: X
01-01 02:41:30.381   257   891 W QCamera2HWI: [KPI Perf] cancel_picture: E
01-01 02:41:30.381   257  1023 W QCameraStateMachine: int32_t qcamera::QCameraStateMachine::procEvtPreviewStoppedState(qcamera::qcamera_sm_evt_enum_t, void*): No ops for evt(20) in state(0)
01-01 02:41:30.381   257   891 W QCamera2HWI: [KPI Perf] cancel_picture: X, ret 0
01-01 02:41:30.381   257   891 W QCamera2HWI: [KPI Perf] static void qcamera::QCamera2HardwareInterface::release(camera_device*): E
01-01 02:41:30.381   257  1023 W QCamera2HWI: [KPI Perf] release: E
01-01 02:41:30.381   257  1023 W QCamera2HWI: [KPI Perf] release: X
01-01 02:41:30.381   257  1023 E QCamera2HWI: setGammaMode : cannot open file
01-01 02:41:30.381   257  1023 W QCamera2HWI: setGammaMode : Gamma mode Exit mode, will be Narrow band
01-01 02:41:30.393   257   257 I MediaPlayerService: MediaPlayerService::getOMX
01-01 02:41:30.394   662  1077 I OMXClient: MuxOMX ctor
01-01 02:41:30.395   254   365 I OMXMaster: makeComponentInstance(OMX.google.vorbis.decoder) in mediacodec process
01-01 02:41:30.406   257  1011 I MediaPlayerService: MediaPlayerService::getOMX
01-01 02:41:30.409   824  1080 I OMXClient: MuxOMX ctor
01-01 02:41:30.411   254   365 I OMXMaster: makeComponentInstance(OMX.google.vorbis.decoder) in mediacodec process
01-01 02:41:30.441   257   942 I MediaPlayerService: MediaPlayerService::getOMX
01-01 02:41:30.442   662  1083 I OMXClient: MuxOMX ctor
01-01 02:41:30.444   254   365 I OMXMaster: makeComponentInstance(OMX.google.vorbis.decoder) in mediacodec process
01-01 02:41:30.472   257  1011 I MediaPlayerService: MediaPlayerService::getOMX
01-01 02:41:30.473   824  1087 I OMXClient: MuxOMX ctor
01-01 02:41:30.475   254   254 I OMXMaster: makeComponentInstance(OMX.google.vorbis.decoder) in mediacodec process
01-01 02:41:30.481   257   891 W QCamera2HWI: [KPI Perf] static void qcamera::QCamera2HardwareInterface::release(camera_device*): X
01-01 02:41:30.481   257   891 I CameraFlashlight: Destroying camera 0
01-01 02:41:30.481   257   891 W QCamera2HWI: [KPI Perf] close_camera_device: E
01-01 02:41:30.481   257   891 W QCamera2HWI: [KPI Perf] closeCamera: E
01-01 02:41:30.482   304   304 E mm-camera: main: return true, return type 1
01-01 02:41:30.482   304   304 E mm-camera: main: return true, return type 1
01-01 02:41:30.482   257   891 I QCamera2HWI: [DBG] int qcamera::QCamera2HardwareInterface::closeCamera(): mParameter deinit done.
01-01 02:41:30.482   257   891 I QCamera2HWI: stopSnapshots
01-01 02:41:30.482   257   891 I QCameraPostProc: int32_t qcamera::QCameraPostProcessor::stop(): __DEBUG__ before sendCmd
01-01 02:41:30.483   257   891 I         : int32_t qcamera::QCameraCmdThread::sendCmd(qcamera::camera_cmd_type_t, uint8_t, uint8_t): __DEBUG__ before waiting for sync_sem
01-01 02:41:30.483   257  1074 W QCameraPostProc: dataProcessRoutine: stop data proc
01-01 02:41:30.483   257  1074 I QCameraPostProc: dataProcessRoutine: initialize pme->mFramesRecvd
01-01 02:41:30.483   257   891 I         : int32_t qcamera::QCameraCmdThread::sendCmd(qcamera::camera_cmd_type_t, uint8_t, uint8_t): __DEBUG__ after waiting for sync_sem
01-01 02:41:30.483   257   891 I QCameraPostProc: int32_t qcamera::QCameraPostProcessor::stop(): __DEBUG__ after send Cmd
01-01 02:41:30.483   257   891 I         : [DBG] int32_t qcamera::QCameraCmdThread::exit(): Before thread join
01-01 02:41:30.483   257   891 I         : [DBG] int32_t qcamera::QCameraCmdThread::exit(): After thread join
01-01 02:41:30.483   257   891 E mm-jpeg-intf: mm_jpeg_close:2258] E
01-01 02:41:30.483   257   891 E mm-jpeg-intf: mm_jpeg_close:2263] 
01-01 02:41:30.483   257   891 E mm-jpeg-intf: mm_jpeg_close:2271] 
01-01 02:41:30.483   257   891 E mm-jpeg-intf: mm_jpeg_close:2274] 
01-01 02:41:30.483   257   891 E mm-jpeg-intf: mm_jpeg_close:2281] X
01-01 02:41:30.484   257   891 E qomx_image_core: OMX_Deinit:118] Complete
01-01 02:41:30.484   257   891 W QCameraPostProc: int32_t qcamera::QCameraPostProcessor::deinit(): Jpeg closed, rc = 0, mJpegClientHandle = 300
01-01 02:41:30.484   257   891 I Thermal-Lib: Thermal-Lib-Client: Unregisteration is successfull for handle:1
01-01 02:41:30.486   236   310 I ThermalEngine: Thermal-Server: removing client on fd 6
01-01 02:41:30.488   257   891 I Thermal-Lib: Thermal-Lib-Client: Unregisteration is successfull for handle:2
01-01 02:41:30.489   257   891 I         : [DBG] int32_t qcamera::QCameraCmdThread::exit(): Before thread join
01-01 02:41:30.489   257  1076 I QCamera2HWI: cbNotifyRoutin: X
01-01 02:41:30.489   257   891 I         : [DBG] int32_t qcamera::QCameraCmdThread::exit(): After thread join
01-01 02:41:30.489   257   891 I QCamera2HWI: [DBG] int qcamera::QCamera2HardwareInterface::closeCamera(): ncbNotifier exit.
01-01 02:41:30.490   304   304 E mm-camera: main: HAL event call
01-01 02:41:30.490   304   304 E mm-camera: server_process_hal_event:__DBG__ E event id=3
01-01 02:41:30.490   304   304 E mm-camera: server_process_hal_event:__DBG__ X sucess event id=3
01-01 02:41:30.490   304  1069 E mm-camera: mct_pipeline_process_set:command=800000b
01-01 02:41:30.490   304  1069 E mm-camera: mct_pipeline_process_set: Couldn't find stream
01-01 02:41:30.490   304   304 E mm-camera: main: return true, return type 0
01-01 02:41:30.490   304   304 E mm-camera: main: HAL event call
01-01 02:41:30.491   304   304 E mm-camera: server_process_hal_event:__DBG__ E event id=2
01-01 02:41:30.491   304   304 E mm-camera: server_process_hal_event: delete session
01-01 02:41:30.491   304   304 E mm-camera: mct_controller_destroy: __debug__: E 151= 
01-01 02:41:30.491   304   304 E mm-camera: mct_controller_destroy: calling stop_session
01-01 02:41:30.491   304   304 E mm-camera: tv_sec = 1388540491 tv_nsec = 491413000
01-01 02:41:30.492   304  1090 E mm-camera: mct_pipeline_stop_session: __debug__: E 1673= 
01-01 02:41:30.492   304  1090 E mm-camera: mct_pipeline_modules_stop: E __debug__
01-01 02:41:30.492   304  1090 E mm-camera: mct_pipeline_modules_stop: module name=sensor __debug__
01-01 02:41:30.492   304  1090 E mm-camera-sensor: module_sensor_stop_session: __ZZZZ__: E 1082= 
01-01 02:41:30.492   304  1090 E mm-camera-sensor: sensor_util_find_bundle:56 sensor_util_find_bundle: 2 2
01-01 02:41:30.492   304  1090 E mm-camera-sensor: 
01-01 02:41:30.492   304  1090 E mm-camera-sensor: module_sensor_deinit_session: E __ZZZZ__: 935= 
01-01 02:41:30.492   304  1090 E mm-camera-sensor: module_sensor_deinit_session: E __ZZZZ__: 943= 
01-01 02:41:30.492   304  1090 E mm-camera-sensor: af_actuator_sw_landing:624  af_actuator_sw_landing: E1
01-01 02:41:30.492   304  1090 E mm-camera-sensor: af_actuator_sw_landing:629  af_actuator_sw_landing: E
01-01 02:41:30.492   304  1090 E mm-camera-sensor: af_actuator_sw_landing:634  af_actuator_sw_landing: call kernel
01-01 02:41:30.492   304  1090 E mm-camera-sensor: af_actuator_sw_landing:642  af_actuator_sw_landing: X 0
01-01 02:41:30.492   304  1090 E mm-camera-sensor: module_sensor_deinit_session: E __ZZZZ__: 952= 
01-01 02:41:30.497   257   942 I MediaPlayerService: MediaPlayerService::getOMX
01-01 02:41:30.498   662  1091 I OMXClient: MuxOMX ctor
01-01 02:41:30.499   254  1070 I OMXMaster: makeComponentInstance(OMX.google.vorbis.decoder) in mediacodec process
01-01 02:41:30.522   304  1090 E mm-camera-sensor: actuator_close:817 actuator_close: X
01-01 02:41:30.526   304  1090 E mm-camera-sensor: module_sensor_deinit_session: __ZZZZ__: Before unload lib 961= 
01-01 02:41:30.527   304  1090 E mm-camera-sensor: module_sensor_deinit_session: __ZZZZ__: After unload lib 963= 
01-01 02:41:30.527   304  1090 E mm-camera-sensor: module_sensor_deinit_session: __ZZZZ__: X 979= 
01-01 02:41:30.527   304  1090 E mm-camera-sensor: module_sensor_stop_session: __ZZZZ__: X 1128= 
01-01 02:41:30.527   304  1090 E mm-camera: mct_pipeline_modules_stop: X __debug__
01-01 02:41:30.527   304  1090 E mm-camera: mct_pipeline_modules_stop: E __debug__
01-01 02:41:30.527   304  1090 E mm-camera: mct_pipeline_modules_stop: module name=iface __debug__
01-01 02:41:30.527   304  1090 E mm-camera: ispif_stop_session: __ZZZZ__: E 199= 
01-01 02:41:30.527   304  1090 E mm-camera: ispif_stop_session: __ZZZZ__: After memset 208= 
01-01 02:41:30.527   304  1090 E mm-camera: mct_pipeline_modules_stop: X __debug__
01-01 02:41:30.527   304  1090 E mm-camera: mct_pipeline_modules_stop: E __debug__
01-01 02:41:30.527   304  1090 E mm-camera: mct_pipeline_modules_stop: module name=isp __debug__
01-01 02:41:30.527   304  1090 E mm-camera: isp_thread_async_task_stop: __ZZZZ__: E 296= 
01-01 02:41:30.527   304  1090 E mm-camera: isp_thread_async_task_stop: __ZZZZ__: Ater thread started 301= 
01-01 02:41:30.527   304  1090 E mm-camera: isp_thread_async_task_stop: __ZZZZ__: Before sem post 315= 
01-01 02:41:30.527   304  1090 E mm-camera: isp_thread_async_task_stop: __ZZZZ__: After sem post 317= 
01-01 02:41:30.527   304  1090 E mm-camera: isp_thread_async_task_stop: __ZZZZ__: After thread join 319= 
01-01 02:41:30.527   304  1090 E mm-camera: isp_thread_async_task_stop: X, session_id = 2
01-01 02:41:30.527   304  1090 E mm-camera: mct_pipeline_modules_stop: X __debug__
01-01 02:41:30.527   304  1090 E mm-camera: mct_pipeline_modules_stop: E __debug__
01-01 02:41:30.527   304  1090 E mm-camera: mct_pipeline_modules_stop: module name=stats __debug__
01-01 02:41:30.527   304  1090 E mm-camera: stats_module_stop_session: __ZZZZ__: E 301= 
01-01 02:41:30.527   304  1090 E mm-camera: stats_module_stop_session: list =0xb58e8210, remove port =0xb671b4c0 name=stats_sink from module=0xb671a140, name=stats
01-01 02:41:30.527   304  1090 E mm-camera: stats_module_stop_session: 1 port =0xb671b4c0 name=stats_sink 
01-01 02:41:30.527   304  1090 E mm-camera: stats_port_deinit: E
01-01 02:41:30.527   304  1090 E mm-camera: stats_port_deinit: __dbg private free
01-01 02:41:30.527   304  1090 E mm-camera: stats_port_deinit: X
01-01 02:41:30.527   304  1090 E mm-camera: stats_module_stop_session: 2 port =0xb671b4c0 name=stats_sink 
01-01 02:41:30.527   304  1090 E AEC_PORT: aec_port_deinit kur deinit calledon 0xb5383e00 
01-01 02:41:30.527   304  1090 E mm-camera: stats_module_stop_session: 3 port =0xb671b4c0 name=stats_sink 
01-01 02:41:30.527   304  1090 E mm-camera: stats_module_stop_session: __ZZZZ__: X 339= 
01-01 02:41:30.527   304  1090 E mm-camera: mct_pipeline_modules_stop: X __debug__
01-01 02:41:30.527   304  1090 E mm-camera: mct_pipeline_modules_stop: E __debug__
01-01 02:41:30.528   304  1090 E mm-camera: mct_pipeline_modules_stop: module name=pproc __debug__
01-01 02:41:30.528   304  1090 E mm-camera: cpp_module_stop_session: __ZZZZ__: E 325= 
01-01 02:41:30.528   304  1090 E mm-camera: cpp_module_stop_session:335, info: stopping session 2 ...
01-01 02:41:30.528   304  1065 E mm-camera: cpp_thread_process_pipe_message:355, CPP_THREAD_MSG_ABORT: cpp_thread exiting..
01-01 02:41:30.531   304  1090 E mm-camera: cpp_module_stop_session:366, info: session 2 stopped.
01-01 02:41:30.531   304  1090 E mm-camera: c2d_module_stop_session: __ZZZZ__: E 285= 
01-01 02:41:30.531   304  1090 E mm-camera: c2d_module_stop_session:295, info: stopping session 2 ...
01-01 02:41:30.531   304  1090 E mm-camera: c2d_module_stop_session:300, info: stopping c2d_thread...
01-01 02:41:30.531   304  1090 E mm-camera: c2d_module_post_msg_to_thread:354, msg.type=1
01-01 02:41:30.532   304  1066 E mm-camera: c2d_thread_process_pipe_message:453, C2D_THREAD_MSG_ABORT: c2d_thread exiting..
01-01 02:41:30.532   304  1090 E mm-camera: c2d_module_stop_session:312, closing c2d subdev...
01-01 02:41:30.532   304  1090 E mm-camera: c2d_module_stop_session:334, info: session 2 stopped.
01-01 02:41:30.532   304  1067 E mm-camera-img: module_imglib_msg_thread:124] X
01-01 02:41:30.533   304  1090 E mm-camera: mct_pipeline_modules_stop: X __debug__
01-01 02:41:30.533   304  1090 E mm-camera: mct_pipeline_modules_stop: E __debug__
01-01 02:41:30.533   304  1090 E mm-camera: mct_pipeline_modules_stop: module name=faceproc __debug__
01-01 02:41:30.533   304  1068 E mm-camera-img: module_imglib_msg_thread:124] X
01-01 02:41:30.533   304  1090 E mm-camera: mct_pipeline_modules_stop: X __debug__
01-01 02:41:30.533   304  1090 E mm-camera: mct_pipeline_stop_session: __debug__: X 1676= 
01-01 02:41:30.533   304   304 E mm-camera: mct_controller_destroy: __debug__: X 214= 
01-01 02:41:30.533   304   304 E mm-camera: server_process_hal_event:__DBG__ X sucess event id=2
01-01 02:41:30.533   304   304 E mm-camera: main: __ZZZZ___ Result del session Entry
01-01 02:41:30.533   304   304 E mm-camera: main: __ZZZZ___ Result del session Exit
01-01 02:41:30.533   304   304 E mm-camera: main: return true, return type 0
01-01 02:41:30.533   257   891 W QCamera2HWI: [KPI Perf] closeCamera: X
01-01 02:41:30.534   257   891 W QCamera2HWI: [KPI Perf] close_camera_device: X
01-01 02:41:30.534   257   891 I CameraService: onTorchStatusChangedLocked: Torch status changed for cameraId=0, newStatus=1
01-01 02:41:30.535   257   891 I CameraService: onTorchStatusChangedLocked: Torch status changed for cameraId=0, newStatus=1
01-01 02:41:30.535   257   891 I CameraService: disconnect: Disconnected client for camera 0 for PID 257
01-01 02:41:30.535   257   891 D NuPlayerDriver: reset(0xb5d20ae0) at state 4
01-01 02:41:30.535   257   891 D NuPlayerDriver: notifyListener_l(0xb5d20ae0), (8, 0, 0), loop setting(0, 0)
01-01 02:41:30.535   257  1012 W AMessage: failed to post message as target looper for handler 0 is gone.
01-01 02:41:30.536   257  1012 D NuPlayerDriver: notifyResetComplete(0xb5d20ae0)
01-01 02:41:30.536   257   891 D NuPlayerDriver: reset(0xb5d20c00) at state 4
01-01 02:41:30.536   257   891 D NuPlayerDriver: notifyListener_l(0xb5d20c00), (8, 0, 0), loop setting(0, 0)
01-01 02:41:30.536   257  1016 W AMessage: failed to post message as target looper for handler 0 is gone.
01-01 02:41:30.536   257  1016 D NuPlayerDriver: notifyResetComplete(0xb5d20c00)
01-01 02:41:30.538   257   891 D NuPlayerDriver: reset(0xb5d20cc0) at state 4
01-01 02:41:30.538   257   891 D NuPlayerDriver: notifyListener_l(0xb5d20cc0), (8, 0, 0), loop setting(0, 0)
01-01 02:41:30.539   257  1021 W AMessage: failed to post message as target looper for handler 0 is gone.
01-01 02:41:30.539   257  1021 D NuPlayerDriver: notifyResetComplete(0xb5d20cc0)
01-01 02:41:30.540   257   739 I CameraService: getCameraCharacteristics: Switching to HAL1 shim implementation...
01-01 02:41:30.540   257   739 W QCamera2Factory: getCameraInfo: E, camera_id = 1
01-01 02:41:30.540   257   739 W QCamera2HWI: __dbg: info->orientation : 90 rc = 0
01-01 02:41:30.541   257   739 W QCamera2HWI: __dbg: info->orientation : 270 rc = 0
01-01 02:41:30.541   257   739 W QCamera2Factory: getCameraInfo: X
01-01 02:41:30.541   257   739 I CameraService: CameraService::connect call (PID -1 "media", camera ID 1) for HAL version default and Camera API version 1
01-01 02:41:30.541   257   739 E CameraService: getCameraPriorityFromProcState: Received invalid process state -1 from ActivityManagerService!
01-01 02:41:30.541   257   739 I CameraService: onTorchStatusChangedLocked: Torch status changed for cameraId=0, newStatus=0
01-01 02:41:30.541   257   739 W QCamera2Factory: getCameraInfo: E, camera_id = 1
01-01 02:41:30.541   257   739 W QCamera2HWI: __dbg: info->orientation : 90 rc = 0
01-01 02:41:30.541   257   739 W QCamera2HWI: __dbg: info->orientation : 270 rc = 0
01-01 02:41:30.541   257   739 W QCamera2Factory: getCameraInfo: X
01-01 02:41:30.550   257   942 I MediaPlayerService: MediaPlayerService::getOMX
01-01 02:41:30.550   257  1094 D NuPlayerDriver: notifyListener_l(0xb5d20ae0), (1, 0, 0), loop setting(0, 0)
01-01 02:41:30.551   662  1096 I OMXClient: MuxOMX ctor
01-01 02:41:30.555   254   254 I OMXMaster: makeComponentInstance(OMX.google.vorbis.decoder) in mediacodec process
01-01 02:41:30.562   257  1097 D NuPlayerDriver: notifyListener_l(0xb5d20c00), (1, 0, 0), loop setting(0, 0)
01-01 02:41:30.575   257  1101 D NuPlayerDriver: notifyListener_l(0xb5d20cc0), (1, 0, 0), loop setting(0, 0)
01-01 02:41:30.577   257   739 I CameraFlashlight: Opening camera 1
01-01 02:41:30.577   257   739 W QCamera2Factory: getCameraInfo: E, camera_id = 1
01-01 02:41:30.577   257   739 W QCamera2HWI: __dbg: info->orientation : 90 rc = 0
01-01 02:41:30.577   257   739 W QCamera2HWI: __dbg: info->orientation : 270 rc = 0
01-01 02:41:30.577   257   739 W QCamera2Factory: getCameraInfo: X
01-01 02:41:30.577   257   739 W QCamera2Factory: cameraDeviceOpen : E
01-01 02:41:30.578   257   739 I QCamera2HWI: [KPI Perf] openCamera: E
01-01 02:41:30.578   257   739 E mm-camera-intf: mm_camera_open:  begin
01-01 02:41:30.578   257   739 E mm-camera-intf: mm_camera_open: dev name = /dev/video3, cam_idx = 3
01-01 02:41:30.578   304   304 E mm-camera: main: HAL event call
01-01 02:41:30.578   304   304 E mm-camera: server_process_hal_event:__DBG__ E event id=1
01-01 02:41:30.578   304   304 E mm-camera: server_process_hal_event: new session __debug__
01-01 02:41:30.578   304   304 E mm-camera: server_process_bind_hal_ds:__DBG__ E
01-01 02:41:30.579   304   304 E mm-camera-sensor: module_sensor_start_session:1014 sensor_bundle = b670fb00 session id = 3
01-01 02:41:30.579   304   304 E mm-camera-sensor: sensor_util_find_bundle:56 sensor_util_find_bundle: 2 3
01-01 02:41:30.579   304   304 E mm-camera-sensor: 
01-01 02:41:30.579   304   304 E mm-camera-sensor: sensor_util_find_bundle:56 sensor_util_find_bundle: 3 3
01-01 02:41:30.579   304   304 E mm-camera-sensor: 
01-01 02:41:30.579   304   304 E mm-camera-sensor: module_sensor_init_session:645 func module_sensor_init_session line 645
01-01 02:41:30.579   304   304 E mm-camera-sensor: 
01-01 02:41:30.580   304   304 E mm-camera-sensor: csiphy_open:89 csiphy subdev name = /dev/v4l-subdev1
01-01 02:41:30.580   304   304 E mm-camera-sensor: 
01-01 02:41:30.589   304   304 E mm-camera-sensor: csid_open:111 sd name /dev/v4l-subdev3
01-01 02:41:30.591   304   304 E mm-camera-sensor: sensor_load_library:78 s5k6a3yx : load from phone
01-01 02:41:30.592   304   304 E         : open lib s5k6a3yx_open_lib hwver = 0   rev = 0 
01-01 02:41:30.592   304   304 E mm-camera-sensor: module_sensor_init_session:767 sensor position 1
01-01 02:41:30.592   304   304 E mm-camera-sensor: sensor_init:450 subdev name v4l-subdev14
01-01 02:41:30.610   257   942 I MediaPlayerService: MediaPlayerService::getOMX
01-01 02:41:30.611   662  1104 I OMXClient: MuxOMX ctor
01-01 02:41:30.612   254   365 I OMXMaster: makeComponentInstance(OMX.google.vorbis.decoder) in mediacodec process
01-01 02:41:30.630   304   304 E mm-camera-sensor: sensor_write_init_settings:418 CFG_SET_SENSOR_OTP_CAL:s5k6a3yx, 2
01-01 02:41:30.634   304   304 E mm-camera-sensor: sensor_init_get_sensor_name:543 back sensor : imx175
01-01 02:41:30.634   304   304 E mm-camera-sensor: sensor_init_get_sensor_name:545 front sensor : s5k6a3yx
01-01 02:41:30.634   304   304 E mm-camera-sensor: module_sensor_init_session:885 rajeshb in func module_sensor_init_session line 885
01-01 02:41:30.634   304   304 E mm-camera-sensor: 
01-01 02:41:30.634   304   304 E mm-camera-sensor: module_sensor_start_session:1059 func module_sensor_start_session line 1059
01-01 02:41:30.634   304   304 E mm-camera-sensor: 
01-01 02:41:30.634   304   304 E mm-camera: stats_module_start_session: E, kur sessionid=3, module=0xb671a140
01-01 02:41:30.634   304   304 E mm-camera: aec_module_start_session E kur module 0xb671a200 sessionid=196608
01-01 02:41:30.634   304   304 E AEC_PORT: aec_port_init kur aec should be initialized
01-01 02:41:30.635   304   304 E mm-camera: stats_port_init: E
01-01 02:41:30.635   304   304 E mm-camera: stats_port_init: X
01-01 02:41:30.635   304   304 E mm-camera: cpp_module_start_session:271, info: starting session 3
01-01 02:41:30.663   304   304 E mm-camera: cpp_module_start_session:315, info: cpp_thread created.
01-01 02:41:30.663   304   304 E mm-camera: cpp_module_start_session:318, info: session 3 started.
01-01 02:41:30.663   304   304 E mm-camera: c2d_module_start_session:218, info: starting session 3
01-01 02:41:30.663   304  1108 E mm-camera: cpp_thread_func:55: cpp_thread entering the polling loop...
01-01 02:41:30.663   304   304 E mm-camera: c2d_module_start_session:256, info: c2d_thread created.
01-01 02:41:30.663   304  1109 E mm-camera: c2d_thread_func:39: c2d_thread entering the polling loop...
01-01 02:41:30.666   304   304 E mm-camera: c2d_module_start_session:278, info: session 3 started.
01-01 02:41:30.666   304  1110 E mm-camera-img: module_imglib_msg_thread: __ZZZZ__: E
01-01 02:41:30.666   304   304 E mm-camera-sensor: sensor_util_find_bundle:56 sensor_util_find_bundle: 2 3
01-01 02:41:30.666   304   304 E mm-camera-sensor: 
01-01 02:41:30.666   304  1110 E mm-camera-img: module_imglib_msg_thread:66 abort 0 1
01-01 02:41:30.666   304   304 E mm-camera-sensor: sensor_util_find_bundle:56 sensor_util_find_bundle: 3 3
01-01 02:41:30.666   304   304 E mm-camera-sensor: 
01-01 02:41:30.666   304  1111 E mm-camera-img: module_imglib_msg_thread: __ZZZZ__: E
01-01 02:41:30.666   304   304 E mm-camera-sensor: sensor_init_get_sensor_name:543 back sensor : imx175
01-01 02:41:30.666   304  1111 E mm-camera-img: module_imglib_msg_thread:66 abort 0 0
01-01 02:41:30.667   304   304 E mm-camera-sensor: sensor_init_get_sensor_name:545 front sensor : s5k6a3yx
01-01 02:41:30.667   304   304 E mm-camera: stats_module_set_session: E,kur sessionid=0x3, module=0xb671a140
01-01 02:41:30.667   304   304 E mm-camera: aec_module_set_session E kur module 0xb671a200 sessionid=196608
01-01 02:41:30.667   304   304 E AEC_PORT: aec_port_load_lib kur E 1
01-01 02:41:30.667   304   304 E AEC_PORT: aec_port_load_lib kur libptr 0x0 session_id 3
01-01 02:41:30.667   304   304 E mm-camera-AEC: aec_load_function: kur loading aec
01-01 02:41:30.667   304   304 E mm-camera: awb_module_set_session E kur module 0xb671a260 sessionid=196608
01-01 02:41:30.667   304   304 E mm-camera: awb_port_load_lib: kur session =0x30000, loading awb
01-01 02:41:30.668   304  1110 E mm-camera-img: module_imglib_msg_thread:72] Load DSP 0x512bdbb5
01-01 02:41:30.669   304   304 E mm-camera: af_module_set_session E kur module 0xb671a2c0 sessionid=196608
01-01 02:41:30.669   304   304 E AF_PORT : kur init qcom af
01-01 02:41:30.669   304   304 E mm-camera: af_single_if_link: Link af_single lib, AF version = 0xfc0e!
01-01 02:41:30.669   304   304 E mm-camera: af_single_if_link: Link success! 
01-01 02:41:30.669   304   304 E mm-camera: af_init: X
01-01 02:41:30.669   304   304 E mm-camera: server_process_hal_event:__DBG__ X sucess event id=1
01-01 02:41:30.670   304   304 E mm-camera: main: return true, return type 0
01-01 02:41:30.659   739   739 I Binder:257_1: type=1400 audit(0.0:146): avc: denied { write } for name="cam_socket3" dev="mmcblk0p26" ino=14 scontext=u:r:mediaserver:s0 tcontext=u:object_r:system_data_file:s0 tclass=sock_file permissive=1
01-01 02:41:30.659   739   739 W Binder:257_1: type=1300 audit(0.0:146): arch=40000028 syscall=283 per=800008 success=yes exit=0 a0=c a1=b41c50ac a2=6e a3=b63bc0dc items=1 ppid=1 auid=4294967295 uid=1013 gid=1005 euid=1013 suid=1013 fsuid=1013 egid=1005 sgid=1005 fsgid=1005 tty=(none) ses=4294967295 exe="/system/bin/mediaserver" subj=u:r:mediaserver:s0 key=(null)
01-01 02:41:30.659   224   224 W auditd  : type=1306 audit(0.0:146): saddr=01002F646174612F63616D5F736F636B65743300000000000000000000000000000000000000000000000000000000000000000000000000000000000000000000000000000000000000000000000000000000000000000000000000000000000000000000000000000000000000
01-01 02:41:30.659   224   224 W auditd  : type=1302 audit(0.0:146): item=0 name=(null) inode=14 dev=b3:1a mode=0140770 ouid=1006 ogid=1006 rdev=00:00 obj=u:object_r:system_data_file:s0
01-01 02:41:30.659   224   224 W auditd  : type=1320 audit(0.0:146): 
01-01 02:41:30.670   257   739 E mm-camera-intf: mm_camera_open:  opened, break out while loop
01-01 02:41:30.670   257   739 E mm-camera-intf: mm_camera_socket_create: socket_fd =12
01-01 02:41:30.672   257   739 E mm-jpeg-intf: mm_jpeg_init:1771] Launch jobmgr thread rc 0
01-01 02:41:30.674   257   739 E qomx_image_core: OMX_Init:94] Complete 2
01-01 02:41:30.675   257   739 I Thermal-Lib: Thermal-Lib-Client: Registraion successful for camera with handle:1
01-01 02:41:30.676   257   739 I Thermal-Lib: Thermal-Lib-Client: Registraion successful for camcorder with handle:2
01-01 02:41:30.676   236   310 I ThermalEngine: Thermal-Server: Adding thermal event listener on fd 6
01-01 02:41:30.676   257  1117 I Thermal-Lib: Thermal-Lib-Client: Client received msg camera 0
01-01 02:41:30.676   257  1117 W QCamera2HWI: thermalEvtHandle: level = 0, userdata = 0x0, data = 0x0
01-01 02:41:30.676   304   304 E mm-camera: main: return true, return type 1
01-01 02:41:30.676   257  1103 E QCameraStateMachine: int32_t qcamera::QCameraStateMachine::procEvtPreviewStoppedState(qcamera::qcamera_sm_evt_enum_t, void*): cannot handle evt(31) in state(0)
01-01 02:41:30.676   304   304 E mm-camera: main: return true, return type 1
01-01 02:41:30.676   257  1117 I Thermal-Lib: Thermal-Lib-Client: Client received msg camcorder 0
01-01 02:41:30.676   257  1117 W QCamera2HWI: thermalEvtHandle: level = 0, userdata = 0x0, data = 0x0
01-01 02:41:30.676   257  1103 E QCameraStateMachine: int32_t qcamera::QCameraStateMachine::procEvtPreviewStoppedState(qcamera::qcamera_sm_evt_enum_t, void*): cannot handle evt(31) in state(0)
01-01 02:41:30.676   257   739 I QCameraParameters: initDefaultParameters: supported preview sizes: 720x720,1280x720,1056x864,960x720,720x480,640x480,352x288,320x240,176x144
01-01 02:41:30.676   257   739 I QCameraParameters: set Default prview sizes : 720x720
01-01 02:41:30.676   257   739 I QCameraParameters: initDefaultParameters: supported video sizes: 1280x720,960x720,800x450,720x480,640x480,352x288,320x240,176x144
01-01 02:41:30.677   257   739 I QCameraParameters: initDefaultParameters: supported live snapshot sizes: 1280x768,1280x720,1024x768,800x600,800x480,800x450,720x480,640x480,352x288,320x240,176x144
01-01 02:41:30.677   257   739 W QCameraParameters: [PARM_DBG] Setting focus mode fixed
01-01 02:41:30.677   257   739 E QCameraParameters: int32_t qcamera::QCameraParameters::setExposureCompensation(int) : Setting Exposure Compensation = 0 
01-01 02:41:30.677   257   739 E QCameraParameters:  
01-01 02:41:30.678   257   739 W QCameraParameters: [PARM_DBG] zoom_level = 0
01-01 02:41:30.678   257   739 W QCameraParameters: [PARM_DBG] Denoise enable=1, plates=0
01-01 02:41:30.678   257   739 W QCameraParameters: [PARM_DBG] m_bVisionMode = 0
01-01 02:41:30.678   304   304 E mm-camera: main: HAL event call
01-01 02:41:30.678   304   304 E mm-camera: server_process_hal_event:__DBG__ E event id=3
01-01 02:41:30.678   304   304 E mm-camera: server_process_hal_event:__DBG__ X sucess event id=3
01-01 02:41:30.678   304  1112 E mm-camera: mct_pipeline_process_set:command=800000e
01-01 02:41:30.678   304   304 E mm-camera: main: return true, return type 0
01-01 02:41:30.679   257   739 W QCameraParameters: [PARM_DBG] setNumOfSnapshot : nBurstNum = 1, nExpnum = 1
01-01 02:41:30.679   257   739 I QCamera2HWI: [KPI Perf] openCamera: X
01-01 02:41:30.679   257   739 W QCamera2Factory: cameraDeviceOpen : X
01-01 02:41:30.679   257   739 W QCamera2HWI: set_CallBacks : E
01-01 02:41:30.679   257   739 W QCamera2HWI: set_CallBacks : X
01-01 02:41:30.679   257   739 W QCamera2HWI: enable_msg_type : E, msg type 3085
01-01 02:41:30.679   257   739 W QCamera2HWI: enable_msg_type : X
01-01 02:41:30.679   257   739 W QCamera2HWI: get_parameters : E
01-01 02:41:30.679   257  1118 I QCamera2HWI: cbNotifyRoutine: E
01-01 02:41:30.680   257   739 W QCamera2HWI: get_parameters : X
01-01 02:41:30.681   257   739 W QCamera2HWI: put_parameters : E
01-01 02:41:30.681   257   739 W QCamera2HWI: put_parameters : X
01-01 02:41:30.682   257   739 W QCamera2HWI: disable_msg_type : E, msg type 65535
01-01 02:41:30.682   257   739 W QCamera2HWI: disable_msg_type : X
01-01 02:41:30.682   257   739 W QCamera2HWI: [KPI Perf] stop_preview: E
01-01 02:41:30.682   257   739 W QCamera2HWI: [KPI Perf] stop_preview: X
01-01 02:41:30.683   257   739 W QCamera2HWI: [KPI Perf] cancel_picture: E
01-01 02:41:30.683   257  1103 W QCameraStateMachine: int32_t qcamera::QCameraStateMachine::procEvtPreviewStoppedState(qcamera::qcamera_sm_evt_enum_t, void*): No ops for evt(20) in state(0)
01-01 02:41:30.683   257   739 W QCamera2HWI: [KPI Perf] cancel_picture: X, ret 0
01-01 02:41:30.683   257   739 W QCamera2HWI: [KPI Perf] static void qcamera::QCamera2HardwareInterface::release(camera_device*): E
01-01 02:41:30.683   257  1103 W QCamera2HWI: [KPI Perf] release: E
01-01 02:41:30.683   257  1103 W QCamera2HWI: [KPI Perf] release: X
01-01 02:41:30.683   257  1103 E QCamera2HWI: setGammaMode : cannot open file
01-01 02:41:30.683   257  1103 W QCamera2HWI: setGammaMode : Gamma mode Exit mode, will be Narrow band
01-01 02:41:30.783   257   739 W QCamera2HWI: [KPI Perf] static void qcamera::QCamera2HardwareInterface::release(camera_device*): X
01-01 02:41:30.783   257   739 I CameraFlashlight: Destroying camera 1
01-01 02:41:30.783   257   739 W QCamera2HWI: [KPI Perf] close_camera_device: E
01-01 02:41:30.783   257   739 W QCamera2HWI: [KPI Perf] closeCamera: E
01-01 02:41:30.784   304   304 E mm-camera: main: return true, return type 1
01-01 02:41:30.784   304   304 E mm-camera: main: return true, return type 1
01-01 02:41:30.784   257   739 I QCamera2HWI: [DBG] int qcamera::QCamera2HardwareInterface::closeCamera(): mParameter deinit done.
01-01 02:41:30.784   257   739 I QCamera2HWI: stopSnapshots
01-01 02:41:30.784   257   739 I QCameraPostProc: int32_t qcamera::QCameraPostProcessor::stop(): __DEBUG__ before sendCmd
01-01 02:41:30.784   257   739 I         : int32_t qcamera::QCameraCmdThread::sendCmd(qcamera::camera_cmd_type_t, uint8_t, uint8_t): __DEBUG__ before waiting for sync_sem
01-01 02:41:30.784   257  1116 W QCameraPostProc: dataProcessRoutine: stop data proc
01-01 02:41:30.784   257  1116 I QCameraPostProc: dataProcessRoutine: initialize pme->mFramesRecvd
01-01 02:41:30.784   257   739 I         : int32_t qcamera::QCameraCmdThread::sendCmd(qcamera::camera_cmd_type_t, uint8_t, uint8_t): __DEBUG__ after waiting for sync_sem
01-01 02:41:30.784   257   739 I QCameraPostProc: int32_t qcamera::QCameraPostProcessor::stop(): __DEBUG__ after send Cmd
01-01 02:41:30.784   257   739 I         : [DBG] int32_t qcamera::QCameraCmdThread::exit(): Before thread join
01-01 02:41:30.785   257   739 I         : [DBG] int32_t qcamera::QCameraCmdThread::exit(): After thread join
01-01 02:41:30.785   257   739 E mm-jpeg-intf: mm_jpeg_close:2258] E
01-01 02:41:30.785   257   739 E mm-jpeg-intf: mm_jpeg_close:2263] 
01-01 02:41:30.785   257   739 E mm-jpeg-intf: mm_jpeg_close:2271] 
01-01 02:41:30.785   257   739 E mm-jpeg-intf: mm_jpeg_close:2274] 
01-01 02:41:30.785   257   739 E mm-jpeg-intf: mm_jpeg_close:2281] X
01-01 02:41:30.785   257   739 E qomx_image_core: OMX_Deinit:118] Complete
01-01 02:41:30.786   257   739 W QCameraPostProc: int32_t qcamera::QCameraPostProcessor::deinit(): Jpeg closed, rc = 0, mJpegClientHandle = 400
01-01 02:41:30.786   257   739 I Thermal-Lib: Thermal-Lib-Client: Unregisteration is successfull for handle:1
01-01 02:41:30.786   236   310 I ThermalEngine: Thermal-Server: removing client on fd 6
01-01 02:41:30.786   257   739 I Thermal-Lib: Thermal-Lib-Client: Unregisteration is successfull for handle:2
01-01 02:41:30.786   257   739 I         : [DBG] int32_t qcamera::QCameraCmdThread::exit(): Before thread join
01-01 02:41:30.787   257  1118 I QCamera2HWI: cbNotifyRoutin: X
01-01 02:41:30.787   257   739 I         : [DBG] int32_t qcamera::QCameraCmdThread::exit(): After thread join
01-01 02:41:30.787   257   739 I QCamera2HWI: [DBG] int qcamera::QCamera2HardwareInterface::closeCamera(): ncbNotifier exit.
01-01 02:41:30.787   304   304 E mm-camera: main: HAL event call
01-01 02:41:30.787   304   304 E mm-camera: server_process_hal_event:__DBG__ E event id=3
01-01 02:41:30.787   304   304 E mm-camera: server_process_hal_event:__DBG__ X sucess event id=3
01-01 02:41:30.787   304  1112 E mm-camera: mct_pipeline_process_set:command=800000b
01-01 02:41:30.787   304  1112 E mm-camera: mct_pipeline_process_set: Couldn't find stream
01-01 02:41:30.787   304   304 E mm-camera: main: return true, return type 0
01-01 02:41:30.788   304   304 E mm-camera: main: HAL event call
01-01 02:41:30.788   304   304 E mm-camera: server_process_hal_event:__DBG__ E event id=2
01-01 02:41:30.788   304   304 E mm-camera: server_process_hal_event: delete session
01-01 02:41:30.788   304   304 E mm-camera: mct_controller_destroy: __debug__: E 151= 
01-01 02:41:30.788   304   304 E mm-camera: mct_controller_destroy: calling stop_session
01-01 02:41:30.788   304   304 E mm-camera: tv_sec = 1388540491 tv_nsec = 788844000
01-01 02:41:30.788   304  1119 E mm-camera: mct_pipeline_stop_session: __debug__: E 1673= 
01-01 02:41:30.788   304  1119 E mm-camera: mct_pipeline_modules_stop: E __debug__
01-01 02:41:30.788   304  1119 E mm-camera: mct_pipeline_modules_stop: module name=sensor __debug__
01-01 02:41:30.789   304  1119 E mm-camera-sensor: module_sensor_stop_session: __ZZZZ__: E 1082= 
01-01 02:41:30.789   304  1119 E mm-camera-sensor: sensor_util_find_bundle:56 sensor_util_find_bundle: 2 3
01-01 02:41:30.789   304  1119 E mm-camera-sensor: 
01-01 02:41:30.789   304  1119 E mm-camera-sensor: sensor_util_find_bundle:56 sensor_util_find_bundle: 3 3
01-01 02:41:30.789   304  1119 E mm-camera-sensor: 
01-01 02:41:30.789   304  1119 E mm-camera-sensor: module_sensor_deinit_session: E __ZZZZ__: 935= 
01-01 02:41:30.789   304  1119 E mm-camera-sensor: module_sensor_deinit_session: E __ZZZZ__: 952= 
01-01 02:41:30.809   304  1119 E mm-camera-sensor: module_sensor_deinit_session: __ZZZZ__: Before unload lib 961= 
01-01 02:41:30.809   304  1119 E mm-camera-sensor: module_sensor_deinit_session: __ZZZZ__: After unload lib 963= 
01-01 02:41:30.809   304  1119 E mm-camera-sensor: module_sensor_deinit_session: __ZZZZ__: X 979= 
01-01 02:41:30.809   304  1119 E mm-camera-sensor: module_sensor_stop_session: __ZZZZ__: X 1128= 
01-01 02:41:30.809   304  1119 E mm-camera: mct_pipeline_modules_stop: X __debug__
01-01 02:41:30.809   304  1119 E mm-camera: mct_pipeline_modules_stop: E __debug__
01-01 02:41:30.809   304  1119 E mm-camera: mct_pipeline_modules_stop: module name=iface __debug__
01-01 02:41:30.809   304  1119 E mm-camera: ispif_stop_session: __ZZZZ__: E 199= 
01-01 02:41:30.809   304  1119 E mm-camera: ispif_stop_session: __ZZZZ__: After memset 208= 
01-01 02:41:30.809   304  1119 E mm-camera: mct_pipeline_modules_stop: X __debug__
01-01 02:41:30.809   304  1119 E mm-camera: mct_pipeline_modules_stop: E __debug__
01-01 02:41:30.810   304  1119 E mm-camera: mct_pipeline_modules_stop: module name=isp __debug__
01-01 02:41:30.810   304  1119 E mm-camera: isp_thread_async_task_stop: __ZZZZ__: E 296= 
01-01 02:41:30.810   304  1119 E mm-camera: isp_thread_async_task_stop: __ZZZZ__: Ater thread started 301= 
01-01 02:41:30.810   304  1119 E mm-camera: isp_thread_async_task_stop: __ZZZZ__: Before sem post 315= 
01-01 02:41:30.811   304  1119 E mm-camera: isp_thread_async_task_stop: __ZZZZ__: After sem post 317= 
01-01 02:41:30.811   304  1119 E mm-camera: isp_thread_async_task_stop: __ZZZZ__: After thread join 319= 
01-01 02:41:30.811   304  1119 E mm-camera: isp_thread_async_task_stop: X, session_id = 3
01-01 02:41:30.811   304  1119 E mm-camera: mct_pipeline_modules_stop: X __debug__
01-01 02:41:30.811   304  1119 E mm-camera: mct_pipeline_modules_stop: E __debug__
01-01 02:41:30.811   304  1119 E mm-camera: mct_pipeline_modules_stop: module name=stats __debug__
01-01 02:41:30.811   304  1119 E mm-camera: stats_module_stop_session: __ZZZZ__: E 301= 
01-01 02:41:30.811   304  1119 E mm-camera: stats_module_stop_session: list =0xb58e8210, remove port =0xb671b4c0 name=stats_sink from module=0xb671a140, name=stats
01-01 02:41:30.811   304  1119 E mm-camera: stats_module_stop_session: 1 port =0xb671b4c0 name=stats_sink 
01-01 02:41:30.811   304  1119 E mm-camera: stats_port_deinit: E
01-01 02:41:30.811   304  1119 E mm-camera: stats_port_deinit: __dbg private free
01-01 02:41:30.811   304  1119 E mm-camera: stats_port_deinit: X
01-01 02:41:30.811   304  1119 E mm-camera: stats_module_stop_session: 2 port =0xb671b4c0 name=stats_sink 
01-01 02:41:30.812   304  1119 E AEC_PORT: aec_port_deinit kur deinit calledon 0xb5a030c0 
01-01 02:41:30.812   304  1119 E mm-camera: stats_module_stop_session: 3 port =0xb671b4c0 name=stats_sink 
01-01 02:41:30.812   304  1119 E mm-camera: stats_module_stop_session: __ZZZZ__: X 339= 
01-01 02:41:30.812   304  1119 E mm-camera: mct_pipeline_modules_stop: X __debug__
01-01 02:41:30.812   304  1119 E mm-camera: mct_pipeline_modules_stop: E __debug__
01-01 02:41:30.812   304  1119 E mm-camera: mct_pipeline_modules_stop: module name=pproc __debug__
01-01 02:41:30.812   304  1119 E mm-camera: cpp_module_stop_session: __ZZZZ__: E 325= 
01-01 02:41:30.812   304  1119 E mm-camera: cpp_module_stop_session:335, info: stopping session 3 ...
01-01 02:41:30.812   304  1108 E mm-camera: cpp_thread_process_pipe_message:355, CPP_THREAD_MSG_ABORT: cpp_thread exiting..
01-01 02:41:30.815   304  1119 E mm-camera: cpp_module_stop_session:366, info: session 3 stopped.
01-01 02:41:30.815   304  1119 E mm-camera: c2d_module_stop_session: __ZZZZ__: E 285= 
01-01 02:41:30.815   304  1119 E mm-camera: c2d_module_stop_session:295, info: stopping session 3 ...
01-01 02:41:30.815   304  1119 E mm-camera: c2d_module_stop_session:300, info: stopping c2d_thread...
01-01 02:41:30.815   304  1119 E mm-camera: c2d_module_post_msg_to_thread:354, msg.type=1
01-01 02:41:30.815   304  1109 E mm-camera: c2d_thread_process_pipe_message:453, C2D_THREAD_MSG_ABORT: c2d_thread exiting..
01-01 02:41:30.815   304  1119 E mm-camera: c2d_module_stop_session:312, closing c2d subdev...
01-01 02:41:30.815   304  1119 E mm-camera: c2d_module_stop_session:334, info: session 3 stopped.
01-01 02:41:30.816   304  1110 E mm-camera-img: module_imglib_msg_thread:124] X
01-01 02:41:30.816   304  1119 E mm-camera: mct_pipeline_modules_stop: X __debug__
01-01 02:41:30.816   304  1119 E mm-camera: mct_pipeline_modules_stop: E __debug__
01-01 02:41:30.816   304  1119 E mm-camera: mct_pipeline_modules_stop: module name=faceproc __debug__
01-01 02:41:30.816   304  1111 E mm-camera-img: module_imglib_msg_thread:124] X
01-01 02:41:30.816   304  1119 E mm-camera: mct_pipeline_modules_stop: X __debug__
01-01 02:41:30.816   304  1119 E mm-camera: mct_pipeline_stop_session: __debug__: X 1676= 
01-01 02:41:30.816   304   304 E mm-camera: mct_controller_destroy: __debug__: X 214= 
01-01 02:41:30.816   304   304 E mm-camera: server_process_hal_event:__DBG__ X sucess event id=2
01-01 02:41:30.816   304   304 E mm-camera: main: __ZZZZ___ Result del session Entry
01-01 02:41:30.816   304   304 E mm-camera: main: __ZZZZ___ Result del session Exit
01-01 02:41:30.816   304   304 E mm-camera: main: return true, return type 0
01-01 02:41:30.816   257   739 W QCamera2HWI: [KPI Perf] closeCamera: X
01-01 02:41:30.816   257   739 W QCamera2HWI: [KPI Perf] close_camera_device: X
01-01 02:41:30.818   257   739 I CameraService: onTorchStatusChangedLocked: Torch status changed for cameraId=0, newStatus=1
01-01 02:41:30.818   257   739 I CameraService: disconnect: Disconnected client for camera 1 for PID 257
01-01 02:41:30.818   257   739 D NuPlayerDriver: reset(0xb5d20ae0) at state 4
01-01 02:41:30.818   257   739 D NuPlayerDriver: notifyListener_l(0xb5d20ae0), (8, 0, 0), loop setting(0, 0)
01-01 02:41:30.818   257  1094 W AMessage: failed to post message as target looper for handler 0 is gone.
