01-03 01:36:36.175     0     0 I ueventd : loading /devices/fe200000.qcom,lpass/firmware/fe200000.qcom,lpass took 0ms
01-03 01:36:36.179     0     0 E selinux : SELinux:  Could not read /sys/devices/fe200000.qcom,lpass/firmware/fe200000.qcom,lpass: No such file or directory.
01-03 01:36:36.438     0     0 I pil-q6v5-lpass fe200000.qcom,lpass: adsp: Brought out of reset
01-03 01:36:36.541     0     0 I pil-q6v5-lpass fe200000.qcom,lpass: adsp: Power/Clock ready interrupt received
01-03 01:36:36.567     0     0 I pil-q6v5-lpass fe200000.qcom,lpass: Subsystem error monitoring/handling services are up
01-03 01:36:36.568     0     0 E         : sec_jack_probe - defer as codec_probe_done is false
01-03 01:36:36.568     0     0 I platform earjack.47: Driver sec_jack requests probe deferral
01-03 01:36:36.568     0     0 I apr_tal : Q6 Is Up
01-03 01:36:36.568     0     0 I platform sound.45: Driver msm8226-asoc-tapan requests probe deferral
01-03 01:36:36.568     0     0 E         : sec_jack_probe - defer as codec_probe_done is false
01-03 01:36:36.569     0     0 I platform earjack.47: Driver sec_jack requests probe deferral
01-03 01:36:36.569     0     0 I adsp-loader qcom,msm-adsp-loader.44: adsp_loader_do: Q6/ADSP image is loaded
01-03 01:36:36.569     0     0 I init    : Command 'write /sys/kernel/boot_adsp/boot 1' action=fs (/init.qcom.rc:71) returned 0 took 545ms.
01-03 01:36:36.569     0     0 I         : wcnss_wlan triggered by userspace
01-03 01:36:36.569     0     0 I platform sound.45: Driver msm8226-asoc-tapan requests probe deferral
01-03 01:36:36.570     0     0 E diag    : In diag_send_msg_mask_update, invalid status 0
01-03 01:36:36.570     0     0 E diag    : In diag_send_log_mask_update, invalid status 0
01-03 01:36:36.572     0     0 I platform sound.45: Driver msm8226-asoc-tapan requests probe deferral
01-03 01:36:36.572     0     0 E         : sec_jack_probe - defer as codec_probe_done is false
01-03 01:36:36.572     0     0 I platform earjack.47: Driver sec_jack requests probe deferral
01-03 01:36:36.579     0     0 I sps     : BAM 0xfe104000 (va:0xc8b40000) enabled: ver:0x15, number of pipes:19
01-03 01:36:36.579     0     0 I sps     : BAM 0xfe104000 is registered.
01-03 01:36:36.581     0     0 I tapan-slim-pgd: Platform data from device tree
01-03 01:36:36.581     0     0 I tapan-slim-pgd: cdc-vdd-h: vol=[1800000 1800000]uV, curr=[25000]uA, ond 0
01-03 01:36:36.581     0     0 I tapan-slim-pgd: cdc-vdd-px: vol=[1800000 1800000]uV, curr=[25000]uA, ond 0
01-03 01:36:36.581     0     0 I tapan-slim-pgd: cdc-vdd-cx: vol=[1200000 1200000]uV, curr=[2000]uA, ond 0
01-03 01:36:36.581     0     0 I tapan-slim-pgd: cdc-vdd-buck: vol=[1800000 2150000]uV, curr=[650000]uA, ond 1
01-03 01:36:36.581     0     0 I tapan-slim-pgd: cdc-vdd-buckhelper: vol=[1775000 2125000]uV, curr=[10000]uA, ond 1
01-03 01:36:36.581     0     0 E tapan-slim-pgd: Looking up qcom,cdc-micbias4-cfilt-sel property in node /soc/slim@fe12f000/tapan_codec failed
01-03 01:36:36.581     0     0 E tapan-slim-pgd: Looking up qcom,cdc-dmic-sample-rate property in node /soc/slim@fe12f000/tapan_codec failed
01-03 01:36:36.583     0     0 E wcd9xxx_init_supplies: Setting regulator voltage success for regulator cdc-vdd-buck err = 0
01-03 01:36:36.641     0     0 I slimbus : 1 laddr:0xcb, EAPC:0x1:0xe0
01-03 01:36:36.641     0     0 I tapan-slim-pgd: wcd9xxx_slim_device_up: slim device up
01-03 01:36:36.641     0     0 I slimbus : 1 laddr:0xca, EAPC:0x0:0xe0
01-03 01:36:36.647     0     0 I tapan-slim-pgd: wcd9xxx_check_codec_type: detected tapan_codec, major 0x103, minor 0x1, ver 0x1
01-03 01:36:36.647     0     0 I wcd9xxx_core_res_init: num_irqs = 31, num_irq_regs = 4
01-03 01:36:36.658     0     0 I         : tapan_codec tapan_codec: tapan_check_wcd9306: wcd9306 detected
01-03 01:36:36.660     0     0 E         : sec_jack_probe - defer as codec_probe_done is false
01-03 01:36:36.660     0     0 I platform earjack.47: Driver sec_jack requests probe deferral
01-03 01:36:36.660     0     0 I platform sound.45: Driver msm8226-asoc-tapan requests probe deferral
01-03 01:36:36.689     0     0 I ueventd : firmware: loading 'wcnss.mdt' for '/devices/fb21b000.qcom,pronto/firmware/fb21b000.qcom,pronto'
01-03 01:36:36.693     0     0 I pil_pronto fb21b000.qcom,pronto: wcnss: loading from 0x0d200000 to 0x0d7ae000
01-03 01:36:36.693     0     0 E selinux : SELinux:  Could not read /sys/devices/fb21b000.qcom,pronto/firmware/fb21b000.qcom,pronto/power: No such file or directory.
01-03 01:36:36.694     0     0 I ueventd : loading /devices/fb21b000.qcom,pronto/firmware/fb21b000.qcom,pronto took 4ms
01-03 01:36:36.709     0     0 I ueventd : firmware: loading 'wcnss.b02' for '/devices/fb21b000.qcom,pronto/firmware/fb21b000.qcom,pronto'
01-03 01:36:36.711     0     0 I ueventd : loading /devices/fb21b000.qcom,pronto/firmware/fb21b000.qcom,pronto took 1ms
01-03 01:36:36.718     0     0 I ueventd : firmware: loading 'wcnss.b04' for '/devices/fb21b000.qcom,pronto/firmware/fb21b000.qcom,pronto'
01-03 01:36:36.720     0     0 I ueventd : loading /devices/fb21b000.qcom,pronto/firmware/fb21b000.qcom,pronto took 2ms
01-03 01:36:36.726     0     0 I ueventd : firmware: loading 'wcnss.b06' for '/devices/fb21b000.qcom,pronto/firmware/fb21b000.qcom,pronto'
01-03 01:36:36.753     0     0 I ueventd : loading /devices/fb21b000.qcom,pronto/firmware/fb21b000.qcom,pronto took 26ms
01-03 01:36:36.754     0     0 I ueventd : firmware: loading 'wcnss.b07' for '/devices/fb21b000.qcom,pronto/firmware/fb21b000.qcom,pronto'
01-03 01:36:36.761     0     0 I ueventd : loading /devices/fb21b000.qcom,pronto/firmware/fb21b000.qcom,pronto took 7ms
01-03 01:36:36.762     0     0 I ueventd : firmware: loading 'wcnss.b08' for '/devices/fb21b000.qcom,pronto/firmware/fb21b000.qcom,pronto'
01-03 01:36:36.771     0     0 I ueventd : loading /devices/fb21b000.qcom,pronto/firmware/fb21b000.qcom,pronto took 8ms
01-03 01:36:36.772     0     0 I ueventd : firmware: loading 'wcnss.b09' for '/devices/fb21b000.qcom,pronto/firmware/fb21b000.qcom,pronto'
01-03 01:36:36.773     0     0 I ueventd : loading /devices/fb21b000.qcom,pronto/firmware/fb21b000.qcom,pronto took 1ms
01-03 01:36:36.773     0     0 E selinux : SELinux:  Could not read /sys/devices/fb21b000.qcom,pronto/firmware/fb21b000.qcom,pronto: No such file or directory.
01-03 01:36:36.860     0     0 I pil_pronto fb21b000.qcom,pronto: wcnss: Brought out of reset
01-03 01:36:37.694     0     0 I pil_pronto fb21b000.qcom,pronto: wcnss: Power/Clock ready interrupt received
01-03 01:36:37.805     0     0 I pil_pronto fb21b000.qcom,pronto: Subsystem error monitoring/handling services are up
01-03 01:36:37.807     0     0 E diag    : In diag_send_msg_mask_update, invalid status 0
01-03 01:36:37.808     0     0 E diag    : In diag_send_log_mask_update, invalid status 0
01-03 01:36:37.809     0     0 I platform sound.45: Driver msm8226-asoc-tapan requests probe deferral
01-03 01:36:37.810     0     0 E         : sec_jack_probe - defer as codec_probe_done is false
01-03 01:36:37.811     0     0 E init    : Unable to write to '/dev/wcnss_wlan': Bad address
01-03 01:36:37.811     0     0 I init    : Command 'write /dev/wcnss_wlan 1' action=fs (/init.qcom.rc:75) returned -1 took 1241ms.
01-03 01:36:37.811     0     0 I platform earjack.47: Driver sec_jack requests probe deferral
01-03 01:36:37.811     0     0 E init    : Unable to open '/sys/module/lowmemorykiller/parameters/enable_adaptive_lmk': No such file or directory
01-03 01:36:37.812     0     0 E init    : Unable to open '/sys/module/lowmemorykiller/parameters/vmpressure_file_min': No such file or directory
01-03 01:36:37.812     0     0 I init    : processing action (fs) from (init.qcom.usb.rc:40)
01-03 01:36:37.817     0     0 D SELinux : initialized (dev functionfs, type functionfs), uses genfs_contexts
01-03 01:36:37.818     0     0 I init    : processing action (post-fs) from (/init.rc:297)
01-03 01:36:37.832     0     0 E init    : property_set("ro.telephony.call_ring.multiple", "0") failed: property already set
01-03 01:36:37.832     0     0 W init    : Couldn't load property file: Unable to open '/odm/build.prop': No such file or directory: No such file or directory
01-03 01:36:37.833     0     0 W init    : Couldn't load property file: Unable to open '/factory/factory.prop': No such file or directory: No such file or directory
01-03 01:36:37.834     0     0 I init    : [libfs_mgr]fs_mgr_read_fstab_dt(): failed to read fstab from dt
01-03 01:36:37.836     0     0 I init    : starting service 'logd'...
01-03 01:36:37.838     0     0 I init    : starting service 'servicemanager'...
01-03 01:36:37.838     0     0 I init    : Created socket '/dev/socket/logd', mode 666, user 1036, group 1036
01-03 01:36:37.839     0     0 I init    : Created socket '/dev/socket/logdr', mode 666, user 1036, group 1036
01-03 01:36:37.839     0     0 I init    : starting service 'hwservicemanager'...
01-03 01:36:37.840     0     0 I init    : Created socket '/dev/socket/logdw', mode 222, user 1036, group 1036
01-03 01:36:37.840     0     0 I init    : Opened file '/proc/kmsg', flags 0
01-03 01:36:37.840     0     0 I init    : Opened file '/dev/kmsg', flags 1
01-03 01:36:37.841     0     0 I init    : starting service 'vndservicemanager'...
--------- beginning of events
01-03 01:36:37.868   227   227 I auditd  : SELinux: Loaded service_contexts from:
01-03 01:36:37.871   225   225 I auditd  : SELinux: Loaded service_contexts from:
01-03 01:36:37.873   225   225 I auditd  :     /plat_service_contexts
01-03 01:36:37.873   225   225 I auditd  :     /nonplat_service_contexts
01-03 01:36:37.873   227   227 I auditd  :     /vndservice_contexts
01-03 01:36:37.886     0     0 I logd.auditd: start
01-03 01:36:37.924     0     0 I spmi    : PPID 0xa0 incorrect owner 4
01-03 01:36:37.937   226   226 I snet_event_log: [121035042,-1,]
01-03 01:36:37.959   226   226 I snet_event_log: [121035042,-1,]
--------- beginning of system
01-03 01:36:38.003   234   234 I vold    : Vold 3.0 (the awakening) firing up
01-03 01:36:38.004   234   234 V vold    : Detected support for: exfat ext4 f2fs ntfs vfat
01-03 01:36:38.020   234   234 I vold    : [libfs_mgr]fs_mgr_read_fstab_dt(): failed to read fstab from dt
01-03 01:36:17.842   224   244 I auditd  : type=2000 audit(0.0:1): initialized
01-03 01:36:19.102   224   244 I auditd  : type=1325 audit(0.0:2): table=filter family=2 entries=0
01-03 01:36:19.102   224   244 I auditd  : type=1325 audit(0.0:3): table=mangle family=2 entries=0
01-03 01:36:19.102   224   244 I auditd  : type=1325 audit(0.0:4): table=nat family=2 entries=0
01-03 01:36:19.102   224   244 I auditd  : type=1325 audit(0.0:5): table=raw family=2 entries=0
01-03 01:36:19.102   224   244 I auditd  : type=1325 audit(0.0:6): table=security family=2 entries=0
01-03 01:36:19.102   224   244 I auditd  : type=1325 audit(0.0:7): table=filter family=3 entries=0
01-03 01:36:19.112   224   244 I auditd  : type=1325 audit(0.0:8): table=filter family=10 entries=0
01-03 01:36:19.112   224   244 I auditd  : type=1325 audit(0.0:9): table=mangle family=10 entries=0
01-03 01:36:19.112   224   244 I auditd  : type=1325 audit(0.0:10): table=raw family=10 entries=0
01-03 01:36:21.800   224   244 I auditd  : type=1403 audit(0.0:11): policy loaded auid=4294967295 ses=4294967295
01-03 01:36:35.909   191   191 I auditd  : type=1400 audit(0.0:12): avc: denied { read } for comm="e2fsck" name="mmcblk0p21" dev="tmpfs" ino=6432 scontext=u:r:fsck:s0 tcontext=u:object_r:block_device:s0 tclass=blk_file permissive=1
01-03 01:36:35.909   191   191 I auditd  : type=1400 audit(0.0:12): avc: denied { open } for comm="e2fsck" name="mmcblk0p21" dev="tmpfs" ino=6432 scontext=u:r:fsck:s0 tcontext=u:object_r:block_device:s0 tclass=blk_file permissive=1
01-03 01:36:35.909   191   191 I auditd  : type=1300 audit(0.0:12): arch=40000028 syscall=322 per=800008 success=yes exit=4 a0=ffffff9c a1=a7f15000 a2=20080 a3=0 items=1 ppid=169 ppcomm=init auid=4294967295 uid=0 gid=0 euid=0 suid=0 fsuid=0 egid=0 sgid=0 fsgid=0 tty=(none) ses=4294967295 comm="e2fsck" exe="/system/bin/e2fsck" subj=u:r:fsck:s0 key=(null)
01-03 01:36:35.909   224   244 I auditd  : type=1307 audit(0.0:12): cwd="/"
01-03 01:36:35.909   224   244 I auditd  : type=1302 audit(0.0:12): item=0 name="/dev/block/platform/msm_sdcc.1/by-name/persist" inode=6432 dev=00:0d mode=060600 ouid=0 ogid=0 rdev=b3:15 obj=u:object_r:block_device:s0
01-03 01:36:35.909   224   244 I auditd  : type=1327 audit(0.0:12): proctitle=2F73797374656D2F62696E2F65326673636B002D66002D79002F6465762F626C6F636B2F706C6174666F726D2F6D736D5F736463632E312F62792D6E616D652F70657273697374
01-03 01:36:35.909   224   244 I auditd  : type=1320 audit(0.0:12): 
01-03 01:36:35.909   191   191 I auditd  : type=1400 audit(0.0:13): avc: denied { write } for comm="e2fsck" name="mmcblk0p21" dev="tmpfs" ino=6432 scontext=u:r:fsck:s0 tcontext=u:object_r:block_device:s0 tclass=blk_file permissive=1
01-03 01:36:35.909   191   191 I auditd  : type=1300 audit(0.0:13): arch=40000028 syscall=322 per=800008 success=yes exit=4 a0=ffffff9c a1=a7f15060 a2=20082 a3=0 items=1 ppid=169 ppcomm=init auid=4294967295 uid=0 gid=0 euid=0 suid=0 fsuid=0 egid=0 sgid=0 fsgid=0 tty=(none) ses=4294967295 comm="e2fsck" exe="/system/bin/e2fsck" subj=u:r:fsck:s0 key=(null)
01-03 01:36:35.909   224   244 I auditd  : type=1307 audit(0.0:13): cwd="/"
01-03 01:36:35.909   224   244 I auditd  : type=1302 audit(0.0:13): item=0 name="/dev/block/platform/msm_sdcc.1/by-name/persist" inode=6432 dev=00:0d mode=060600 ouid=0 ogid=0 rdev=b3:15 obj=u:object_r:block_device:s0
01-03 01:36:35.909   224   244 I auditd  : type=1327 audit(0.0:13): proctitle=2F73797374656D2F62696E2F65326673636B002D66002D79002F6465762F626C6F636B2F706C6174666F726D2F6D736D5F736463632E312F62792D6E616D652F70657273697374
01-03 01:36:35.909   224   244 I auditd  : type=1320 audit(0.0:13): 
01-03 01:36:35.909   191   191 I auditd  : type=1400 audit(0.0:14): avc: denied { ioctl } for comm="e2fsck" path="/dev/block/mmcblk0p21" dev="tmpfs" ino=6432 ioctlcmd=127c scontext=u:r:fsck:s0 tcontext=u:object_r:block_device:s0 tclass=blk_file permissive=1
01-03 01:36:35.909   191   191 I auditd  : type=1300 audit(0.0:14): arch=40000028 syscall=54 per=800008 success=yes exit=0 a0=4 a1=127c a2=bec8a9c8 a3=bec8a94c items=0 ppid=169 ppcomm=init auid=4294967295 uid=0 gid=0 euid=0 suid=0 fsuid=0 egid=0 sgid=0 fsgid=0 tty=(none) ses=4294967295 comm="e2fsck" exe="/system/bin/e2fsck" subj=u:r:fsck:s0 key=(null)
01-03 01:36:35.909   224   244 I auditd  : type=1327 audit(0.0:14): proctitle=2F73797374656D2F62696E2F65326673636B002D66002D79002F6465762F626C6F636B2F706C6174666F726D2F6D736D5F736463632E312F62792D6E616D652F70657273697374
01-03 01:36:35.909   224   244 I auditd  : type=1320 audit(0.0:14): 
01-03 01:36:36.009   199   199 I auditd  : type=1400 audit(0.0:15): avc: denied { search } for comm="ueventd" name="/" dev="mmcblk0p2" ino=1 scontext=u:r:ueventd:s0 tcontext=u:object_r:vfat:s0 tclass=dir permissive=1
01-03 01:36:36.009   199   199 I auditd  : type=1400 audit(0.0:15): avc: denied { read } for comm="ueventd" name="adsp.mdt" dev="mmcblk0p2" ino=3 scontext=u:r:ueventd:s0 tcontext=u:object_r:vfat:s0 tclass=file permissive=1
01-03 01:36:36.009   199   199 I auditd  : type=1400 audit(0.0:15): avc: denied { open } for comm="ueventd" name="adsp.mdt" dev="mmcblk0p2" ino=3 scontext=u:r:ueventd:s0 tcontext=u:object_r:vfat:s0 tclass=file permissive=1
01-03 01:36:36.009   199   199 I auditd  : type=1300 audit(0.0:15): arch=40000028 syscall=322 per=800008 success=yes exit=7 a0=ffffff9c a1=b6ece2a0 a2=a0000 a3=0 items=1 ppid=163 ppcomm=ueventd auid=4294967295 uid=0 gid=0 euid=0 suid=0 fsuid=0 egid=0 sgid=0 fsgid=0 tty=(none) ses=4294967295 comm="ueventd" exe="/init" subj=u:r:ueventd:s0 key=(null)
01-03 01:36:36.009   224   244 I auditd  : type=1307 audit(0.0:15): cwd="/"
01-03 01:36:36.009   224   244 I auditd  : type=1302 audit(0.0:15): item=0 name="/etc/firmware/adsp.mdt" inode=3 dev=b3:02 mode=0100440 ouid=1000 ogid=1026 rdev=00:00 obj=u:object_r:vfat:s0
01-03 01:36:36.009   224   244 I auditd  : type=1327 audit(0.0:15): proctitle="/sbin/ueventd"
01-03 01:36:36.009   224   244 I auditd  : type=1320 audit(0.0:15): 
01-03 01:36:36.009   199   199 I auditd  : type=1400 audit(0.0:16): avc: denied { getattr } for comm="ueventd" path="/firmware-modem/image/adsp.mdt" dev="mmcblk0p2" ino=3 scontext=u:r:ueventd:s0 tcontext=u:object_r:vfat:s0 tclass=file permissive=1
01-03 01:36:36.009   199   199 I auditd  : type=1300 audit(0.0:16): arch=40000028 syscall=197 per=800008 success=yes exit=0 a0=7 a1=bef90cb8 a2=a0000 a3=0 items=0 ppid=163 ppcomm=ueventd auid=4294967295 uid=0 gid=0 euid=0 suid=0 fsuid=0 egid=0 sgid=0 fsgid=0 tty=(none) ses=4294967295 comm="ueventd" exe="/init" subj=u:r:ueventd:s0 key=(null)
01-03 01:36:36.009   224   244 I auditd  : type=1327 audit(0.0:16): proctitle="/sbin/ueventd"
01-03 01:36:36.009   224   244 I auditd  : type=1320 audit(0.0:16): 
01-03 01:36:36.549     1     1 I auditd  : type=1400 audit(0.0:17): avc: denied { write } for comm="init" name="wcnss_wlan" dev="tmpfs" ino=6345 scontext=u:r:init:s0 tcontext=u:object_r:wcnss_device:s0 tclass=chr_file permissive=1
01-03 01:36:36.549     1     1 I auditd  : type=1400 audit(0.0:18): avc: granted { open } for comm="init" name="wcnss_wlan" dev="tmpfs" ino=6345 scontext=u:r:init:s0 tcontext=u:object_r:wcnss_device:s0 tclass=chr_file
01-03 01:36:37.869   224   244 I auditd  : type=1305 audit(0.0:19): audit_pid=224 old=0 auid=4294967295 ses=4294967295 subj=u:r:logd:s0 res=1
01-03 01:36:37.869   224   244 I auditd  : type=1305 audit(0.0:20): audit_rate_limit=20 old=0 auid=4294967295 ses=4294967295 subj=u:r:logd:s0 res=1
01-03 01:36:37.894     0     0 I init    : Command 'restorecon --recursive --cross-filesystems /sys/kernel/debug' action=post-fs (/init.rc:320) returned 0 took 51ms.
01-03 01:36:37.895     0     0 I selinux : SELinux: Skipping restorecon_recursive(/cache)
01-03 01:36:37.899     0     0 I init    : processing action (post-fs) from (/system/etc/init/atrace.rc:3)
01-03 01:36:37.903     0     0 E init    : Unable to open '/sys/kernel/tracing/tracing_on': No such file or directory
01-03 01:36:37.904     0     0 I init    : processing action (post-fs) from (/system/etc/init/atrace_userdebug.rc:6)
01-03 01:36:37.905     0     0 I init    : processing action (late-fs) from (/init.rc:357)
01-03 01:36:37.906     0     0 I init    : starting service 'keymaster-3-0'...
01-03 01:36:37.907     0     0 I init    : processing action (post-fs-data) from (/init.rc:365)
01-03 01:36:37.909     0     0 I init    : starting service 'vold'...
01-03 01:36:37.911     0     0 I init    : Created socket '/dev/socket/vold', mode 660, user 0, group 1009
01-03 01:36:37.911     0     0 I init    : Created socket '/dev/socket/cryptd', mode 660, user 0, group 1009
01-03 01:36:37.979   233   233 I auditd  : type=1400 audit(0.0:21): avc: denied { search } for comm="android.hardwar" name="/" dev="mmcblk0p1" ino=1 scontext=u:r:hal_keymaster_default:s0 tcontext=u:object_r:vfat:s0 tclass=dir permissive=1
01-03 01:36:37.979   233   233 I auditd  : type=1400 audit(0.0:21): avc: denied { read } for comm="android.hardwar" name="keymaste.mdt" dev="mmcblk0p1" ino=21 scontext=u:r:hal_keymaster_default:s0 tcontext=u:object_r:vfat:s0 tclass=file permissive=1
01-03 01:36:37.979   233   233 I auditd  : type=1400 audit(0.0:21): avc: denied { open } for comm="android.hardwar" name="keymaste.mdt" dev="mmcblk0p1" ino=21 scontext=u:r:hal_keymaster_default:s0 tcontext=u:object_r:vfat:s0 tclass=file permissive=1
01-03 01:36:37.979   233   233 I auditd  : type=1300 audit(0.0:21): arch=40000028 syscall=322 per=800008 success=yes exit=7 a0=ffffff9c a1=bed39594 a2=20000 a3=0 items=1 ppid=1 ppcomm=init auid=4294967295 uid=1000 gid=1000 euid=1000 suid=1000 fsuid=1000 egid=1000 sgid=1000 fsgid=1000 tty=(none) ses=4294967295 comm="android.hardwar" exe="/system/vendor/bin/hw/android.hardware.keymaster@3.0-service" subj=u:r:hal_keymaster_default:s0 key=(null)
01-03 01:36:37.979   224   244 I auditd  : type=1307 audit(0.0:21): cwd="/"
01-03 01:36:37.979   224   244 I auditd  : type=1302 audit(0.0:21): item=0 name="/vendor/firmware/keymaster/keymaster.mdt" inode=21 dev=b3:01 mode=0100444 ouid=1000 ogid=1026 rdev=00:00 obj=u:object_r:vfat:s0
01-03 01:36:37.979   224   244 I auditd  : type=1327 audit(0.0:21): proctitle="/vendor/bin/hw/android.hardware.keymaster@3.0-service"
01-03 01:36:37.979   224   244 I auditd  : type=1320 audit(0.0:21): 
01-03 01:36:37.979   233   233 I auditd  : type=1400 audit(0.0:22): avc: denied { getattr } for comm="android.hardwar" path="/firmware/image/keymaste.mdt" dev="mmcblk0p1" ino=21 scontext=u:r:hal_keymaster_default:s0 tcontext=u:object_r:vfat:s0 tclass=file permissive=1
01-03 01:36:37.979   233   233 I auditd  : type=1300 audit(0.0:22): arch=40000028 syscall=197 per=800008 success=yes exit=0 a0=7 a1=bed39438 a2=bed394bc a3=e9 items=0 ppid=1 ppcomm=init auid=4294967295 uid=1000 gid=1000 euid=1000 suid=1000 fsuid=1000 egid=1000 sgid=1000 fsgid=1000 tty=(none) ses=4294967295 comm="android.hardwar" exe="/system/vendor/bin/hw/android.hardware.keymaster@3.0-service" subj=u:r:hal_keymaster_default:s0 key=(null)
01-03 01:36:37.979   224   244 I auditd  : type=1327 audit(0.0:22): proctitle="/vendor/bin/hw/android.hardware.keymaster@3.0-service"
01-03 01:36:37.979   224   244 I auditd  : type=1320 audit(0.0:22): 
01-03 01:36:37.979   235   235 I auditd  : type=1400 audit(0.0:23): avc: denied { search } for comm="ueventd" name="/" dev="mmcblk0p1" ino=1 scontext=u:r:ueventd:s0 tcontext=u:object_r:vfat:s0 tclass=dir permissive=1
01-03 01:36:37.979   235   235 I auditd  : type=1400 audit(0.0:23): avc: denied { read } for comm="ueventd" name="cmnlib.mdt" dev="mmcblk0p1" ino=26 scontext=u:r:ueventd:s0 tcontext=u:object_r:vfat:s0 tclass=file permissive=1
01-03 01:36:37.979   235   235 I auditd  : type=1400 audit(0.0:23): avc: denied { open } for comm="ueventd" name="cmnlib.mdt" dev="mmcblk0p1" ino=26 scontext=u:r:ueventd:s0 tcontext=u:object_r:vfat:s0 tclass=file permissive=1
01-03 01:36:37.979   235   235 I auditd  : type=1300 audit(0.0:23): arch=40000028 syscall=322 per=800008 success=yes exit=7 a0=ffffff9c a1=b6ece2a0 a2=a0000 a3=0 items=1 ppid=163 ppcomm=ueventd auid=4294967295 uid=0 gid=0 euid=0 suid=0 fsuid=0 egid=0 sgid=0 fsgid=0 tty=(none) ses=4294967295 comm="ueventd" exe="/init" subj=u:r:ueventd:s0 key=(null)
01-03 01:36:37.979   224   244 I auditd  : type=1307 audit(0.0:23): cwd="/"
01-03 01:36:37.979   224   244 I auditd  : type=1302 audit(0.0:23): item=0 name="/etc/firmware/cmnlib.mdt" inode=26 dev=b3:01 mode=0100444 ouid=1000 ogid=1026 rdev=00:00 obj=u:object_r:vfat:s0
01-03 01:36:37.979   224   244 I auditd  : type=1327 audit(0.0:23): proctitle="/sbin/ueventd"
01-03 01:36:37.979   224   244 I auditd  : type=1320 audit(0.0:23): 
01-03 01:36:37.989   235   235 I auditd  : type=1400 audit(0.0:24): avc: denied { getattr } for comm="ueventd" path="/firmware/image/cmnlib.mdt" dev="mmcblk0p1" ino=26 scontext=u:r:ueventd:s0 tcontext=u:object_r:vfat:s0 tclass=file permissive=1
01-03 01:36:37.989   235   235 I auditd  : type=1300 audit(0.0:24): arch=40000028 syscall=197 per=800008 success=yes exit=0 a0=7 a1=bef90cb8 a2=a0000 a3=0 items=0 ppid=163 ppcomm=ueventd auid=4294967295 uid=0 gid=0 euid=0 suid=0 fsuid=0 egid=0 sgid=0 fsgid=0 tty=(none) ses=4294967295 comm="ueventd" exe="/init" subj=u:r:ueventd:s0 key=(null)
01-03 01:36:37.989   224   244 I auditd  : type=1327 audit(0.0:24): proctitle="/sbin/ueventd"
01-03 01:36:37.989   224   244 I auditd  : type=1320 audit(0.0:24): 
01-03 01:36:38.000     0     0 I ueventd : firmware: loading 'cmnlib.mdt' for '/devices/virtual/qseecom/qseecom/qseecom'
01-03 01:36:38.001     0     0 I ueventd : loading /devices/virtual/qseecom/qseecom/qseecom took 2ms
01-03 01:36:38.009     0     0 I ueventd : firmware: loading 'cmnlib.b00' for '/devices/virtual/qseecom/qseecom/qseecom'
01-03 01:36:38.011     0     0 I ueventd : loading /devices/virtual/qseecom/qseecom/qseecom took 1ms
01-03 01:36:38.018     0     0 I ueventd : firmware: loading 'cmnlib.b01' for '/devices/virtual/qseecom/qseecom/qseecom'
01-03 01:36:38.019     0     0 I ueventd : loading /devices/virtual/qseecom/qseecom/qseecom took 1ms
01-03 01:36:38.027     0     0 I ueventd : firmware: loading 'cmnlib.b02' for '/devices/virtual/qseecom/qseecom/qseecom'
01-03 01:36:38.029     0     0 I ueventd : loading /devices/virtual/qseecom/qseecom/qseecom took 2ms
01-03 01:36:38.036     0     0 I ueventd : firmware: loading 'cmnlib.b03' for '/devices/virtual/qseecom/qseecom/qseecom'
01-03 01:36:38.037     0     0 I ueventd : loading /devices/virtual/qseecom/qseecom/qseecom took 1ms
01-03 01:36:38.042     0     0 I init    : starting service 'exec 1 (/system/bin/vdc --wait cryptfs init_user0)'...
01-03 01:36:38.043     0     0 I init    : SVC_EXEC pid 245 (uid 0 gid 0+0 context default) started; waiting...
01-03 01:36:38.053   234   241 D vold    : e4crypt_init_user0
01-03 01:36:38.053   234   241 D vold    : e4crypt_prepare_user_storage for volume null, user 0, serial 0, flags 1
01-03 01:36:38.053   234   241 D vold    : Preparing: /data/system/users/0
01-03 01:36:38.054   234   241 D vold    : Preparing: /data/misc/profiles/cur/0
01-03 01:36:38.055   234   241 D vold    : Preparing: /data/system_de/0
01-03 01:36:38.055   234   241 D vold    : Preparing: /data/misc_de/0
01-03 01:36:38.055   234   241 D vold    : Preparing: /data/user_de/0
01-03 01:36:38.056   234   241 D vold    : e4crypt_unlock_user_key 0 serial=0 token_present=0
01-03 01:36:38.067     0     0 I init    : Service 'exec 1 (/system/bin/vdc --wait cryptfs init_user0)' (pid 245) exited with status 0 waiting took 0.025000 seconds
01-03 01:36:38.068     0     0 E         : sec_jack_probe - defer as codec_probe_done is false
01-03 01:36:38.068     0     0 I platform earjack.47: Driver sec_jack requests probe deferral
01-03 01:36:38.069     0     0 I platform sound.45: Driver msm8226-asoc-tapan requests probe deferral
01-03 01:36:38.069     0     0 I selinux : SELinux: Skipping restorecon_recursive(/data)
01-03 01:36:38.069     0     0 I init    : starting service 'exec 2 (/system/bin/tzdatacheck /system/usr/share/zoneinfo /data/misc/zoneinfo)'...
01-03 01:36:38.070     0     0 I init    : SVC_EXEC pid 246 (uid 1000 gid 1000+0 context default) started; waiting...
01-03 01:36:38.071     0     0 I wcnss_wlan_ctrl_probe: SMD ctrl channel up
01-03 01:36:38.072     0     0 I wcnss   : version 01050102
01-03 01:36:38.072     0     0 I wcnss   : schedule dnld work for pronto
01-03 01:36:38.072     0     0 I wcnss   : NV download
01-03 01:36:38.072     0     0 E wcnss   : wcnss_nvbin_dnld
01-03 01:36:38.072     0     0 E wcnss   : request_firmware
01-03 01:36:38.072     0     0 I platform sound.45: Driver msm8226-asoc-tapan requests probe deferral
01-03 01:36:38.072     0     0 E         : sec_jack_probe - defer as codec_probe_done is false
01-03 01:36:38.072     0     0 I platform earjack.47: Driver sec_jack requests probe deferral
01-03 01:36:38.090     0     0 I init    : Service 'exec 2 (/system/bin/tzdatacheck /system/usr/share/zoneinfo /data/misc/zoneinfo)' (pid 246) exited with status 0 waiting took 0.020000 seconds
01-03 01:36:38.090     0     0 I init    : processing action (post-fs-data) from (/init.rc:741)
01-03 01:36:38.090     0     0 W init    : Couldn't load property file: Unable to open '/data/local.prop': No such file or directory: No such file or directory
01-03 01:36:38.118     0     0 I init    : starting service 'aif97fX'...
01-03 01:36:38.224     0     0 D logd    : logdr: UID=0 GID=0 PID=252 n tail=0 logMask=19 pid=0 start=0ns timeout=0ns
01-03 01:36:38.255     0     0 D logd    : logdr: UID=0 GID=0 PID=255 b tail=0 logMask=19 pid=0 start=0ns timeout=0ns
01-03 01:36:38.268     0     0 I SELinux : Context  is not valid (left unmapped).
01-03 01:36:38.281     0     0 I init    : Command 'wait /dev/.magisk_unblock 10' action=post-fs-data (/init.rc:746) returned 0 took 161ms.
01-03 01:36:38.281     0     0 I init    : Service 'aif97fX' (pid 248) exited with status 0
01-03 01:36:38.281     0     0 I init    : processing action (post-fs-data) from (/init.usb.rc:6)
01-03 01:36:38.283     0     0 I init    : processing action (post-fs-data) from (/init.qcom.rc:81)
01-03 01:36:38.305     0     0 E init    : cannot find 'check_icd', disabling 'exec 3 (check_icd)': No such file or directory
01-03 01:36:38.306     0     0 E init    : Could not start exec service
01-03 01:36:38.308     0     0 I init    : processing action (post-fs-data) from (init.target.rc:27)
01-03 01:36:38.309     0     0 I init    : processing action (post-fs-data) from (/system/etc/init/bootstat.rc:3)
01-03 01:36:38.311     0     0 I init    : processing action (post-fs-data) from (/system/etc/init/lineage-ssh.rc:1)
01-03 01:36:38.313     0     0 I init    : processing action (post-fs-data) from (/system/etc/init/lineage-system.rc:6)
01-03 01:36:38.314     0     0 I init    : starting service 'sysinit'...
01-03 01:36:38.315     0     0 I init    : processing action (post-fs-data) from (/system/etc/init/lineage-updates.rc:1)
01-03 01:36:38.316     0     0 I init    : processing action (post-fs-data) from (/system/etc/init/logtagd.rc:4)
01-03 01:36:38.318     0     0 I init    : processing action (post-fs-data) from (/vendor/etc/init/hostapd.android.rc:9)
01-03 01:36:38.318     0     0 I init    : processing action (ro.crypto.state=unencrypted && zygote-start) from (/init.rc:527)
01-03 01:36:38.318     0     0 E init    : ExecStart(update_verifier_nonencrypted): Service not found
01-03 01:36:38.319     0     0 I init    : starting service 'netd'...
01-03 01:36:38.320     0     0 I init    : starting service 'zygote'...
01-03 01:36:38.321     0     0 I init    : Created socket '/dev/socket/netd', mode 660, user 0, group 1000
01-03 01:36:38.321     0     0 E init    : do_start: Service zygote_secondary not found
01-03 01:36:38.322     0     0 I init    : processing action (load_persist_props_action) from (/init.rc:254)
01-03 01:36:38.322     0     0 W init    : Couldn't load property file: Unable to open '/data/local.prop': No such file or directory: No such file or directory
01-03 01:36:38.322     0     0 I init    : Created socket '/dev/socket/dnsproxyd', mode 660, user 0, group 3003
01-03 01:36:38.323     0     0 I init    : Created socket '/dev/socket/mdns', mode 660, user 0, group 1000
01-03 01:36:38.323     0     0 I init    : Created socket '/dev/socket/fwmarkd', mode 660, user 0, group 3003
01-03 01:36:38.325     0     0 I init    : Created socket '/dev/socket/zygote', mode 660, user 0, group 1000
01-03 01:36:38.363     0     0 E init    : property_set("ro.persistent_properties.ready", "true") failed: property already set
01-03 01:36:38.363     0     0 I init    : starting service 'logd-reinit'...
01-03 01:36:38.365     0     0 I init    : processing action (load_persist_props_action) from (/system/etc/init/logcatd.rc:31)
01-03 01:36:38.365     0     0 I init    : processing action (firmware_mounts_complete) from (/init.rc:260)
01-03 01:36:38.365     0     0 I init    : processing action (early-boot) from (/init.qcom.rc:227)
01-03 01:36:38.365     0     0 I init    : processing action (early-boot) from (/system/etc/init/installd.rc:5)
01-03 01:36:38.407     0     0 I logd.daemon: reinit
01-03 01:36:38.409     0     0 I init    : Service 'logd-reinit' (pid 263) exited with status 0
01-03 01:36:38.431     0     0 I init    : processing action (boot) from (/init.rc:548)
01-03 01:36:38.441     0     0 I init    : starting service 'hidl_memory'...
01-03 01:36:38.443     0     0 I init    : starting service 'audio-hal-2-0'...
01-03 01:36:38.446     0     0 I init    : starting service 'bluetooth-1-0'...
01-03 01:36:38.448     0     0 I init    : starting service 'cas-hal-1-0'...
01-03 01:36:38.452     0     0 I init    : starting service 'configstore-hal-1-0'...
01-03 01:36:38.455     0     0 I init    : starting service 'drm-hal-1-0'...
01-03 01:36:38.458     0     0 I init    : starting service 'gralloc-2-0'...
01-03 01:36:38.461     0     0 I init    : starting service 'memtrack-hal-1-0'...
01-03 01:36:38.463     0     0 I init    : starting service 'power-hal-1-0'...
01-03 01:36:38.466     0     0 I init    : starting service 'usb-hal-1-0'...
01-03 01:36:38.469     0     0 I init    : starting service 'wifi_hal_legacy'...
01-03 01:36:38.473     0     0 I init    : starting service 'healthd'...
01-03 01:36:38.475     0     0 I init    : starting service 'qmuxd'...
01-03 01:36:38.477     0     0 I init    : starting service 'qseecomd'...
01-03 01:36:38.484     0     0 I init    : starting service 'rfs_access'...
01-03 01:36:38.487     0     0 I init    : starting service 'rmt_storage'...
01-03 01:36:38.488     0     0 I init    : starting service 'lmkd'...
01-03 01:36:38.490     0     0 I init    : starting service 'surfaceflinger'...
01-03 01:36:38.489     1     1 I auditd  : type=1400 audit(0.0:25): avc: denied { mounton } for comm="init" path="/sys/kernel/debug" dev="debugfs" ino=1 scontext=u:r:init:s0 tcontext=u:object_r:debugfs:s0 tclass=dir permissive=1
01-03 01:36:38.505     0     0 I init    : starting service 'thermalservice'...
01-03 01:36:38.506     0     0 I init    : processing action (boot) from (/init.usb.rc:25)
01-03 01:36:38.506     0     0 I init    : processing action (persist.sys.usb.config=* && boot) from (/init.usb.rc:106)
01-03 01:36:38.506     0     0 I init    : processing action (boot) from (/init.qcom.rc:234)
01-03 01:36:38.508     0     0 E init    : Failed to bind socket 'pdx/system/vr/display/client': No such file or directory
01-03 01:36:38.509     0     0 E init    : Failed to bind socket 'pdx/system/vr/display/manager': No such file or directory
01-03 01:36:38.510     0     0 E init    : Failed to bind socket 'pdx/system/vr/display/vsync': No such file or directory
01-03 01:36:38.512     0     0 E init    : Unable to find GID for 'net_bt_stack': getpwnam failed: No such file or directory
01-03 01:36:38.512     0     0 I init    : Created socket '/dev/socket/lmkd', mode 660, user 1000, group 1000
01-03 01:36:38.512     0     0 E init    : Unable to find GID for 'net_bt_stack': getpwnam failed: No such file or directory
01-03 01:36:38.509   287   287 I auditd  : type=1400 audit(0.0:26): avc: denied { search } for comm="ueventd" name="/" dev="mmcblk0p1" ino=1 scontext=u:r:ueventd:s0 tcontext=u:object_r:vfat:s0 tclass=dir permissive=1
01-03 01:36:38.509   287   287 I auditd  : type=1400 audit(0.0:26): avc: denied { read } for comm="ueventd" name="cmnlib.mdt" dev="mmcblk0p1" ino=26 scontext=u:r:ueventd:s0 tcontext=u:object_r:vfat:s0 tclass=file permissive=1
01-03 01:36:38.509   287   287 I auditd  : type=1400 audit(0.0:26): avc: denied { open } for comm="ueventd" name="cmnlib.mdt" dev="mmcblk0p1" ino=26 scontext=u:r:ueventd:s0 tcontext=u:object_r:vfat:s0 tclass=file permissive=1
01-03 01:36:38.521     0     0 I ueventd : firmware: loading 'cmnlib.mdt' for '/devices/virtual/qseecom/qseecom/qseecom'
01-03 01:36:38.523     0     0 I ueventd : loading /devices/virtual/qseecom/qseecom/qseecom took 2ms
01-03 01:36:38.535     0     0 E init    : Unable to open '/proc/sys/net/ipv6/conf/rmnet_sdio0/accept_ra': No such file or directory
01-03 01:36:38.536     0     0 E init    : Unable to open '/proc/sys/net/ipv6/conf/rmnet_sdio1/accept_ra': No such file or directory
01-03 01:36:38.536     0     0 E init    : Unable to open '/proc/sys/net/ipv6/conf/rmnet_sdio2/accept_ra': No such file or directory
01-03 01:36:38.536     0     0 E init    : Unable to open '/proc/sys/net/ipv6/conf/rmnet_sdio3/accept_ra': No such file or directory
01-03 01:36:38.536     0     0 E init    : Unable to open '/proc/sys/net/ipv6/conf/rmnet_sdio4/accept_ra': No such file or directory
01-03 01:36:38.536     0     0 E init    : Unable to open '/proc/sys/net/ipv6/conf/rmnet_sdio5/accept_ra': No such file or directory
01-03 01:36:38.537     0     0 E init    : Unable to open '/proc/sys/net/ipv6/conf/rmnet_sdio6/accept_ra': No such file or directory
01-03 01:36:38.537     0     0 E init    : Unable to open '/proc/sys/net/ipv6/conf/rmnet_sdio7/accept_ra': No such file or directory
01-03 01:36:38.537     0     0 E init    : Unable to open '/proc/sys/net/ipv6/conf/rmnet_usb1/accept_ra': No such file or directory
01-03 01:36:38.537     0     0 E init    : Unable to open '/proc/sys/net/ipv6/conf/rmnet_usb2/accept_ra': No such file or directory
01-03 01:36:38.537     0     0 E init    : Unable to open '/proc/sys/net/ipv6/conf/rmnet_usb3/accept_ra': No such file or directory
01-03 01:36:38.547     0     0 I         : home_key wakeup status 1
01-03 01:36:38.547     0     0 I         : volume_down wakeup status 0
01-03 01:36:38.547     0     0 I         : volume_up wakeup status 0
01-03 01:36:38.547     0     0 E init    : Unable to find UID for 'vibe': getpwnam failed: No such file or directory
01-03 01:36:38.551     0     0 I init    : processing action (boot) from (init.target.rc:36)
01-03 01:36:38.509   287   287 I auditd  : type=1300 audit(0.0:26): arch=40000028 syscall=322 per=800008 success=yes exit=7 a0=ffffff9c a1=b6ece2a0 a2=a0000 a3=0 items=1 ppid=163 ppcomm=ueventd auid=4294967295 uid=0 gid=0 euid=0 suid=0 fsuid=0 egid=0 sgid=0 fsgid=0 tty=(none) ses=4294967295 comm="ueventd" exe="/init" subj=u:r:ueventd:s0 key=(null)
01-03 01:36:38.509   224   244 I auditd  : type=1307 audit(0.0:26): cwd="/"
01-03 01:36:38.509   224   244 I auditd  : type=1302 audit(0.0:26): item=0 name="/etc/firmware/cmnlib.mdt" inode=26 dev=b3:01 mode=0100444 ouid=1000 ogid=1026 rdev=00:00 obj=u:object_r:vfat:s0
01-03 01:36:38.509   224   244 I auditd  : type=1327 audit(0.0:26): proctitle="/sbin/ueventd"
01-03 01:36:38.509   224   244 I auditd  : type=1320 audit(0.0:26): 
01-03 01:36:38.509   287   287 I auditd  : type=1400 audit(0.0:27): avc: denied { getattr } for comm="ueventd" path="/firmware/image/cmnlib.mdt" dev="mmcblk0p1" ino=26 scontext=u:r:ueventd:s0 tcontext=u:object_r:vfat:s0 tclass=file permissive=1
01-03 01:36:38.509   287   287 I auditd  : type=1300 audit(0.0:27): arch=40000028 syscall=197 per=800008 success=yes exit=0 a0=7 a1=bef90cb8 a2=a0000 a3=0 items=0 ppid=163 ppcomm=ueventd auid=4294967295 uid=0 gid=0 euid=0 suid=0 fsuid=0 egid=0 sgid=0 fsgid=0 tty=(none) ses=4294967295 comm="ueventd" exe="/init" subj=u:r:ueventd:s0 key=(null)
01-03 01:36:38.509   224   244 I auditd  : type=1327 audit(0.0:27): proctitle="/sbin/ueventd"
01-03 01:36:38.509   224   244 I auditd  : type=1320 audit(0.0:27): 
01-03 01:36:38.619   224   244 I auditd  : type=1325 audit(0.0:28): table=filter family=2 entries=4
01-03 01:36:38.619   224   244 I auditd  : type=1320 audit(0.0:28): 
01-03 01:36:38.572   226   226 I snet_event_log: [121035042,-1,]
01-03 01:36:38.585     0     0 E init    : property_set("ro.nfc.port", "I2C") failed: property already set
01-03 01:36:38.612     0     0 I init    : processing action (boot) from (/system/etc/init/bootstat.rc:57)
01-03 01:36:38.612     0     0 I init    : processing action (boot) from (/system/etc/init/dumpstate.rc:1)
01-03 01:36:38.612     0     0 I init    : processing action (boot) from (/system/etc/init/lineage-governor.rc:1)
01-03 01:36:38.615     0     0 I init    : processing action (boot) from (/system/etc/init/lineage-iosched.rc:16)
01-03 01:36:38.616     0     0 E selinux : SELinux: Could not get canonical path for /sys/block/sda/queue/scheduler restorecon: No such file or directory.
01-03 01:36:38.617     0     0 E selinux : SELinux: Could not get canonical path for /sys/block/sde/queue/scheduler restorecon: No such file or directory.
01-03 01:36:38.617     0     0 E selinux : SELinux: Could not get canonical path for /sys/block/dm-0/queue/scheduler restorecon: No such file or directory.
01-03 01:36:38.617     0     0 I init    : processing action (boot) from (/system/etc/init/lineage-livedisplay.rc:1)
01-03 01:36:38.618     0     0 I init    : processing action (boot) from (/system/etc/init/lineage-system.rc:16)
01-03 01:36:38.619     0     0 I init    : processing action (boot) from (/system/etc/init/lineage-tcp.rc:1)
01-03 01:36:38.619     0     0 I init    : processing action (enable_property_trigger) from (<Builtin Action>:0)
01-03 01:36:38.620     0     0 I init    : processing action (security.perf_harden=1) from (/init.rc:696)
01-03 01:36:38.620     0     0 I init    : processing action (sys.usb.config=adb && sys.usb.configfs=0) from (/init.usb.rc:38)
01-03 01:36:38.620     0     0 I usb     : enabled: 0, dev->enabled: 0
01-03 01:36:38.638     0     0 I usb     : enabled: 1, dev->enabled: 0
01-03 01:36:38.638     0     0 D usb     : enable_store f_holder->f:ffs
01-03 01:36:38.638     0     0 D usb     : enable_store vendor=18d1,product=4ee7,bcdDevice=228
01-03 01:36:38.638     0     0 D         : ,Class=0,SubClass=0,Protocol=0
01-03 01:36:38.638     0     0 D usb     : enable_store next cmd : usb_add_config
01-03 01:36:38.638     0     0 I init    : starting service 'adbd'...
01-03 01:36:38.639     0     0 I init    : processing action (ro.boot.emmc=true) from (/init.qcom.rc:650)
01-03 01:36:38.639     0     0 I init    : processing action (sys.io.scheduler=*) from (/system/etc/init/lineage-iosched.rc:34)
01-03 01:36:38.640     0     0 W audit   : audit_lost=1 audit_rate_limit=20 audit_backlog_limit=64
01-03 01:36:38.640     0     0 E audit   : rate limit exceeded
01-03 01:36:38.659     0     0 E init    : Unable to open '/sys/block/mmcblk1/queue/scheduler': No such file or directory
01-03 01:36:38.659     0     0 E init    : Unable to open '/sys/block/sda/queue/scheduler': No such file or directory
01-03 01:36:38.659     0     0 E init    : Unable to open '/sys/block/sde/queue/scheduler': No such file or directory
01-03 01:36:38.659     0     0 E init    : Unable to open '/sys/block/dm-0/queue/scheduler': No such file or directory
01-03 01:36:38.660     0     0 I init    : processing action (sys.io.scheduler=bfq) from (/system/etc/init/lineage-iosched.rc:53)
01-03 01:36:38.660     0     0 E init    : Unable to open '/sys/block/mmcblk1/queue/iosched/slice_idle': No such file or directory
01-03 01:36:38.660     0     0 E init    : Unable to open '/sys/block/sda/queue/iosched/slice_idle': No such file or directory
01-03 01:36:38.660     0     0 E init    : Unable to open '/sys/block/sde/queue/iosched/slice_idle': No such file or directory
01-03 01:36:38.661     0     0 E init    : Unable to open '/sys/block/dm-0/queue/iosched/slice_idle': No such file or directory
01-03 01:36:38.661     0     0 I init    : processing action (nonencrypted) from (/init.rc:644)
01-03 01:36:38.661     0     0 I init    : starting service 'adsprpcd'...
01-03 01:36:38.665     0     0 I init    : Created socket '/dev/socket/adbd', mode 660, user 1000, group 1000
01-03 01:36:38.667     0     0 I init    : starting service 'irsc_util'...
01-03 01:36:38.669     0     0 I init    : starting service 'qcamerasvr'...
01-03 01:36:38.691     0     0 I init    : starting service 'thermal-engine'...
01-03 01:36:38.693     0     0 I init    : starting service 'audioserver'...
01-03 01:36:38.707     0     0 I init    : Created socket '/dev/socket/thermal-send-client', mode 666, user 1000, group 1000
01-03 01:36:38.708     0     0 I init    : Created socket '/dev/socket/thermal-recv-client', mode 660, user 1000, group 1000
01-03 01:36:38.708     0     0 I init    : Created socket '/dev/socket/thermal-recv-passive-client', mode 666, user 1000, group 1000
01-03 01:36:38.715     0     0 I init    : starting service 'drm'...
01-03 01:36:38.717     0     0 I init    : starting service 'installd'...
01-03 01:36:38.722     0     0 I warning : `qseecomd' uses 32-bit capabilities (legacy support in use)
01-03 01:36:38.741     0     0 I         : read descriptors
01-03 01:36:38.741     0     0 I         : read descriptors
01-03 01:36:38.741     0     0 I         : read strings
01-03 01:36:38.743     0     0 I init    : starting service 'keystore'...
01-03 01:36:38.745     0     0 I init    : starting service 'mediadrm'...
01-03 01:36:38.746     0     0 I init    : starting service 'mediaextractor'...
01-03 01:36:38.748     0     0 I init    : starting service 'mediametrics'...
01-03 01:36:38.749     0     0 I init    : starting service 'media'...
01-03 01:36:38.774     0     0 W healthd : unable to get HAL interface, using defaults
01-03 01:36:38.781     0     0 I init    : starting service 'storaged'...
01-03 01:36:38.783     0     0 I init    : starting service 'wificond'...
01-03 01:36:38.783     0     0 D BMS     : report_cc_based_soc: batt_temp phy = 297 meas = 0xe881b01000000000
01-03 01:36:38.783     0     0 D BMS     : report_cc_based_soc: last_soc = 96, calculated_soc = 96, soc = 96, time since last change = 19
01-03 01:36:38.783     0     0 I BMS     : bms_get_scaled_capacity: bms_get_scaled_capacity: scaled capacity (96.0)
01-03 01:36:38.783     0     0 D BMS     : backup_soc_and_iavg: soc = 96, soc__ = 194
01-03 01:36:38.783     0     0 D BMS     : report_cc_based_soc: Reported SOC = 96
01-03 01:36:38.783     0     0 I BMS     : bms_get_scaled_capacity: bms_get_scaled_capacity: scaled capacity (96.0)
01-03 01:36:38.785     0     0 I init    : starting service 'mediacodec'...
01-03 01:36:38.798     0     0 D BMS     : cc_adjust_for_gain: adjusting_uv = 5316
01-03 01:36:38.798     0     0 D BMS     : cc_adjust_for_gain: adjusting by factor: 3291/3132 = 105%
01-03 01:36:38.798     0     0 D BMS     : cc_adjust_for_gain: result_uv = 5585
01-03 01:36:38.798     0     0 D BMS     : get_battery_current: vsense_uv=5585uV
01-03 01:36:38.798     0     0 D BMS     : get_battery_current: err compensated ibat=558500uA
01-03 01:36:38.802     0     0 D BMS     : calculate_fcc: fcc = 2096000 uAh
01-03 01:36:38.807     0     0 E get_prop_batt_temp: get_bat_temp: adc_code(32495) physical (297)
01-03 01:36:38.808     0     0 W healthd : battery l=96 v=4118 t=29.7 h=2 st=3 c=558 fc=2096000 cc=0 chg=
01-03 01:36:38.812     0     0 I init    : Opened file '/d/mmc0/mmc0:0001/ext_csd', flags 0
01-03 01:36:38.820     0     0 I init    : starting service 'ril-daemon'...
01-03 01:36:38.822     0     0 I init    : Command 'class_start main' action=nonencrypted (/init.rc:645) returned 0 took 160ms.
01-03 01:36:38.823     0     0 I init    : starting service '0SVPKEw'...
01-03 01:36:38.824     0     0 E init    : cannot find '/system/bin/audiod', disabling 'audiod': No such file or directory
01-03 01:36:38.825     0     0 I init    : starting service 'time_daemon'...
01-03 01:36:38.826     0     0 I init    : starting service 'wcnss-service'...
01-03 01:36:38.828     0     0 I init    : starting service 'gatekeeperd'...
01-03 01:36:38.829     0     0 I init    : starting service 'perfprofd'...
01-03 01:36:38.860     0     0 I         : 'opened /dev/adsprpc-smd c 246 0'
01-03 01:36:38.876     0     0 I init    : starting service 'tombstoned'...
01-03 01:36:38.877     0     0 I init    : Command 'class_start late_start' action=nonencrypted (/init.rc:646) returned 0 took 54ms.
01-03 01:36:38.901     0     0 I init    : Created socket '/dev/socket/tombstoned_crash', mode 666, user 1000, group 1000
01-03 01:36:38.902     0     0 I init    : Created socket '/dev/socket/tombstoned_intercept', mode 666, user 1000, group 1000
01-03 01:36:38.903     0     0 I init    : Created socket '/dev/socket/tombstoned_java_trace', mode 666, user 1000, group 1000
01-03 01:36:39.042     0     0 I init    : Service 'irsc_util' (pid 292) exited with status 0
--------- beginning of radio
01-03 01:36:38.771   278   278 E use-Rlog/RLOG-RIL-QMI: qmuxd: linux_qmi_read_sysfs_config: couldn't open file /sys/module/f_rmnet/parameters/rmnet_ctl_ch
01-03 01:36:38.771   278   278 E use-Rlog/RLOG-RIL-QMI: qmuxd: linux_qmi_read_sysfs_config: couldn't open /sys/module/rmnet/parameters/rmnet_ctl_ch
01-03 01:36:38.771   278   278 E use-Rlog/RLOG-RIL-QMI: linux_qmi_qmux_if_configure_port_timeout: mode=0, smd_timeout=20, hsic_timeout=60
01-03 01:36:38.771   278   278 E use-Rlog/RLOG-RIL-QMI: linux_qmi_qmux_if_configure_port_timeout: failed to open HSIC timeout config=/sys/devices/virtual/hsicctl/hsicctl0/modem_wait errno [2:No such file or directory]
01-03 01:36:38.906   226   226 I chatty  : uid=1000(system) hwservicemanage identical 15 lines
01-03 01:36:38.909   226   226 I snet_event_log: [121035042,-1,]
01-03 01:36:39.159   317   317 I auditd  : type=1400 audit(0.0:75): avc: denied { read } for comm="wcnss_service" name=".mac.info" dev="mmcblk0p11" ino=22 scontext=u:r:wcnss_service:s0 tcontext=u:object_r:wifi_efs_file:s0 tclass=file permissive=1
01-03 01:36:39.159   317   317 I auditd  : type=1400 audit(0.0:75): avc: denied { open } for comm="wcnss_service" name=".mac.info" dev="mmcblk0p11" ino=22 scontext=u:r:wcnss_service:s0 tcontext=u:object_r:wifi_efs_file:s0 tclass=file permissive=1
01-03 01:36:39.159   317   317 I auditd  : type=1300 audit(0.0:75): arch=40000028 syscall=322 per=800008 success=yes exit=4 a0=ffffff9c a1=af3a2930 a2=20000 a3=0 items=1 ppid=1 ppcomm=init auid=4294967295 uid=1000 gid=1000 euid=1000 suid=1000 fsuid=1000 egid=1000 sgid=1000 fsgid=1000 tty=(none) ses=4294967295 comm="wcnss_service" exe="/system/bin/wcnss_service" subj=u:r:wcnss_service:s0 key=(null)
01-03 01:36:39.159   224   244 I auditd  : type=1307 audit(0.0:75): cwd="/"
01-03 01:36:39.159   224   244 I auditd  : type=1302 audit(0.0:75): item=0 name="/efs/wifi/.mac.info" inode=22 dev=b3:0b mode=0100660 ouid=1000 ogid=1010 rdev=00:00 obj=u:object_r:wifi_efs_file:s0
01-03 01:36:38.952   226   226 I snet_event_log: [121035042,-1,]
01-03 01:36:39.109   276   276 I android.hardware.wifi@1.0-service: Wifi Hal is booting up...
01-03 01:36:39.147   226   226 I chatty  : uid=1000(system) hwservicemanage identical 5 lines
