07-14 10:56:38.131   314   379 E RILD    : [NIF] Deleting IPv6 host routes.
07-14 10:56:38.132   314   379 E RILD    : [NIF] Interface(rmnet0) is down.
07-14 10:56:38.132   314   379 E RILD    : [NIF] Clearing IPv4 address.
07-14 10:56:38.133   314   379 E RILD    : [NIF] Address is set for rmnet1
07-14 10:56:38.133   314   379 E RILD    : [NIF] Clearing all the IPv6 global addresses.
07-14 10:56:38.133   314   379 E RILD    : [NIF] Deleting IPv6 default routes.
07-14 10:56:38.134   314   379 E RILD    : [NIF] Deleting IPv6 host routes.
07-14 10:56:38.134   461   461 I SystemServer: StartCountryDetectorService
07-14 10:56:38.135   314   379 E RILD    : [NIF] Interface(rmnet1) is down.
07-14 10:56:38.135   314   379 E RILD    : [NIF] Clearing IPv4 address.
07-14 10:56:38.135   314   379 E RILD    : [NIF] Address is set for rmnet2
07-14 10:56:38.135   314   379 E RILD    : [NIF] Clearing all the IPv6 global addresses.
07-14 10:56:38.135   461   461 I SystemServer: StartSearchManagerService
07-14 10:56:38.135   314   379 E RILD    : [NIF] Deleting IPv6 default routes.
07-14 10:56:38.135   461   461 I SystemServiceManager: Starting com.android.server.search.SearchManagerService$Lifecycle
07-14 10:56:38.136   314   379 E RILD    : [NIF] Deleting IPv6 host routes.
07-14 10:56:38.137   314   379 E RILD    : [NIF] Interface(rmnet2) is down.
07-14 10:56:38.137   314   379 E RILD    : [NIF] Clearing IPv4 address.
07-14 10:56:38.137   314   379 E RILD    : [NIF] Address is set for rmnet3
07-14 10:56:38.137   314   379 E RILD    : [NIF] Clearing all the IPv6 global addresses.
07-14 10:56:38.137   314   379 E RILD    : [NIF] Deleting IPv6 default routes.
07-14 10:56:38.138   314   379 E RILD    : [NIF] Deleting IPv6 host routes.
07-14 10:56:38.139   314   379 E RILD    : [NIF] Interface(rmnet3) is down.
07-14 10:56:38.139   314   379 E RILD    : [NIF] Clearing IPv4 address.
07-14 10:56:38.139   314   379 E RILD    : [NIF] Address is set for rmnet4
07-14 10:56:38.139   461   461 I SystemServer: StartWallpaperManagerService
07-14 10:56:38.139   314   379 E RILD    : [NIF] Clearing all the IPv6 global addresses.
07-14 10:56:38.139   314   379 E RILD    : [NIF] Deleting IPv6 default routes.
07-14 10:56:38.140   461   461 I SystemServiceManager: Starting com.android.server.wallpaper.WallpaperManagerService$Lifecycle
07-14 10:56:38.141   314   379 E RILD    : [NIF] Deleting IPv6 host routes.
07-14 10:56:38.142   314   379 E RILD    : [NIF] Interface(rmnet4) is down.
07-14 10:56:38.143   314   379 E RILD    : [FD] fd_wakelock file open failed
07-14 10:56:38.143   314   379 E RILD    : [NIF] Clearing IPv4 address.
07-14 10:56:38.144   314   379 E RILD    : [NIF] Address is set for rmnet0
07-14 10:56:38.144   314   379 E RILD    : [NIF] Clearing all the IPv6 global addresses.
07-14 10:56:38.144   461   461 I WallpaperManagerService: No static wallpaper imagery; defaults will be shown
07-14 10:56:38.144   314   379 E RILD    : [NIF] Deleting IPv6 default routes.
07-14 10:56:38.145   314   379 E RILD    : [NIF] Deleting IPv6 host routes.
07-14 10:56:38.146   314   379 E RILD    : [NIF] Interface(rmnet0) is down.
07-14 10:56:38.146   461   461 I SystemServer: StartAudioService
07-14 10:56:38.146   314   379 E RILD    : [NIF] Clearing IPv4 address.
07-14 10:56:38.146   314   379 E RILD    : [NIF] Address is set for rmnet1
07-14 10:56:38.146   314   379 E RILD    : [NIF] Clearing all the IPv6 global addresses.
07-14 10:56:38.146   461   461 I SystemServiceManager: Starting com.android.server.audio.AudioService$Lifecycle
07-14 10:56:38.146   314   379 E RILD    : [NIF] Deleting IPv6 default routes.
07-14 10:56:38.147   314   379 E RILD    : [NIF] Deleting IPv6 host routes.
07-14 10:56:38.148   314   379 E RILD    : [NIF] Interface(rmnet1) is down.
07-14 10:56:38.148   314   379 E RILD    : [NIF] Clearing IPv4 address.
07-14 10:56:38.148   314   379 E RILD    : [NIF] Address is set for rmnet2
07-14 10:56:38.148   314   379 E RILD    : [NIF] Clearing all the IPv6 global addresses.
07-14 10:56:38.149   314   379 E RILD    : [NIF] Deleting IPv6 default routes.
07-14 10:56:38.150   314   379 E RILD    : [NIF] Deleting IPv6 host routes.
07-14 10:56:38.150   314   379 E RILD    : [NIF] Interface(rmnet2) is down.
07-14 10:56:38.151   314   379 E RILD    : [NIF] Clearing IPv4 address.
07-14 10:56:38.151   314   379 E RILD    : [NIF] Address is set for rmnet3
07-14 10:56:38.151   314   379 E RILD    : [NIF] Clearing all the IPv6 global addresses.
07-14 10:56:38.151   314   379 E RILD    : [NIF] Deleting IPv6 default routes.
07-14 10:56:38.152   314   379 E RILD    : [NIF] Deleting IPv6 host routes.
07-14 10:56:38.153   314   379 E RILD    : [NIF] Interface(rmnet3) is down.
07-14 10:56:38.153   314   379 E RILD    : [NIF] Clearing IPv4 address.
07-14 10:56:38.153   314   379 E RILD    : [NIF] Address is set for rmnet4
07-14 10:56:38.153   314   379 E RILD    : [NIF] Clearing all the IPv6 global addresses.
07-14 10:56:38.153   314   379 E RILD    : [NIF] Deleting IPv6 default routes.
07-14 10:56:38.154   314   379 E RILD    : [NIF] Deleting IPv6 host routes.
07-14 10:56:38.155   314   379 E RILD    : [NIF] Interface(rmnet4) is down.
07-14 10:56:38.156   314   379 E RILD    : Handlers registered
07-14 10:56:38.162   314   379 E RILD    : RegisterForImsSupportStateChange start
07-14 10:56:38.162   314   379 E RILD    : RegisterForOnLteCaStatusNoti start
07-14 10:56:38.162   314   379 E RILD    : RegisterForImsRetryNetwork start
07-14 10:56:38.162   314   379 E RILD    : SetSimOperator: invalid operator
07-14 10:56:38.162   314   379 E RILD    : Failed to get IMSI value.
07-14 10:56:38.162   314   379 E RILD    : Start, NetlinkUtils thread Started
07-14 10:56:38.163   314   592 E RILD    : Force-exit is required for this thread
07-14 10:56:38.163   314   379 E RILD    : DefRoute for rmnet0 is disabled
07-14 10:56:38.163   314   379 E RILD    : DefRoute for rmnet1 is disabled
07-14 10:56:38.163   314   379 E RILD    : DefRoute for rmnet2 is disabled
07-14 10:56:38.163   314   379 E RILD    : DefRoute for rmnet3 is disabled
07-14 10:56:38.163   314   379 E RILD    : DefRoute for rmnet4 is disabled
07-14 10:56:38.163   314   379 E RILD    : autoconf for rmnet0 is disabled.
07-14 10:56:38.163   461   591 I ServiceManager: Waiting for service media.audio_policy...
07-14 10:56:38.163   314   379 E RILD    : autoconf for rmnet1 is disabled.
07-14 10:56:38.164   314   379 E RILD    : autoconf for rmnet2 is disabled.
07-14 10:56:38.164   314   379 E RILD    : autoconf for rmnet3 is disabled.
07-14 10:56:38.164   314   379 E RILD    : autoconf for rmnet4 is disabled.
07-14 10:56:38.164   314   379 E RILD    : AcceptRa is set to 1 for rmnet0.
07-14 10:56:38.164   314   379 E RILD    : AcceptRa is set to 1 for rmnet1.
07-14 10:56:38.164   314   379 E RILD    : AcceptRa is set to 1 for rmnet2.
07-14 10:56:38.164   314   379 E RILD    : AcceptRa is set to 1 for rmnet3.
07-14 10:56:38.164   314   379 E RILD    : AcceptRa is set to 1 for rmnet4.
07-14 10:56:38.164   314   379 E RILD    : ElapsedRealTime() Cannot open file /dev/alarm
07-14 10:56:38.164   314   379 E RILD    : RegisterForRetryApnChange start
07-14 10:56:38.164   314   379 E RILD    : AddHandler: Handler already exit.
07-14 10:56:38.164   314   379 E RILD    : RegisterForImsRetryOver start
07-14 10:56:38.164   314   379 E RILD    : ElapsedRealTime() Cannot open file /dev/alarm
07-14 10:56:38.164   314   379 I chatty  : uid=1001(radio) /vendor/bin/hw/rild identical 2 lines
07-14 10:56:38.165   314   379 E RILD    : ElapsedRealTime() Cannot open file /dev/alarm
07-14 10:56:38.165   314   593 E RILD    : Force-exit is required for this thread
07-14 10:56:38.165   314   379 E RILD    : DoModemBoot()
07-14 10:56:38.165   314   593 E RILD    : ElapsedRealTime() Cannot open file /dev/alarm
07-14 10:56:38.165   314   593 E RILD    : IMS-MGR: evt(202)
07-14 10:56:38.165   314   593 E RILD    : IMS-MGR: EVENT_DATA_CALL_STATE_CHANGED
07-14 10:56:38.165   314   379 E RILD    : ElapsedRealTime() Cannot open file /dev/alarm
07-14 10:56:38.165   314   593 E RILD    : LDC-MGR: evt(10001)
07-14 10:56:38.165   314   379 E RILD    : SendMessage: svc(VOICE), msg(0x3:QMI_VOICE_INDICATION_REGISTER), sync(1), internal(1), size(42)
07-14 10:56:38.165   461   461 W TelecomManager: Telecom Service not found.
07-14 10:56:38.165   314   593 E RILD    : ElapsedRealTime() Cannot open file /dev/alarm
07-14 10:56:38.165   314   593 E RILD    : ElapsedRealTime() Cannot open file /dev/alarm
07-14 10:56:38.165   278   278 E use-Rlog/RLOG-RIL-QMI: qmuxd: RX 55 bytes on fd=22 from qmux_client_id=0x0
07-14 10:56:38.165   314   593 E RILD    : ElapsedRealTime() Cannot open file /dev/alarm
07-14 10:56:38.165   314   593 E RILD    : ElapsedRealTime() Cannot open file /dev/alarm
07-14 10:56:38.166   278   471 E use-Rlog/RLOG-RIL-QMI: qmuxd: TX message on fd=22, to qmux_client_id=0x0, len=54
07-14 10:56:38.166   314   379 E RILD    : ReceiveMessage: svc(VOICE), msg(0x3:QMI_VOICE_INDICATION_REGISTER), indi(0), size(8), err(0)
07-14 10:56:38.166   314   379 E RILD    : ElapsedRealTime() Cannot open file /dev/alarm
07-14 10:56:38.166   314   379 E RILD    : SendMessage: svc(NAS), msg(0x50:QMI_NAS_CONFIG_SIG_INFO), sync(1), internal(1), size(372)
07-14 10:56:38.166   314   595 E RILD    : Force-exit is required for this thread
07-14 10:56:38.166   278   278 E use-Rlog/RLOG-RIL-QMI: qmuxd: RX 196 bytes on fd=22 from qmux_client_id=0x0
07-14 10:56:38.167   278   471 E use-Rlog/RLOG-RIL-QMI: qmuxd: TX message on fd=22, to qmux_client_id=0x0, len=54
07-14 10:56:38.167   314   379 E RILD    : ReceiveMessage: svc(NAS), msg(0x50:QMI_NAS_CONFIG_SIG_INFO), indi(0), size(8), err(0)
07-14 10:56:38.167   314   379 E RILD    : Result(0), Error(0)
07-14 10:56:38.167   314   379 E RILD    : ElapsedRealTime() Cannot open file /dev/alarm
07-14 10:56:38.168   314   379 E RILD    : SendMessage: svc(NAS), msg(0x2:QMI_NAS_SET_EVENT_REPORT), sync(1), internal(1), size(104)
07-14 10:56:38.168   278   278 E use-Rlog/RLOG-RIL-QMI: qmuxd: RX 51 bytes on fd=22 from qmux_client_id=0x0
07-14 10:56:38.168   278   471 E use-Rlog/RLOG-RIL-QMI: qmuxd: TX message on fd=22, to qmux_client_id=0x0, len=54
07-14 10:56:38.168   314   379 E RILD    : ReceiveMessage: svc(NAS), msg(0x2:QMI_NAS_SET_EVENT_REPORT), indi(0), size(8), err(0)
07-14 10:56:38.168   314   379 E RILD    : RxSetEventReport: Receive set event report response
07-14 10:56:38.168   314   379 E RILD    : Result(0), Error(0)
07-14 10:56:38.168   314   379 E RILD    : ElapsedRealTime() Cannot open file /dev/alarm
07-14 10:56:38.168   314   379 E RILD    : SendMessage: svc(NAS), msg(0x4D:QMI_NAS_GET_SYS_INFO), sync(1), internal(1), size(0)
07-14 10:56:38.168   278   278 E use-Rlog/RLOG-RIL-QMI: qmuxd: RX 47 bytes on fd=22 from qmux_client_id=0x0
07-14 10:56:38.169   278   471 E use-Rlog/RLOG-RIL-QMI: qmuxd: TX message on fd=22, to qmux_client_id=0x0, len=80
07-14 10:56:38.169   314   379 E RILD    : ReceiveMessage: svc(NAS), msg(0x4D:QMI_NAS_GET_SYS_INFO), indi(0), size(1072), err(0)
07-14 10:56:38.169   314   379 E RILD    : Result(0), Error(0)
07-14 10:56:38.169   314   379 E RILD    : [VoLTE] VoPS [0], EbSupport [0], EmergencyAccessBarred [0]
07-14 10:56:38.169   314   379 E RILD    : UpdateVoiceRte: [CS] 1x reg [0], gsm reg [2], wcdma reg [2], lte reg [0], hdr reg [0], Td reg [0]
07-14 10:56:38.169   314   379 E RILD    : UpdateVoiceRte: mVoiceRte(0), Confidence(4), mReportedLteSmsStatus(0)
07-14 10:56:38.169   314   379 E RILD    : UpdateDataRte: [PS] 1x reg [0], gsm reg [2], wcdma reg [2], lte reg [0], hdr reg [0], Td reg [0], pref_data_tech(0), radio_tech_flag(0)
07-14 10:56:38.169   314   379 E RILD    : UpdateDataRte: mDataRte(0), Confidence(4)
07-14 10:56:38.169   314   379 E RILD    : UpdateImsRte: mImsRte(0), Confidence(4)
07-14 10:56:38.169   314   379 E RILD    : UpdateVoiceTech() - RteType: 2, VoiceRadioTech: 0 -> 0
07-14 10:56:38.169   314   379 E RILD    : GetVoiceSysInfo: regState(2), voiceRte(0), isRte3gpp(1)
07-14 10:56:38.169   314   379 E RILD    :  ... cid invalid, set cid to previous value 0, 0
07-14 10:56:38.169   314   379 E RILD    : cdmaCcsSupported: 0, SimulVoiceAndDataCapability Valid: 0, Value: 0
07-14 10:56:38.169   314   379 E RILD    : mReportedDataTechnology Valid: 0, Value: 0
07-14 10:56:38.170   314   379 E RILD    : .. VoPS: 0, EbSupport: 0, EmergencyBarring: 0
07-14 10:56:38.170   314   379 E RILD    : BuildVoiceRegState : rData->mTac : 0
07-14 10:56:38.170   314   379 E RILD    : ElapsedRealTime() Cannot open file /dev/alarm
07-14 10:56:38.170   314   379 E RILD    : SendMessage: svc(NAS), msg(0x3:QMI_NAS_INDICATION_REGISTER), sync(1), internal(1), size(57)
07-14 10:56:38.170   278   278 E use-Rlog/RLOG-RIL-QMI: qmuxd: RX 103 bytes on fd=22 from qmux_client_id=0x0
07-14 10:56:38.171   278   471 E use-Rlog/RLOG-RIL-QMI: qmuxd: TX message on fd=22, to qmux_client_id=0x0, len=54
07-14 10:56:38.171   314   379 E RILD    : ReceiveMessage: svc(NAS), msg(0x3:QMI_NAS_INDICATION_REGISTER), indi(0), size(8), err(0)
07-14 10:56:38.171   314   379 E RILD    : RxSetIndicationRegister: Receive indication reg response
07-14 10:56:38.171   314   379 E RILD    : IsConsideredRegistered: cs 1x(0), gsm(2), wcdma(2), lte(0), hdr(0), Td(0)
07-14 10:56:38.171   314   379 E RILD    : IsConsideredRegistered: ps 1x(0), gsm(2), wcdma(2), lte(0), hdr(0), Td(0)
07-14 10:56:38.171   314   379 E RILD    : ElapsedRealTime() Cannot open file /dev/alarm
07-14 10:56:38.171   314   379 E RILD    : Result(0), Error(0)
07-14 10:56:38.171   314   593 E RILD    : ElapsedRealTime() Cannot open file /dev/alarm
07-14 10:56:38.172   314   593 E RILD    : GLNET-MGR: evt(201)
07-14 10:56:38.172   314   593 E RILD    : NET-MGR: EVENT_NETWORK_SIGNAL_STRENGTH
07-14 10:56:38.172   314   593 E RILD    : OnNetworkSignalStrength() - mSignalBar: 0
07-14 10:56:38.172   314   379 E RILD    : ElapsedRealTime() Cannot open file /dev/alarm
07-14 10:56:38.172   314   593 E RILD    : IsRegisteredNetworkType(): netType[1]  feature[00] state[0] 
07-14 10:56:38.172   314   379 E RILD    : SendMessage: svc(NAS), msg(0x34:QMI_NAS_GET_SYSTEM_SELECTION_PREFERENCE), sync(1), internal(1), size(0)
07-14 10:56:38.172   314   593 E RILD    : OnUnsolicitedResponse: unsolId: 1009
07-14 10:56:38.172   278   278 E use-Rlog/RLOG-RIL-QMI: qmuxd: RX 47 bytes on fd=22 from qmux_client_id=0x0
07-14 10:56:38.172   314   593 E RILC    : currentSignalStrengthInd: radioService[0]->mRadioIndication == NULL
07-14 10:56:38.172   314   593 E RILD    : OnUnsolicitedResponse: mOemClientReceiver is yet initialized.
07-14 10:56:38.172   278   471 E use-Rlog/RLOG-RIL-QMI: qmuxd: TX message on fd=22, to qmux_client_id=0x0, len=132
07-14 10:56:38.173   314   379 E RILD    : ReceiveMessage: svc(NAS), msg(0x34:QMI_NAS_GET_SYSTEM_SELECTION_PREFERENCE), indi(0), size(208), err(0)
07-14 10:56:38.173   314   379 E RILD    : RxGetSystemSelectionPref: param(-1328545792), result(1), mode_pref_valid(0), net_sel_pref_valid(0)
07-14 10:56:38.173   314   379 E RILD    : Result(0), Error(0)
07-14 10:56:38.173   314   379 E RILD    : RxGetSystemSelectionPref: mode pref 12 is converted to 0
07-14 10:56:38.173   314   379 E RILD    : ElapsedRealTime() Cannot open file /dev/alarm
07-14 10:56:38.173   314   379 E RILD    : SendMessage: svc(NAS), msg(0x6B:QMI_NAS_GET_CENTRALIZED_EONS_SUPPORT_STATUS), sync(1), internal(1), size(0)
07-14 10:56:38.173   314   391 E RILD    : ElapsedRealTime() Cannot open file /dev/alarm
07-14 10:56:38.173   278   278 E use-Rlog/RLOG-RIL-QMI: qmuxd: RX 47 bytes on fd=22 from qmux_client_id=0x0
07-14 10:56:38.173   278   471 E use-Rlog/RLOG-RIL-QMI: qmuxd: TX message on fd=22, to qmux_client_id=0x0, len=58
07-14 10:56:38.173   314   379 E RILD    : ReceiveMessage: svc(NAS), msg(0x6B:QMI_NAS_GET_CENTRALIZED_EONS_SUPPORT_STATUS), indi(0), size(12), err(0)
07-14 10:56:38.173   314   379 E RILD    : Result(0), Error(0)
07-14 10:56:38.173   314   379 E RILD    : ElapsedRealTime() Cannot open file /dev/alarm
07-14 10:56:38.174   314   379 E RILD    : SendMessage: svc(NAS), msg(0x4D:QMI_NAS_GET_SYS_INFO), sync(1), internal(1), size(0)
07-14 10:56:38.174   314   391 E RILD    : ElapsedRealTime() Cannot open file /dev/alarm
07-14 10:56:38.174   278   278 E use-Rlog/RLOG-RIL-QMI: qmuxd: RX 47 bytes on fd=22 from qmux_client_id=0x0
07-14 10:56:38.174   278   471 E use-Rlog/RLOG-RIL-QMI: qmuxd: TX message on fd=22, to qmux_client_id=0x0, len=80
07-14 10:56:38.177   314   379 E RILD    : ReceiveMessage: svc(NAS), msg(0x4D:QMI_NAS_GET_SYS_INFO), indi(0), size(1072), err(0)
07-14 10:56:38.178   314   379 E RILD    : Result(0), Error(0)
07-14 10:56:38.178   314   379 E RILD    : [VoLTE] VoPS [0], EbSupport [0], EmergencyAccessBarred [0]
07-14 10:56:38.178   314   379 E RILD    : UpdateVoiceRte: [CS] 1x reg [0], gsm reg [2], wcdma reg [2], lte reg [0], hdr reg [0], Td reg [0]
07-14 10:56:38.178   314   379 E RILD    : UpdateVoiceRte: mVoiceRte(0), Confidence(4), mReportedLteSmsStatus(0)
07-14 10:56:38.178   314   379 E RILD    : UpdateDataRte: [PS] 1x reg [0], gsm reg [2], wcdma reg [2], lte reg [0], hdr reg [0], Td reg [0], pref_data_tech(0), radio_tech_flag(0)
07-14 10:56:38.178   314   379 E RILD    : UpdateDataRte: mDataRte(0), Confidence(4)
07-14 10:56:38.178   314   379 E RILD    : UpdateImsRte: mImsRte(0), Confidence(4)
07-14 10:56:38.178   314   379 E RILD    : UpdateVoiceTech() - RteType: 2, VoiceRadioTech: 0 -> 0
07-14 10:56:38.178   314   379 E RILD    : GetVoiceSysInfo: regState(2), voiceRte(0), isRte3gpp(1)
07-14 10:56:38.178   314   379 E RILD    :  ... cid invalid, set cid to previous value 0, 0
07-14 10:56:38.178   314   379 E RILD    : cdmaCcsSupported: 0, SimulVoiceAndDataCapability Valid: 0, Value: 0
07-14 10:56:38.178   314   379 E RILD    : mReportedDataTechnology Valid: 0, Value: 0
07-14 10:56:38.178   314   379 E RILD    : .. VoPS: 0, EbSupport: 0, EmergencyBarring: 0
07-14 10:56:38.178   314   379 E RILD    : BuildVoiceRegState : rData->mTac : 0
07-14 10:56:38.178   314   379 E RILD    : ElapsedRealTime() Cannot open file /dev/alarm
07-14 10:56:38.178   314   379 E RILD    : SendMessage: svc(WMS), msg(0x45:QMI_WMS_SET_PRIMARY_CLIENT), sync(1), internal(1), size(1)
07-14 10:56:38.178   314   391 E RILD    : ElapsedRealTime() Cannot open file /dev/alarm
07-14 10:56:38.178   278   278 E use-Rlog/RLOG-RIL-QMI: qmuxd: RX 51 bytes on fd=22 from qmux_client_id=0x0
07-14 10:56:38.179   278   471 E use-Rlog/RLOG-RIL-QMI: qmuxd: TX message on fd=22, to qmux_client_id=0x0, len=54
07-14 10:56:38.179   314   379 E RILD    : ReceiveMessage: svc(WMS), msg(0x45:QMI_WMS_SET_PRIMARY_CLIENT), indi(0), size(8), err(0)
07-14 10:56:38.179   314   379 E RILD    : Result(0), Error(0)
07-14 10:56:38.179   314   379 E RILD    : ElapsedRealTime() Cannot open file /dev/alarm
07-14 10:56:38.179   314   379 E RILD    : SendMessage: svc(WMS), msg(0x32:QMI_WMS_SET_ROUTES), sync(1), internal(1), size(172)
07-14 10:56:38.179   278   278 E use-Rlog/RLOG-RIL-QMI: qmuxd: RX 80 bytes on fd=22 from qmux_client_id=0x0
07-14 10:56:38.180   278   471 E use-Rlog/RLOG-RIL-QMI: qmuxd: TX message on fd=22, to qmux_client_id=0x0, len=54
07-14 10:56:38.180   314   379 E RILD    : ReceiveMessage: svc(WMS), msg(0x32:QMI_WMS_SET_ROUTES), indi(0), size(8), err(0)
07-14 10:56:38.180   314   379 E RILD    : Result(0), Error(0)
07-14 10:56:38.180   314   379 E RILD    : ElapsedRealTime() Cannot open file /dev/alarm
07-14 10:56:38.180   314   379 E RILD    : SendMessage: svc(WMS), msg(0x1:QMI_WMS_SET_EVENT_REPORT), sync(1), internal(1), size(6)
07-14 10:56:38.180   278   278 E use-Rlog/RLOG-RIL-QMI: qmuxd: RX 51 bytes on fd=22 from qmux_client_id=0x0
07-14 10:56:38.180   278   471 E use-Rlog/RLOG-RIL-QMI: qmuxd: TX message on fd=22, to qmux_client_id=0x0, len=54
07-14 10:56:38.181   314   379 E RILD    : ReceiveMessage: svc(WMS), msg(0x1:QMI_WMS_SET_EVENT_REPORT), indi(0), size(8), err(0)
07-14 10:56:38.181   314   379 E RILD    : Result(0), Error(0)
07-14 10:56:38.181   314   379 E RILD    : ElapsedRealTime() Cannot open file /dev/alarm
07-14 10:56:38.181   314   391 E RILD    : ElapsedRealTime() Cannot open file /dev/alarm
07-14 10:56:38.181   314   379 E RILD    : SendMessage: svc(WMS), msg(0x47:QMI_WMS_INDICATION_REGISTER), sync(1), internal(1), size(12)
07-14 10:56:38.181   278   278 E use-Rlog/RLOG-RIL-QMI: qmuxd: RX 55 bytes on fd=22 from qmux_client_id=0x0
07-14 10:56:38.181   278   471 E use-Rlog/RLOG-RIL-QMI: qmuxd: TX message on fd=22, to qmux_client_id=0x0, len=54
07-14 10:56:38.181   314   379 E RILD    : ReceiveMessage: svc(WMS), msg(0x47:QMI_WMS_INDICATION_REGISTER), indi(0), size(8), err(0)
07-14 10:56:38.181   314   379 E RILD    : Result(0), Error(0)
07-14 10:56:38.181   314   379 E RILD    : ElapsedRealTime() Cannot open file /dev/alarm
07-14 10:56:38.181   314   379 E RILD    : SendMessage: svc(WMS), msg(0x4C:QMI_WMS_BIND_SUBSCRIPTION), sync(1), internal(1), size(4)
07-14 10:56:38.181   278   278 E use-Rlog/RLOG-RIL-QMI: qmuxd: RX 51 bytes on fd=22 from qmux_client_id=0x0
07-14 10:56:38.181   314   391 E RILD    : ElapsedRealTime() Cannot open file /dev/alarm
07-14 10:56:38.182   278   471 E use-Rlog/RLOG-RIL-QMI: qmuxd: TX message on fd=22, to qmux_client_id=0x0, len=54
07-14 10:56:38.182   314   379 E RILD    : ReceiveMessage: svc(WMS), msg(0x4C:QMI_WMS_BIND_SUBSCRIPTION), indi(0), size(8), err(0)
07-14 10:56:38.182   314   379 E RILD    : Result(0), Error(0)
07-14 10:56:38.182   278   278 E use-Rlog/RLOG-RIL-QMI: qmuxd: RX 47 bytes on fd=22 from qmux_client_id=0x0
07-14 10:56:38.182   278   471 E use-Rlog/RLOG-RIL-QMI: qmuxd: TX message on fd=22, to qmux_client_id=0x0, len=77
07-14 10:56:38.182   314   379 E RILD    : WDS pref_network(0), num info(2), tech flag(1)
07-14 10:56:38.183   314   379 E RILD    : WDS cdma_rat_mask(0x0), umts_rat_mask(0x0), network(0)
07-14 10:56:38.183   314   379 E RILD    : WDS RadioTech(0, 0), NetworkType(0) PrefRadioGroup(0) RadioTechFlag(1)
07-14 10:56:38.183   278   278 E use-Rlog/RLOG-RIL-QMI: qmuxd: RX 55 bytes on fd=22 from qmux_client_id=0x0
07-14 10:56:38.183   278   471 E use-Rlog/RLOG-RIL-QMI: qmuxd: TX message on fd=22, to qmux_client_id=0x0, len=54
07-14 10:56:38.183   314   379 E RILD    : QMI WDS data system status init result(0)
07-14 10:56:38.183   314   379 E RILD    : ElapsedRealTime() Cannot open file /dev/alarm
07-14 10:56:38.183   314   379 E RILD    : SendMessage: svc(DMS), msg(0x1:QMI_DMS_SET_EVENT_REPORT), sync(1), internal(1), size(21)
07-14 10:56:38.183   314   391 E RILD    : ElapsedRealTime() Cannot open file /dev/alarm
07-14 10:56:38.183   278   278 E use-Rlog/RLOG-RIL-QMI: qmuxd: RX 55 bytes on fd=22 from qmux_client_id=0x0
07-14 10:56:38.184   278   471 E use-Rlog/RLOG-RIL-QMI: qmuxd: TX message on fd=22, to qmux_client_id=0x0, len=54
07-14 10:56:38.184   314   379 E RILD    : ReceiveMessage: svc(DMS), msg(0x1:QMI_DMS_SET_EVENT_REPORT), indi(0), size(8), err(0)
07-14 10:56:38.184   314   379 E RILD    : Set DMS Event Report received
07-14 10:56:38.184   314   379 E RILD    : Result(0), Error(0)
07-14 10:56:38.184   314   379 E RILD    : ElapsedRealTime() Cannot open file /dev/alarm
07-14 10:56:38.184   314   379 E RILD    : SendMessage: svc(DMS), msg(0x2D:QMI_DMS_GET_OPERATING_MODE), sync(1), internal(1), size(0)
07-14 10:56:38.184   314   391 E RILD    : ElapsedRealTime() Cannot open file /dev/alarm
07-14 10:56:38.184   278   278 E use-Rlog/RLOG-RIL-QMI: qmuxd: RX 47 bytes on fd=22 from qmux_client_id=0x0
07-14 10:56:38.184   278   471 E use-Rlog/RLOG-RIL-QMI: qmuxd: TX message on fd=22, to qmux_client_id=0x0, len=58
07-14 10:56:38.185   314   379 E RILD    : ReceiveMessage: svc(DMS), msg(0x2D:QMI_DMS_GET_OPERATING_MODE), indi(0), size(20), err(0)
07-14 10:56:38.185   314   379 E RILD    : Result(0), Error(0)
07-14 10:56:38.185   314   379 E RILD    : Get Operating Mode Reponse: oper(5), result(0), err(0)
07-14 10:56:38.185   314   379 E RILD    : ElapsedRealTime() Cannot open file /dev/alarm
07-14 10:56:38.185   314   379 E RILD    : ElapsedRealTime() Cannot open file /dev/alarm
07-14 10:56:38.185   314   593 E RILD    : ElapsedRealTime() Cannot open file /dev/alarm
07-14 10:56:38.185   314   593 E RILD    : GP-MGR: evt(102)
07-14 10:56:38.185   314   379 E RILD    : SendMessage: svc(DMS), msg(0x20:QMI_DMS_GET_DEVICE_CAP_RESP), sync(1), internal(1), size(0)
07-14 10:56:38.185   314   593 E RILD    : PWR: newState(0) oldState(1)
07-14 10:56:38.185   314   593 E RILD    : ElapsedRealTime() Cannot open file /dev/alarm
07-14 10:56:38.185   314   593 E RILD    : ElapsedRealTime() Cannot open file /dev/alarm
07-14 10:56:38.185   314   391 E RILD    : ElapsedRealTime() Cannot open file /dev/alarm
07-14 10:56:38.185   314   593 E RILD    : NotifyRadioStateChanged: 0(PWR:0 SIM:0)
07-14 10:56:38.185   314   593 E RILD    : OnUnsolicitedResponse: unsolId: 1000
07-14 10:56:38.185   278   278 E use-Rlog/RLOG-RIL-QMI: qmuxd: RX 47 bytes on fd=22 from qmux_client_id=0x0
07-14 10:56:38.185   314   593 E RILC    : radioStateChangedInd: radioService[0]->mRadioIndication == NULL
07-14 10:56:38.185   314   593 E RILD    : OnUnsolicitedResponse: mOemClientReceiver is yet initialized.
07-14 10:56:38.185   278   471 E use-Rlog/RLOG-RIL-QMI: qmuxd: TX message on fd=22, to qmux_client_id=0x0, len=114
07-14 10:56:38.186   314   379 E RILD    : ReceiveMessage: svc(DMS), msg(0x20:QMI_DMS_GET_DEVICE_CAP_RESP), indi(0), size(2104), err(0)
07-14 10:56:38.186   314   379 E RILD    : RxGetDeviceCap(): Get Device Cap received
07-14 10:56:38.186   314   379 E RILD    : Result(0), Error(0)
07-14 10:56:38.186   314   379 E RILD    : simul_voice_and_data_capability Valid 1, Value: 0
07-14 10:56:38.186   314   379 E RILD    : data_service_capability: 4
07-14 10:56:38.186   314   379 E RILD    : SimulVoiceAndDataCapability: 0
07-14 10:56:38.186   314   379 E RILD    : Setting ro.ril.svlte1x property to false
07-14 10:56:38.188   314   379 E RILD    : Setting ro.ril.svdo property to false
07-14 10:56:38.188   314   593 E RILD    : Notify power state changed: 2
07-14 10:56:38.188   314   593 E RILD    : Request processing is enabled.
07-14 10:56:38.188   314   593 E RILD    : SMS-MGR: evt(8006)
07-14 10:56:38.188   314   379 E RILD    : ElapsedRealTime() Cannot open file /dev/alarm
07-14 10:56:38.188   314   593 E RILD    : OnRadioStateChanged: RADIO_OFF : mIsDeviceReadyNotiNeed = NOT_CONNECTED
07-14 10:56:38.188   314   379 E RILD    : SendMessage: svc(UIM), msg(0x2E:QMI_UIM_EVENT_REG), sync(1), internal(1), size(4)
07-14 10:56:38.188   314   593 E RILD    : LDC-MGR: evt(107)
07-14 10:56:38.188   314   391 E RILD    : ElapsedRealTime() Cannot open file /dev/alarm
07-14 10:56:38.188   314   593 E RILD    : OnRadioStateChanged: Attach-tried flag is set to false
07-14 10:56:38.188   314   593 E RILD    : ElapsedRealTime() Cannot open file /dev/alarm
07-14 10:56:38.188   278   278 E use-Rlog/RLOG-RIL-QMI: qmuxd: RX 54 bytes on fd=22 from qmux_client_id=0x0
07-14 10:56:38.188   314   593 E RILD    : ElapsedRealTime() Cannot open file /dev/alarm
07-14 10:56:38.189   278   471 E use-Rlog/RLOG-RIL-QMI: qmuxd: TX message on fd=22, to qmux_client_id=0x0, len=77
07-14 10:56:38.189   278   471 E use-Rlog/RLOG-RIL-QMI: qmuxd: TX message on fd=22, to qmux_client_id=0x0, len=61
07-14 10:56:38.189   314   495 E RILD    : QmiUnsolicitedCallback: msgId(50)
07-14 10:56:38.189   314   392 E RILD    : ReceiveMessage: svc(UIM), msg(0x32:QMI_UIM_STATUS_CHANGE_IND), indi(1), size(9020), err(0)
07-14 10:56:38.189   314   392 E RILD    : CheckOtaspCallingUimStatus: slot=0, card=2, error=3
07-14 10:56:38.189   314   392 E RILD    : ElapsedRealTime() Cannot open file /dev/alarm
07-14 10:56:38.189   314   392 E RILD    : QmiDmsService::UpdateCardState() state(9)
07-14 10:56:38.189   314   593 E RILD    : ElapsedRealTime() Cannot open file /dev/alarm
07-14 10:56:38.189   314   392 E RILD    : SIM CARD ERROR cause : 3
07-14 10:56:38.189   314   593 E RILD    : SIM-MGR: evt(305)
07-14 10:56:38.189   314   392 E RILD    : Invalid appState for setting overal PinState.
07-14 10:56:38.189   314   392 E RILD    : GenerateSimStatus: Slot: 0 CardState: 0 PinState: 0 CardType: 0
07-14 10:56:38.189   314   392 E RILD    : CheckAndNotifySimTypeChanged: mSimType=0
07-14 10:56:38.189   314   392 E RILD    : ElapsedRealTime() Cannot open file /dev/alarm
07-14 10:56:38.189   314   593 E RILD    : ElapsedRealTime() Cannot open file /dev/alarm
07-14 10:56:38.189   314   379 E RILD    : ReceiveMessage: svc(UIM), msg(0x2E:QMI_UIM_EVENT_REG), indi(0), size(16), err(0)
07-14 10:56:38.189   314   593 E RILD    : SIM-MGR: evt(301)
07-14 10:56:38.189   314   379 E RILD    : Set UIM Event Reg received
07-14 10:56:38.190   314   379 E RILD    : Result(0), Error(0)
07-14 10:56:38.190   314   593 E RILD    : ConvertToSimState: state(1)
07-14 10:56:38.190   314   593 E RILD    : SIM-MGR: Notify SIM state changed(0, 1).
07-14 10:56:38.190   314   379 E RILD    : ElapsedRealTime() Cannot open file /dev/alarm
07-14 10:56:38.190   314   593 E RILD    : ElapsedRealTime() Cannot open file /dev/alarm
07-14 10:56:38.190   314   379 E RILD    : SendMessage: svc(PBM), msg(0x1:QMI_PBM_INDICATION_REGISTER), sync(1), internal(1), size(4)
07-14 10:56:38.190   314   593 E RILD    : ElapsedRealTime() Cannot open file /dev/alarm
07-14 10:56:38.190   314   593 E RILD    : ElapsedRealTime() Cannot open file /dev/alarm
07-14 10:56:38.190   314   391 E RILD    : ElapsedRealTime() Cannot open file /dev/alarm
07-14 10:56:38.190   314   593 E RILD    : OnUnsolicitedResponse: unsolId: 1019
07-14 10:56:38.190   314   593 E RILC    : simStatusChangedInd: radioService[0]->mRadioIndication == NULL
07-14 10:56:38.190   278   278 E use-Rlog/RLOG-RIL-QMI: qmuxd: RX 54 bytes on fd=22 from qmux_client_id=0x0
07-14 10:56:38.190   314   593 E RILD    : OnUnsolicitedResponse: mOemClientReceiver is yet initialized.
07-14 10:56:38.190   314   593 E RILD    : SIM-MGR: status->mSimType(0)
07-14 10:56:38.190   278   471 E use-Rlog/RLOG-RIL-QMI: qmuxd: TX message on fd=22, to qmux_client_id=0x0, len=61
07-14 10:56:38.190   314   379 E RILD    : ReceiveMessage: svc(PBM), msg(0x1:QMI_PBM_INDICATION_REGISTER), indi(0), size(16), err(0)
07-14 10:56:38.190   314   379 E RILD    : Result(0), Error(0)
07-14 10:56:38.191   314   379 E RILD    : ElapsedRealTime() Cannot open file /dev/alarm
07-14 10:56:38.191   314   379 E RILD    : SendMessage: svc(CAT), msg(0x1:QMI_CAT_SET_EVENT_REPORT), sync(1), internal(1), size(24)
07-14 10:56:38.191   314   391 E RILD    : ElapsedRealTime() Cannot open file /dev/alarm
07-14 10:56:38.191   278   278 E use-Rlog/RLOG-RIL-QMI: qmuxd: RX 65 bytes on fd=22 from qmux_client_id=0x0
07-14 10:56:38.191   314   593 E RILD    : SMS-MGR: evt(1013)
07-14 10:56:38.191   314   593 E RILD    : OnSimStateChanged: set Device Ready
07-14 10:56:38.191   314   593 E RILD    : PB-MGR: evt(301)
07-14 10:56:38.191   314   593 E RILD    : PB-MGR: SimType (0)
07-14 10:56:38.191   278   471 E use-Rlog/RLOG-RIL-QMI: qmuxd: TX message on fd=22, to qmux_client_id=0x0, len=54
07-14 10:56:38.191   314   379 E RILD    : ReceiveMessage: svc(CAT), msg(0x1:QMI_CAT_SET_EVENT_REPORT), indi(0), size(32), err(0)
07-14 10:56:38.191   314   379 E RILD    : Result(0), Error(0)
07-14 10:56:38.191   314   379 E RILD    : QmiModem SupportDevIoCtlIoChannel() - false
07-14 10:56:38.192   314   597 E RILD    : Force-exit is required for this thread
07-14 10:56:38.192   278   278 E use-Rlog/RLOG-RIL-QMI: qmuxd: RX 968 bytes on fd=22 from qmux_client_id=0x0
07-14 10:56:38.192   278   471 E use-Rlog/RLOG-RIL-RAWDATA: Adding client 2, service 227, conn_id=0...
07-14 10:56:38.192   278   471 E use-Rlog/RLOG-RIL-QMI: qmuxd: TX message on fd=22, to qmux_client_id=0x0, len=968
07-14 10:56:38.193   314   598 E RILD    : Force-exit is required for this thread
07-14 10:56:38.193   314   379 E RILD    : ElapsedRealTime() Cannot open file /dev/alarm
07-14 10:56:38.193   314   379 E RILD    : IpcProtocol41::IpcTxBaseBandVersion()
07-14 10:56:38.193   314   379 E RILD    : [L] TX: (M)MISC_CMD (S)MISC_ME_VERSION (T)GET l:8 m:00 a:00 [ FF ]
07-14 10:56:38.193   278   278 E use-Rlog/RLOG-RIL-QMI: qmuxd: RX 58 bytes on fd=22 from qmux_client_id=0x0
07-14 10:56:38.193   314   596 E RILD    : WriteProperty Property=ril.ICC_TYPE, Slot=0, Value=0
07-14 10:56:38.194   278   471 E use-Rlog/RLOG-RIL-QMI: qmuxd: TX message on fd=22, to qmux_client_id=0x0, len=151
07-14 10:56:38.194   278   471 E use-Rlog/RLOG-RIL-QMI: qmuxd: TX message on fd=22, to qmux_client_id=0x0, len=54
07-14 10:56:38.194   314   495 E RILD    : QmiUnsolicitedCallback: msgId(12)
07-14 10:56:38.194   314   599 E RILD    : Force-exit is required for this thread
07-14 10:56:38.194   314   599 E RILD    : ElapsedRealTime() Cannot open file /dev/alarm
07-14 10:56:38.194   314   392 E RILD    : ReceiveMessage: svc(PBM), msg(0xC:QMI_PBM_EMERGENCY_LIST), indi(1), size(27608), err(0)
07-14 10:56:38.194   314   379 E RILD    : Modem is started now.
07-14 10:56:38.194   278   471 E use-Rlog/RLOG-RIL-QMI: qmuxd: TX message on fd=22, to qmux_client_id=0x0, len=323
07-14 10:56:38.194   314   599 E RILD    : ElapsedRealTime() Cannot open file /dev/alarm
07-14 10:56:38.195   314   392 E RILD    : RxEmergencyListInd(): PB Emergency Numbers(911,*911,#911,112,000,08,110,999,118,119)
07-14 10:56:38.195   278   471 E use-Rlog/RLOG-RIL-QMI: qmuxd: TX message on fd=22, to qmux_client_id=0x0, len=323
07-14 10:56:38.195   314   599 E RILD    : ElapsedRealTime() Cannot open file /dev/alarm
07-14 10:56:38.195   314   495 E RILD    : QmiUnsolicitedCallback: msgId(1)
07-14 10:56:38.195   314   495 E RILD    : QmiVssUnsolicitedCallback: msgId(1)
07-14 10:56:38.195   314   392 E RILD    : ReceiveMessage: svc(VENDOR), msg(0x1:QMI_VSS_FACTORY_IPC_IND), indi(1), size(8096), err(0)
07-14 10:56:38.195   314   392 E RILD    : GetRxIpcData : MAIN(0x0A) SUB(0x01)
07-14 10:56:38.195   314   392 E RILD    : ElapsedRealTime() Cannot open file /dev/alarm
07-14 10:56:38.191   314   593 E RILD    : ElapsedRealTime() Cannot open file /dev/alarm
07-14 10:56:38.196   314   593 E RILD    : GP-MGR: evt(105)
07-14 10:56:38.196   314   598 E RILD    : [L] RX: (M)MISC_CMD (S)MISC_ME_VERSION (T)RESP l:111 m:00 a:00 [ FF 49 39 33 30 31 49 58 58 55 41 50 47 31 00 00 00 00 00 00 00 00 00 00 00 00 00 00 00 00 00 00 00 4D 50 20 30 2E 30 30 31 00 00 00 00 00 00 00 00 00 00 00 00 00 00 00 00 00 00 00 00 00 00 00 00 32 30 31 35 2E 30 33 2E 30 37 00 00 00 00 00 00 00 00 00 00 00 00 00 00 00 00 00 00 00 00 00 00 47 54 2D 49 39 33 30 31 52 57 5A 45 55 52 00 00 00 00 00 00 00 00 00 00 00 00 00 00 00 00 00 00 00 00 00 00 00 00 00 00 00 00 00 00 00 00 00 00 00 00 00 00 00 00 00 00 00 00 00 00 00 00 00 00 00 00 00 00 00 00 00 00 00 00 00 00 00 00 00 00 00 00 00 00 00 00 00 00 00 00 00 00 00 00 00 00 00 00 00 00 00 00 00 00 00 00 00 00 00 00 00 00 00 00 00 00 00 00 00 00 00 00 00 00 00 00 00 00 00 00 00 00 00 00 00 00 00 00 00 00 00 00 00 00 00 00 00 00 00 00 00 00 00 4D 53 4D 38 32 32 38 00 00 00 00 00 00 00 00 00 ]
07-14 10:56:38.196   314   593 E RILD    : GMISC-MGR: evt(127)
07-14 10:56:38.196   314   593 E RILD    : OnGetBasebandVersionUpdated():
07-14 10:56:38.202   314   379 E RILD    : Succeeded to init SEC RIL.
07-14 10:56:38.202   314   379 E RILD    : OemClientReceiver started
07-14 10:56:38.202   314   600 E RILD    : Force-exit is required for this thread
07-14 10:56:38.202   314   379 E RILD    : Init() - SendModemCrashReason fail
07-14 10:56:38.204   314   379 E RILD    : SecRil proxy inited
07-14 10:56:38.206   314   601 E RILD    : WriteProperty Property=ril.RildInit, Slot=0, Value=1
07-14 10:56:38.207   314   593 E RILD    : ElapsedRealTime() Cannot open file /dev/alarm
01-03 01:36:47.870     0     0 D dummy0  : no IPv6 routers present
07-14 10:56:39.164   461   591 I ServiceManager: Waiting for service media.audio_policy...
07-14 10:56:39.193   461   532 I PackageManager: Deferred reconcileAppsData finished 90 packages
01-03 01:36:48.090     0     0 I wcnss_post_bootup: Cancel APPS vote for Iris & WCNSS
01-03 01:36:49.650     0     0 I         : Debug Temp for Sensor:
01-03 01:36:49.650     0     0 I         : (0 --- 41)(1 --- 39)(2 --- 40)(3 --- 39)(4 --- 40)(5 --- 41)
07-14 10:56:40.164   461   591 I ServiceManager: Waiting for service media.audio_policy...
07-14 10:56:41.085   296   296 E msm8974_platform: platform_init: Unable to open the mixer card: 1
07-14 10:56:41.165   461   591 I ServiceManager: Waiting for service media.audio_policy...
07-14 10:56:42.166   461   591 W AudioSystem: AudioPolicyService not published, waiting...
07-14 10:56:42.667   461   591 I ServiceManager: Waiting for service media.audio_policy...
01-03 01:36:54.660     0     0 I         : Debug Temp for Sensor:
01-03 01:36:54.661     0     0 I         : (0 --- 38)(1 --- 36)(2 --- 38)(3 --- 37)(4 --- 37)(5 --- 39)
07-14 10:56:44.669   461   591 I chatty  : uid=1000(system) AudioService identical 18 lines
07-14 10:56:46.089   296   296 E msm8974_platform: platform_init: Unable to open the mixer card: 2
07-14 10:56:38.207   314   593 I chatty  : uid=1001(radio) /vendor/bin/hw/rild identical 1 line
07-14 10:56:38.207   314   593 E RILD    : ElapsedRealTime() Cannot open file /dev/alarm
07-14 10:56:48.200   314   599 E RILD    : Reader: TIMEOUT
01-03 01:36:59.390     0     0 D BMS     : bms_stay_awake: enabled source qpnp_soc_wake
01-03 01:36:59.415     0     0 D BMS     : recalculate_soc: batt_temp phy = 298 meas = 0xc04238e00000ffff
01-03 01:36:59.416     0     0 D BMS     : read_soc_params_raw: last_good_ocv_raw= 0x9913, last_good_ocv_uv= 4265000uV
01-03 01:36:59.416     0     0 D BMS     : read_soc_params_raw: cc_raw= 0x5ed49a
01-03 01:36:59.416     0     0 D BMS     : calculate_soc_params: tm_sec = 218219, delta_s = 20
01-03 01:36:59.416     0     0 D BMS     : calculate_fcc: fcc = 2096000 uAh
01-03 01:36:59.416     0     0 D BMS     : calculate_soc_params: FCC = 2096000uAh batt_temp = 298
01-03 01:36:59.416     0     0 D BMS     : calculate_pc: pc = 96 % for ocv = 4265000 uv batt_temp = 303
01-03 01:36:59.416     0     0 D BMS     : calculate_ocv_charge: ocv_uv = 4265000 pc = 96
01-03 01:36:59.416     0     0 D BMS     : calculate_soc_params: ocv_charge_uah = 2012160uAh
01-03 01:36:59.425     0     0 D BMS     : calculate_cc: cc = 6214810, die_temp = 35069
01-03 01:36:59.425     0     0 D BMS     : cc_adjust_for_gain: adjusting_uv = 33717519
01-03 01:36:59.425     0     0 D BMS     : cc_adjust_for_gain: adjusting by factor: 3291/3133 = 105%
01-03 01:36:59.425     0     0 D BMS     : cc_adjust_for_gain: result_uv = 35417923
01-03 01:36:59.425     0     0 D BMS     : calculate_cc: software_cc = 4392, added cc_uah = 1681
01-03 01:36:59.425     0     0 D BMS     : reset_cc: resetting cc manually with flags 128
01-03 01:36:59.434     0     0 D BMS     : calculate_cc: shdw_cc = 6209756, die_temp = 35069
01-03 01:36:59.434     0     0 D BMS     : cc_adjust_for_gain: adjusting_uv = 33690099
01-03 01:36:59.435     0     0 D BMS     : cc_adjust_for_gain: adjusting by factor: 3291/3133 = 105%
01-03 01:36:59.435     0     0 D BMS     : cc_adjust_for_gain: result_uv = 35389120
01-03 01:36:59.435     0     0 D BMS     : calculate_cc: software_sw_cc = 4386, added cc_uah = 1680
01-03 01:36:59.435     0     0 D BMS     : reset_cc: resetting cc manually with flags 64
01-03 01:36:59.435     0     0 D BMS     : calculate_soc_params: cc_uah = 6073uAh raw->cc = 5ed49a, shdw_cc_uah = 6066uAh raw->shdw_cc = 5ec0dc
01-03 01:36:59.435     0     0 D BMS     : calculate_soc_params: rbatt_mohm = 171
01-03 01:36:59.435     0     0 D BMS     : calculate_iavg: delta_cc = 1681 iavg_ua = 302580
01-03 01:36:59.435     0     0 D BMS     : calculate_unusable_charge_uah: iavg_samples_ma[0] = 270
01-03 01:36:59.435     0     0 D BMS     : calculate_unusable_charge_uah: iavg_samples_ma[1] = 302
01-03 01:36:59.435     0     0 D BMS     : calculate_unusable_charge_uah: iavg_samples_ma[2] = 260
01-03 01:36:59.435     0     0 D BMS     : calculate_unusable_charge_uah: iavg_samples_ma[3] = 260
01-03 01:36:59.435     0     0 D BMS     : calculate_unusable_charge_uah: iavg_samples_ma[4] = 260
01-03 01:36:59.435     0     0 D BMS     : calculate_unusable_charge_uah: iavg_samples_ma[5] = 260
01-03 01:36:59.435     0     0 D BMS     : calculate_unusable_charge_uah: iavg_samples_ma[6] = 260
01-03 01:36:59.435     0     0 D BMS     : calculate_unusable_charge_uah: iavg_samples_ma[7] = 260
01-03 01:36:59.435     0     0 D BMS     : calculate_unusable_charge_uah: iavg_samples_ma[8] = 260
01-03 01:36:59.435     0     0 D BMS     : calculate_unusable_charge_uah: iavg_samples_ma[9] = 260
01-03 01:36:59.435     0     0 D BMS     : calculate_unusable_charge_uah: iavg_samples_ma[10] = 260
01-03 01:36:59.435     0     0 D BMS     : calculate_unusable_charge_uah: iavg_samples_ma[11] = 260
01-03 01:36:59.435     0     0 D BMS     : calculate_unusable_charge_uah: iavg_samples_ma[12] = 260
01-03 01:36:59.435     0     0 D BMS     : calculate_unusable_charge_uah: iavg_samples_ma[13] = 260
01-03 01:36:59.435     0     0 D BMS     : calculate_unusable_charge_uah: iavg_samples_ma[14] = 260
01-03 01:36:59.435     0     0 D BMS     : calculate_unusable_charge_uah: iavg_samples_ma[15] = 260
01-03 01:36:59.436     0     0 D BMS     : calculate_pc: pc = 2 % for ocv = 3470747 uv batt_temp = 298
01-03 01:36:59.436     0     0 D BMS     : calculate_termination_uuc: For uuc_iavg_ma = 263, unusable_rbatt = 269 unusable_uv = 3470747 unusable_pc = 2 rbatt_pc = 3 uuc = 41920
01-03 01:36:59.436     0     0 D BMS     : calculate_unusable_charge_uah: uuc_iavg_ma = 263 uuc with iavg = 41920
01-03 01:36:59.436     0     0 D BMS     : calculate_soc_params: UUC = 41920uAh
01-03 01:36:59.436     0     0 D BMS     : calculate_raw_soc: RUC = 1964167uAh
01-03 01:36:59.436     0     0 D BMS     : calculate_state_of_charge: SOC before adjustment = 96
01-03 01:36:59.440     0     0 D BMS     : calculate_pc: pc = 93 % for ocv = 4228998 uv batt_temp = 298
01-03 01:36:59.441     0     0 D BMS     : adjust_soc: ibat_ua = 137900, vbat_uv = 4205418, ocv_est_uv = 4228998, pc_est = 93, soc_est = 92, n = 0, delta_ocv_uv = 0, last_ocv_uv = 4265000, pc_new = 0, soc_new = 0, rbatt = 171, slope = 0
01-03 01:36:59.450     0     0 D BMS     : get_battery_voltage: mvolts phy = 4191048 meas = 0x40121a
01-03 01:36:59.450     0     0 D BMS     : clamp_soc_based_on_voltage: not clamping, using soc = 96, vbat = 4191048 and cutoff = 3400000
01-03 01:36:59.450     0     0 D BMS     : calculate_state_of_charge: CC based calculated SOC = 96
01-03 01:36:59.454     0     0 D BMS     : report_cc_based_soc: batt_temp phy = 297 meas = 0x99adbfec000000ab
01-03 01:36:59.454     0     0 D BMS     : report_cc_based_soc: last_soc = 96, calculated_soc = 96, soc = 96, time since last change = 40
01-03 01:36:59.454     0     0 I BMS     : bms_get_scaled_capacity: bms_get_scaled_capacity: scaled capacity (96.0)
01-03 01:36:59.454     0     0 D BMS     : backup_soc_and_iavg: soc = 96, soc__ = 194
01-03 01:36:59.455     0     0 D BMS     : report_cc_based_soc: Reported SOC = 96
01-03 01:36:59.455     0     0 D BMS     : bms_relax: disabled source qpnp_soc_wake
01-03 01:36:59.670     0     0 I         : Debug Temp for Sensor:
01-03 01:36:59.670     0     0 I         : (0 --- 37)(1 --- 35)(2 --- 37)(3 --- 36)(4 --- 36)(5 --- 38)
07-14 10:56:51.093   296   296 E msm8974_platform: platform_init: Unable to open the mixer card: 3
01-03 01:37:04.680     0     0 I         : Debug Temp for Sensor:
01-03 01:37:04.681     0     0 I         : (0 --- 37)(1 --- 34)(2 --- 36)(3 --- 35)(4 --- 35)(5 --- 36)
07-14 10:56:56.097   296   296 E msm8974_platform: platform_init: Unable to open the mixer card: 4
07-14 10:56:56.181   461   591 I chatty  : uid=1000(system) AudioService expire 13 lines
01-03 01:37:09.690     0     0 I         : Debug Temp for Sensor:
01-03 01:37:09.690     0     0 I         : (0 --- 36)(1 --- 34)(2 --- 36)(3 --- 35)(4 --- 35)(5 --- 36)
07-14 10:57:01.100   296   296 E msm8974_platform: platform_init: Unable to open the mixer card: 5
01-03 01:37:14.700     0     0 I         : Debug Temp for Sensor:
01-03 01:37:14.700     0     0 I         : (0 --- 36)(1 --- 34)(2 --- 35)(3 --- 34)(4 --- 35)(5 --- 36)
07-14 10:57:06.109   296   296 E msm8974_platform: platform_init: Unable to open the mixer card: 6
07-14 10:57:07.316   461   499 I am_uid_running: 10011
07-14 10:57:09.001   461   558 I chatty  : uid=1000(system) InputDispatcher expire 1 line
01-03 01:37:17.801     0     0 D mms144_ts 5-0048: finger id[0]: x=699 y=1092 p=3 w=3 major=7 minor=1 angle=3 palm=0
01-03 01:37:17.830     0     0 D mms144_ts 5-0048: finger id[1]: x=700 y=778 p=253 w=2 major=7 minor=1 angle=-3 palm=0
01-03 01:37:17.863     0     0 D mms144_ts 5-0048: finger id[1]: x=700 y=778 p=0 w=0 major=0 minor=0 angle=0 palm=0
01-03 01:37:17.952     0     0 D mms144_ts 5-0048: finger id[0]: x=703 y=1089 p=0 w=0 major=0 minor=0 angle=0 palm=0
01-03 01:37:18.904     0     0 D mms144_ts 5-0048: finger id[0]: x=31 y=744 p=243 w=10 major=14 minor=7 angle=-13 palm=0
01-03 01:37:18.947     0     0 D mms144_ts 5-0048: finger id[0]: x=38 y=741 p=0 w=0 major=0 minor=0 angle=0 palm=0
01-03 01:37:19.390     0     0 D BMS     : bms_stay_awake: enabled source qpnp_soc_wake
01-03 01:37:19.415     0     0 D BMS     : recalculate_soc: batt_temp phy = 290 meas = 0xc04238e00000ffff
01-03 01:37:19.415     0     0 D BMS     : read_soc_params_raw: last_good_ocv_raw= 0x9913, last_good_ocv_uv= 4265000uV
01-03 01:37:19.415     0     0 D BMS     : read_soc_params_raw: cc_raw= 0x324d5f
01-03 01:37:19.415     0     0 D BMS     : calculate_soc_params: tm_sec = 218239, delta_s = 20
01-03 01:37:19.415     0     0 D BMS     : calculate_fcc: fcc = 2096000 uAh
01-03 01:37:19.415     0     0 D BMS     : calculate_soc_params: FCC = 2096000uAh batt_temp = 290
01-03 01:37:19.415     0     0 D BMS     : calculate_pc: pc = 96 % for ocv = 4265000 uv batt_temp = 303
01-03 01:37:19.416     0     0 D BMS     : calculate_ocv_charge: ocv_uv = 4265000 pc = 96
01-03 01:37:19.416     0     0 D BMS     : calculate_soc_params: ocv_charge_uah = 2012160uAh
01-03 01:37:19.425     0     0 D BMS     : calculate_cc: cc = 3296607, die_temp = 33792
01-03 01:37:19.425     0     0 D BMS     : cc_adjust_for_gain: adjusting_uv = 17885246
01-03 01:37:19.425     0     0 D BMS     : cc_adjust_for_gain: adjusting by factor: 3291/3127 = 105%
01-03 01:37:19.425     0     0 D BMS     : cc_adjust_for_gain: result_uv = 18823263
01-03 01:37:19.425     0     0 D BMS     : calculate_cc: software_cc = 6073, added cc_uah = 893
01-03 01:37:19.425     0     0 D BMS     : reset_cc: resetting cc manually with flags 128
01-03 01:37:19.434     0     0 D BMS     : calculate_cc: shdw_cc = 3294822, die_temp = 33792
01-03 01:37:19.434     0     0 D BMS     : cc_adjust_for_gain: adjusting_uv = 17875562
01-03 01:37:19.434     0     0 D BMS     : cc_adjust_for_gain: adjusting by factor: 3291/3127 = 105%
01-03 01:37:19.434     0     0 D BMS     : cc_adjust_for_gain: result_uv = 18813071
01-03 01:37:19.434     0     0 D BMS     : calculate_cc: software_sw_cc = 6066, added cc_uah = 893
01-03 01:37:19.434     0     0 D BMS     : reset_cc: resetting cc manually with flags 64
01-03 01:37:19.434     0     0 D BMS     : calculate_soc_params: cc_uah = 6966uAh raw->cc = 324d5f, shdw_cc_uah = 6959uAh raw->shdw_cc = 324666
01-03 01:37:19.434     0     0 D BMS     : calculate_soc_params: rbatt_mohm = 171
01-03 01:37:19.434     0     0 D BMS     : calculate_iavg: delta_cc = 893 iavg_ua = 160740
01-03 01:37:19.434     0     0 D BMS     : calculate_unusable_charge_uah: iavg_samples_ma[0] = 270
01-03 01:37:19.434     0     0 D BMS     : calculate_unusable_charge_uah: iavg_samples_ma[1] = 302
01-03 01:37:19.434     0     0 D BMS     : calculate_unusable_charge_uah: iavg_samples_ma[2] = 250
01-03 01:37:19.434     0     0 D BMS     : calculate_unusable_charge_uah: iavg_samples_ma[3] = 260
01-03 01:37:19.435     0     0 D BMS     : calculate_unusable_charge_uah: iavg_samples_ma[4] = 260
01-03 01:37:19.435     0     0 D BMS     : calculate_unusable_charge_uah: iavg_samples_ma[5] = 260
01-03 01:37:19.435     0     0 D BMS     : calculate_unusable_charge_uah: iavg_samples_ma[6] = 260
01-03 01:37:19.435     0     0 D BMS     : calculate_unusable_charge_uah: iavg_samples_ma[7] = 260
01-03 01:37:19.435     0     0 D BMS     : calculate_unusable_charge_uah: iavg_samples_ma[8] = 260
01-03 01:37:19.435     0     0 D BMS     : calculate_unusable_charge_uah: iavg_samples_ma[9] = 260
01-03 01:37:19.435     0     0 D BMS     : calculate_unusable_charge_uah: iavg_samples_ma[10] = 260
01-03 01:37:19.435     0     0 D BMS     : calculate_unusable_charge_uah: iavg_samples_ma[11] = 260
01-03 01:37:19.435     0     0 D BMS     : calculate_unusable_charge_uah: iavg_samples_ma[12] = 260
01-03 01:37:19.435     0     0 D BMS     : calculate_unusable_charge_uah: iavg_samples_ma[13] = 260
01-03 01:37:19.435     0     0 D BMS     : calculate_unusable_charge_uah: iavg_samples_ma[14] = 260
01-03 01:37:19.435     0     0 D BMS     : calculate_unusable_charge_uah: iavg_samples_ma[15] = 260
01-03 01:37:19.435     0     0 D BMS     : calculate_pc: pc = 2 % for ocv = 3470747 uv batt_temp = 290
01-03 01:37:19.435     0     0 D BMS     : calculate_termination_uuc: For uuc_iavg_ma = 263, unusable_rbatt = 269 unusable_uv = 3470747 unusable_pc = 2 rbatt_pc = 3 uuc = 41920
01-03 01:37:19.435     0     0 D BMS     : calculate_unusable_charge_uah: uuc_iavg_ma = 263 uuc with iavg = 41920
01-03 01:37:19.435     0     0 D BMS     : calculate_soc_params: UUC = 41920uAh
01-03 01:37:19.435     0     0 D BMS     : calculate_raw_soc: RUC = 1963274uAh
01-03 01:37:19.435     0     0 D BMS     : calculate_state_of_charge: SOC before adjustment = 96
01-03 01:37:19.440     0     0 D BMS     : calculate_pc: pc = 94 % for ocv = 4230765 uv batt_temp = 290
