01-03 01:36:39.148   226   226 I snet_event_log: [121035042,-1,]
01-03 01:36:39.159   224   244 I auditd  : type=1327 audit(0.0:75): proctitle="/system/bin/wcnss_service"
01-03 01:36:39.159   224   244 I auditd  : type=1320 audit(0.0:75): 
01-03 01:36:39.159   317   317 I auditd  : type=1400 audit(0.0:76): avc: denied { getattr } for comm="wcnss_service" path="/efs/wifi/.mac.info" dev="mmcblk0p11" ino=22 scontext=u:r:wcnss_service:s0 tcontext=u:object_r:wifi_efs_file:s0 tclass=file permissive=1
01-03 01:36:39.159   317   317 I auditd  : type=1300 audit(0.0:76): arch=40000028 syscall=197 per=800008 success=yes exit=0 a0=4 a1=befe85d0 a2=befe8654 a3=13d items=0 ppid=1 ppcomm=init auid=4294967295 uid=1000 gid=1000 euid=1000 suid=1000 fsuid=1000 egid=1000 sgid=1000 fsgid=1000 tty=(none) ses=4294967295 comm="wcnss_service" exe="/system/bin/wcnss_service" subj=u:r:wcnss_service:s0 key=(null)
01-03 01:36:39.159   224   244 I auditd  : type=1327 audit(0.0:76): proctitle="/system/bin/wcnss_service"
01-03 01:36:39.159   224   244 I auditd  : type=1320 audit(0.0:76): 
01-03 01:36:39.136     0     0 I init    : Service 'perfprofd' (pid 319) exited with status 0
01-03 01:36:39.215     0     0 I msm_thermal: enabled = 0
01-03 01:36:39.242     0     0 I init    : Service '0SVPKEw' (pid 315) exited with status 0
01-03 01:36:39.344     0     0 I init    : processing action (init.svc.wpa_supplicant=stopped) from (/init.qcom.rc:697)
01-03 01:36:39.344     0     0 E init    : do_stop: Service dhcpcd not found
01-03 01:36:39.390     0     0 D BMS     : bms_stay_awake: enabled source qpnp_soc_wake
01-03 01:36:39.162   226   226 I snet_event_log: [121035042,-1,]
01-03 01:36:39.467     0     0 D BMS     : recalculate_soc: batt_temp phy = 297 meas = 0xc04238e00000ffff
01-03 01:36:39.467     0     0 D BMS     : read_soc_params_raw: last_good_ocv_raw= 0x9913, last_good_ocv_uv= 4265000uV
01-03 01:36:39.467     0     0 D BMS     : read_soc_params_raw: cc_raw= 0x54caa7
01-03 01:36:39.467     0     0 D BMS     : calculate_soc_params: tm_sec = 218199, delta_s = 20
01-03 01:36:39.467     0     0 D BMS     : calculate_fcc: fcc = 2096000 uAh
01-03 01:36:39.467     0     0 D BMS     : calculate_soc_params: FCC = 2096000uAh batt_temp = 297
01-03 01:36:39.467     0     0 D BMS     : calculate_pc: pc = 96 % for ocv = 4265000 uv batt_temp = 303
01-03 01:36:39.467     0     0 D BMS     : calculate_ocv_charge: ocv_uv = 4265000 pc = 96
01-03 01:36:39.467     0     0 D BMS     : calculate_soc_params: ocv_charge_uah = 2012160uAh
01-03 01:36:39.476     0     0 D BMS     : calculate_cc: cc = 5556903, die_temp = 38996
01-03 01:36:39.476     0     0 D BMS     : cc_adjust_for_gain: adjusting_uv = 30148143
01-03 01:36:39.476     0     0 D BMS     : cc_adjust_for_gain: adjusting by factor: 3291/3131 = 105%
01-03 01:36:39.476     0     0 D BMS     : cc_adjust_for_gain: result_uv = 31688769
01-03 01:36:39.476     0     0 D BMS     : calculate_cc: software_cc = 2888, added cc_uah = 1504
01-03 01:36:39.476     0     0 D BMS     : reset_cc: resetting cc manually with flags 128
01-03 01:36:39.485     0     0 D BMS     : calculate_cc: shdw_cc = 5554756, die_temp = 39045
01-03 01:36:39.485     0     0 D BMS     : cc_adjust_for_gain: adjusting_uv = 30136495
01-03 01:36:39.485     0     0 D BMS     : cc_adjust_for_gain: adjusting by factor: 3291/3131 = 105%
01-03 01:36:39.485     0     0 D BMS     : cc_adjust_for_gain: result_uv = 31676526
01-03 01:36:39.485     0     0 D BMS     : calculate_cc: software_sw_cc = 2883, added cc_uah = 1503
01-03 01:36:39.485     0     0 D BMS     : reset_cc: resetting cc manually with flags 64
01-03 01:36:39.485     0     0 D BMS     : calculate_soc_params: cc_uah = 4392uAh raw->cc = 54caa7, shdw_cc_uah = 4386uAh raw->shdw_cc = 54c244
01-03 01:36:39.485     0     0 D BMS     : calculate_soc_params: rbatt_mohm = 171
01-03 01:36:39.485     0     0 D BMS     : calculate_iavg: delta_cc = 1504 iavg_ua = 270720
01-03 01:36:39.485     0     0 D BMS     : calculate_unusable_charge_uah: iavg_samples_ma[0] = 270
01-03 01:36:39.485     0     0 D BMS     : calculate_unusable_charge_uah: iavg_samples_ma[1] = 260
01-03 01:36:39.485     0     0 D BMS     : calculate_unusable_charge_uah: iavg_samples_ma[2] = 260
01-03 01:36:39.485     0     0 D BMS     : calculate_unusable_charge_uah: iavg_samples_ma[3] = 260
01-03 01:36:39.485     0     0 D BMS     : calculate_unusable_charge_uah: iavg_samples_ma[4] = 260
01-03 01:36:39.485     0     0 D BMS     : calculate_unusable_charge_uah: iavg_samples_ma[5] = 260
01-03 01:36:39.485     0     0 D BMS     : calculate_unusable_charge_uah: iavg_samples_ma[6] = 260
01-03 01:36:39.485     0     0 D BMS     : calculate_unusable_charge_uah: iavg_samples_ma[7] = 260
01-03 01:36:39.485     0     0 D BMS     : calculate_unusable_charge_uah: iavg_samples_ma[8] = 260
01-03 01:36:39.485     0     0 D BMS     : calculate_unusable_charge_uah: iavg_samples_ma[9] = 260
01-03 01:36:39.485     0     0 D BMS     : calculate_unusable_charge_uah: iavg_samples_ma[10] = 260
01-03 01:36:39.485     0     0 D BMS     : calculate_unusable_charge_uah: iavg_samples_ma[11] = 260
01-03 01:36:39.485     0     0 D BMS     : calculate_unusable_charge_uah: iavg_samples_ma[12] = 260
01-03 01:36:39.485     0     0 D BMS     : calculate_unusable_charge_uah: iavg_samples_ma[13] = 260
01-03 01:36:39.485     0     0 D BMS     : calculate_unusable_charge_uah: iavg_samples_ma[14] = 260
01-03 01:36:39.485     0     0 D BMS     : calculate_unusable_charge_uah: iavg_samples_ma[15] = 260
01-03 01:36:39.485     0     0 D BMS     : calculate_pc: pc = 2 % for ocv = 3470731 uv batt_temp = 297
01-03 01:36:39.485     0     0 D BMS     : calculate_termination_uuc: For uuc_iavg_ma = 261, unusable_rbatt = 271 unusable_uv = 3470731 unusable_pc = 2 rbatt_pc = 2 uuc = 41920
01-03 01:36:39.485     0     0 D BMS     : calculate_unusable_charge_uah: uuc_iavg_ma = 261 uuc with iavg = 41920
01-03 01:36:39.485     0     0 D BMS     : calculate_soc_params: UUC = 41920uAh
01-03 01:36:39.485     0     0 D BMS     : calculate_raw_soc: RUC = 1965848uAh
01-03 01:36:39.485     0     0 D BMS     : calculate_state_of_charge: SOC before adjustment = 96
01-03 01:36:39.485     0     0 E qpnp_batt_external_power_changed: skip qpnp_batt_external_power_changed
01-03 01:36:39.490     0     0 D BMS     : calculate_pc: pc = 93 % for ocv = 4219586 uv batt_temp = 297
01-03 01:36:39.490     0     0 D BMS     : adjust_soc: ibat_ua = 549700, vbat_uv = 4125588, ocv_est_uv = 4219586, pc_est = 93, soc_est = 92, n = 0, delta_ocv_uv = 0, last_ocv_uv = 4265000, pc_new = 0, soc_new = 0, rbatt = 171, slope = 0
01-03 01:36:39.499     0     0 D BMS     : get_battery_voltage: mvolts phy = 4118972 meas = 0x3efba1
01-03 01:36:39.499     0     0 D BMS     : clamp_soc_based_on_voltage: not clamping, using soc = 96, vbat = 4118972 and cutoff = 3400000
01-03 01:36:39.499     0     0 D BMS     : calculate_state_of_charge: CC based calculated SOC = 96
01-03 01:36:39.503     0     0 D BMS     : report_cc_based_soc: batt_temp phy = 297 meas = 0xcd1d1f04000000ab
01-03 01:36:39.503     0     0 D BMS     : report_cc_based_soc: last_soc = 96, calculated_soc = 96, soc = 96, time since last change = 20
01-03 01:36:39.503     0     0 I BMS     : bms_get_scaled_capacity: bms_get_scaled_capacity: scaled capacity (96.0)
01-03 01:36:39.503     0     0 D BMS     : backup_soc_and_iavg: soc = 96, soc__ = 194
01-03 01:36:39.503     0     0 D BMS     : report_cc_based_soc: Reported SOC = 96
01-03 01:36:39.503     0     0 D BMS     : bms_relax: disabled source qpnp_soc_wake
01-03 01:36:39.508     0     0 D BMS     : report_cc_based_soc: batt_temp phy = 297 meas = 0xc12426f0
01-03 01:36:39.508     0     0 D BMS     : report_cc_based_soc: last_soc = 96, calculated_soc = 96, soc = 96, time since last change = 20
01-03 01:36:39.508     0     0 I BMS     : bms_get_scaled_capacity: bms_get_scaled_capacity: scaled capacity (96.0)
01-03 01:36:39.508     0     0 D BMS     : backup_soc_and_iavg: soc = 96, soc__ = 194
01-03 01:36:39.508     0     0 D BMS     : report_cc_based_soc: Reported SOC = 96
01-03 01:36:39.508     0     0 I BMS     : bms_get_scaled_capacity: bms_get_scaled_capacity: scaled capacity (96.0)
01-03 01:36:39.509     0     0 W msm_open: Succeed!
01-03 01:36:39.512     0     0 D BMS     : cc_adjust_for_gain: adjusting_uv = 5338
01-03 01:36:39.512     0     0 D BMS     : cc_adjust_for_gain: adjusting by factor: 3291/3131 = 105%
01-03 01:36:39.512     0     0 D BMS     : cc_adjust_for_gain: result_uv = 5610
01-03 01:36:39.512     0     0 D BMS     : get_battery_current: vsense_uv=5610uV
01-03 01:36:39.512     0     0 D BMS     : get_battery_current: err compensated ibat=561000uA
01-03 01:36:39.512     0     0 E power_supply bms: driver failed to report `current_avg' property: 4294967274
01-03 01:36:39.208   300   300 I installd: installd firing up
01-03 01:36:39.313   314   314 D RILD    : **RIL Daemon Started**
01-03 01:36:39.313   314   314 D RILD    : **RILd param count=1**
01-03 01:36:39.333   311   311 I wificond: wificond is starting up...
01-03 01:36:39.555     0     0 E         : msm_eeprom_open E
01-03 01:36:39.556     0     0 E         : msm_eeprom_open X
01-03 01:36:39.556     0     0 E         : msm_eeprom_subdev_ioctl E
01-03 01:36:39.556     0     0 E msm_eeprom_subdev_ioctl: 635 a_ctrl e743f600 argp e5a17e64
01-03 01:36:39.556     0     0 E         : msm_eeprom_config E
01-03 01:36:39.557     0     0 E         : msm_eeprom_config E CFG_EEPROM_READ_DATA
01-03 01:36:39.557     0     0 E msm_camera_spi_tx_helper: tx(6): 90 00 00 00
01-03 01:36:39.558     0     0 I msm_eeprom_match_id: read 0x0000, check Fidelix 16M:0xF814, Winbond 8M:0xEF13, Winbond 16M:0xEF14
01-03 01:36:39.558     0     0 W msm_eeprom_power_up: E
01-03 01:36:39.558     0     0 E msm_camera_power_up: 1168
01-03 01:36:39.559     0     0 E msm_camera_request_gpio_table: 526 invalid gpio_tbl   (null) / size 0
01-03 01:36:39.559     0     0 E         : msm_camera_power_up index 0
01-03 01:36:39.559     0     0 E         : msm_camera_power_up type 2
01-03 01:36:39.559     0     0 I         : msm_camera_config_single_vreg enable cam_vdig
01-03 01:36:39.462   226   226 I chatty  : uid=1000(system) hwservicemanage identical 18 lines
01-03 01:36:39.474   226   226 I snet_event_log: [121035042,-1,]
01-03 01:36:39.518   261   261 I boot_progress_start: 22216
01-03 01:36:39.564     0     0 E         : msm_camera_power_up index 1
01-03 01:36:39.565     0     0 E         : msm_camera_power_up type 2
01-03 01:36:39.565     0     0 I         : msm_camera_config_single_vreg enable cam_vio
01-03 01:36:39.569     0     0 E         : ====GPIO STATUS CHECK====
01-03 01:36:39.569     0     0 E CAM_A_en: 0
01-03 01:36:39.569     0     0 E MCLK    : 0
01-03 01:36:39.569     0     0 E VT_MCLK : 0
01-03 01:36:39.569     0     0 E I2C_SCL : 1
01-03 01:36:39.570     0     0 E I2C_SDA : 1
01-03 01:36:39.570     0     0 E RESET   : 0
01-03 01:36:39.570     0     0 E VT_RESET: 0
01-03 01:36:39.570     0     0 E         : msm_camera_power_up exit
01-03 01:36:39.570     0     0 E msm_camera_spi_tx_helper: tx(15): 03 00 00 40
01-03 01:36:39.570     0     0 W msm_eeprom_power_down: E
01-03 01:36:39.570     0     0 E msm_camera_power_down: 1488
01-03 01:36:39.570     0     0 E         : msm_camera_power_down index 1
01-03 01:36:39.570     0     0 E         : msm_camera_power_down type 2
01-03 01:36:39.570     0     0 I         : msm_camera_config_single_vreg disable cam_vio
01-03 01:36:39.574     0     0 E         : msm_camera_power_down index 0
01-03 01:36:39.575     0     0 E         : msm_camera_power_down type 2
01-03 01:36:39.575     0     0 I         : msm_camera_config_single_vreg disable cam_vdig
01-03 01:36:39.578     0     0 E msm_camera_request_gpio_table: 526 invalid gpio_tbl   (null) / size 0
01-03 01:36:39.579     0     0 E         : msm_camera_power_down exit
01-03 01:36:39.579     0     0 E         : msm_eeprom_config X rc: 0
01-03 01:36:39.596     0     0 E         : msm_eeprom_subdev_ioctl E
01-03 01:36:39.596     0     0 E msm_eeprom_subdev_ioctl: 635 a_ctrl e743f600 argp e5a17e64
01-03 01:36:39.596     0     0 E         : msm_eeprom_config E
01-03 01:36:39.596     0     0 E         : msm_eeprom_config E CFG_EEPROM_READ_DATA
01-03 01:36:39.596     0     0 E msm_camera_spi_tx_helper: tx(6): 90 00 00 00
01-03 01:36:39.597     0     0 I msm_eeprom_match_id: read 0xF814, check Fidelix 16M:0xF814, Winbond 8M:0xEF13, Winbond 16M:0xEF14
01-03 01:36:39.597     0     0 W msm_eeprom_power_up: E
01-03 01:36:39.597     0     0 E msm_camera_spi_tx_helper: tx(112): 03 00 50 00
01-03 01:36:39.597     0     0 W msm_eeprom_power_down: E
01-03 01:36:39.597     0     0 E         : msm_eeprom_config X rc: 0
01-03 01:36:39.597     0     0 E         : msm_eeprom_close E
01-03 01:36:39.597     0     0 E         : msm_eeprom_close X
01-03 01:36:39.603     0     0 E MSM-SENSOR-INIT msm_sensor_init_subdev_ioctl: 75 Enter
01-03 01:36:39.603     0     0 W MSM-SENSOR-INIT msm_sensor_driver_cmd: 57 msm_sensor_driver_cmd : CFG_SINIT_PROBE
01-03 01:36:39.603     0     0 E MSM-SENSOR-DRIVER msm_sensor_driver_probe: 165 camera id 2
01-03 01:36:39.603     0     0 E MSM-SENSOR-DRIVER msm_sensor_driver_probe: 166 slave_addr 20
01-03 01:36:39.604     0     0 E MSM-SENSOR-DRIVER msm_sensor_driver_probe: 167 addr_type 2
01-03 01:36:39.604     0     0 E MSM-SENSOR-DRIVER msm_sensor_driver_probe: 169 sensor_id_reg_addr 0
01-03 01:36:39.604     0     0 E MSM-SENSOR-DRIVER msm_sensor_driver_probe: 170 sensor_id 0
01-03 01:36:39.604     0     0 E MSM-SENSOR-DRIVER msm_sensor_driver_probe: 171 size 6
01-03 01:36:39.604     0     0 E MSM-SENSOR-DRIVER msm_sensor_driver_probe: 224 s_ctrl[2] e7417000
01-03 01:36:39.604     0     0 E MSM-SENSOR-DRIVER msm_sensor_driver_probe: 258 seq_type 1 seq_val 0 config_val 0 delay 1
01-03 01:36:39.604     0     0 E MSM-SENSOR-DRIVER msm_sensor_driver_probe: 258 seq_type 1 seq_val 4 config_val 2 delay 1
01-03 01:36:39.604     0     0 E MSM-SENSOR-DRIVER msm_sensor_driver_probe: 258 seq_type 1 seq_val 0 config_val 2 delay 3
01-03 01:36:39.604     0     0 E MSM-SENSOR-DRIVER msm_sensor_driver_probe: 258 seq_type 0 seq_val 0 config_val 24000000 delay 2
01-03 01:36:39.604     0     0 E MSM-SENSOR-DRIVER msm_sensor_driver_probe: 258 seq_type 1 seq_val 6 config_val 2 delay 3
01-03 01:36:39.605     0     0 E MSM-SENSOR-DRIVER msm_sensor_driver_probe: 258 seq_type 3 seq_val 0 config_val 0 delay 5
01-03 01:36:39.605     0     0 E MSM-SENSOR-DRIVER msm_sensor_driver_probe: 283 seq_type 1 seq_val 4 config_val 0 delay 1
01-03 01:36:39.605     0     0 E MSM-SENSOR-DRIVER msm_sensor_driver_probe: 283 seq_type 1 seq_val 6 config_val 0 delay 4
01-03 01:36:39.605     0     0 E MSM-SENSOR-DRIVER msm_sensor_driver_probe: 283 seq_type 0 seq_val 0 config_val 0 delay 2
01-03 01:36:39.605     0     0 E MSM-SENSOR-DRIVER msm_sensor_driver_probe: 283 seq_type 1 seq_val 0 config_val 0 delay 2
01-03 01:36:39.605     0     0 E MSM-SENSOR-DRIVER msm_sensor_driver_probe: 283 seq_type 3 seq_val 0 config_val 0 delay 5
01-03 01:36:39.605     0     0 E MSM-SENSOR-DRIVER msm_sensor_driver_probe: 313  msm_sensor_driver_probe line 313 camera_info->sensor_id = 0x0 = 0x0
01-03 01:36:39.606     0     0 W camera_init_v4l2: Succeed!
01-03 01:36:39.606     0     0 E MSM-SENSOR-DRIVER msm_sensor_driver_probe: 426 msm_sensor_driver_probe: name : s5k6a3yx, type = 131072 group_id = 6
01-03 01:36:39.606     0     0 E MSM-SENSOR-DRIVER msm_sensor_driver_probe: 430 FAILED- 3: 0
01-03 01:36:39.607     0     0 E MSM-SENSOR-DRIVER msm_sensor_driver_probe: 446 msm_sensor_driver_probe:446 sensor name
01-03 01:36:39.607     0     0 E MSM-SENSOR-DRIVER msm_sensor_driver_probe: 448 msm_sensor_driver_probe:448 session id 2
01-03 01:36:39.607     0     0 E MSM-SENSOR-DRIVER msm_sensor_driver_probe: 451 msm_sensor_driver_probe:451 subdev_id[0] -1
01-03 01:36:39.607     0     0 E MSM-SENSOR-DRIVER msm_sensor_driver_probe: 451 msm_sensor_driver_probe:451 subdev_id[1] -1
01-03 01:36:39.607     0     0 E MSM-SENSOR-DRIVER msm_sensor_driver_probe: 451 msm_sensor_driver_probe:451 subdev_id[2] -1
01-03 01:36:39.607     0     0 E MSM-SENSOR-DRIVER msm_sensor_driver_probe: 451 msm_sensor_driver_probe:451 subdev_id[3] -1
01-03 01:36:39.608     0     0 E MSM-SENSOR-DRIVER msm_sensor_driver_probe: 451 msm_sensor_driver_probe:451 subdev_id[4] -1
01-03 01:36:39.608     0     0 E MSM-SENSOR-DRIVER msm_sensor_driver_probe: 451 msm_sensor_driver_probe:451 subdev_id[5] -1
01-03 01:36:39.608     0     0 E MSM-SENSOR-DRIVER msm_sensor_driver_probe: 451 msm_sensor_driver_probe:451 subdev_id[6] 1
01-03 01:36:39.608     0     0 E MSM-SENSOR-DRIVER msm_sensor_driver_probe: 451 msm_sensor_driver_probe:451 subdev_id[7] -1
01-03 01:36:39.608     0     0 E MSM-SENSOR-DRIVER msm_sensor_driver_probe: 451 msm_sensor_driver_probe:451 subdev_id[8] 1
01-03 01:36:39.609     0     0 E MSM-SENSOR-DRIVER msm_sensor_driver_probe: 451 msm_sensor_driver_probe:451 subdev_id[9] -1
01-03 01:36:39.609     0     0 E MSM-SENSOR-DRIVER msm_sensor_driver_probe: 454 msm_sensor_driver_probe:454 mount angle valid 0 value 0
01-03 01:36:39.609     0     0 W MSM-SENSOR-DRIVER msm_sensor_driver_probe: 462 rc 0 session_id 2
01-03 01:36:39.609     0     0 W MSM-SENSOR-DRIVER msm_sensor_driver_probe: 463 s5k6a3yx probe succeeded
01-03 01:36:39.610     0     0 E msm_csiphy_subdev_ioctl: 571 id 0
01-03 01:36:39.610     0     0 E msm_csiphy_get_subdev_id: 562 subdev_id 0
01-03 01:36:39.610     0     0 E msm_csiphy_subdev_ioctl: 588
01-03 01:36:39.610     0     0 E msm_csiphy_subdev_ioctl: 571 id 1
01-03 01:36:39.610     0     0 E msm_csiphy_get_subdev_id: 562 subdev_id 1
01-03 01:36:39.615     0     0 E msm_csiphy_subdev_ioctl: 588
01-03 01:36:39.616     0     0 E msm_csid_subdev_ioctl: 460 id 0
01-03 01:36:39.616     0     0 E msm_csid_subdev_ioctl: 475
01-03 01:36:39.616     0     0 E msm_csid_subdev_ioctl: 460 id 1
01-03 01:36:39.616     0     0 E msm_csid_subdev_ioctl: 475
01-03 01:36:39.618     0     0 E         : msm_eeprom_open E
01-03 01:36:39.618     0     0 E         : msm_eeprom_open X
01-03 01:36:39.618     0     0 E         : msm_eeprom_subdev_ioctl E
01-03 01:36:39.618     0     0 E msm_eeprom_subdev_ioctl: 635 a_ctrl e743f600 argp e5a17e64
01-03 01:36:39.618     0     0 E         : msm_eeprom_config E
01-03 01:36:39.618     0     0 I         : msm_eeprom_config E CFG_EEPROM_GET_INFO
01-03 01:36:39.618     0     0 E         : msm_eeprom_config X rc: 0
01-03 01:36:39.618     0     0 E         : msm_eeprom_subdev_ioctl E
01-03 01:36:39.619     0     0 E msm_eeprom_subdev_ioctl: 635 a_ctrl e743f600 argp e5a17e64
01-03 01:36:39.619     0     0 E         : msm_eeprom_get_subdev_id E
01-03 01:36:39.620     0     0 E         : subdev_id 0
01-03 01:36:39.620     0     0 E         : msm_eeprom_get_subdev_id X
01-03 01:36:39.628     0     0 E msm_isp_open_node: HW Version: 0x20010014
01-03 01:36:39.629     0     0 E msm_isp_init_isp_buf_mgr: E
01-03 01:36:39.631     0     0 I         : Debug Temp for Sensor:
01-03 01:36:39.631     0     0 I         : (0 --- 44)(1 --- 38)(2 --- 48)(3 --- 38)(4 --- 39)(5 --- 48)
01-03 01:36:39.631     0     0 E MSM-CPP cpp_open_node: 919 E
01-03 01:36:39.631     0     0 E MSM-CPP cpp_open_node: 941 open 0 e6172dc0
01-03 01:36:39.633     0     0 E MSM-CPP cpp_init_hardware: 758 stream_cnt:0
01-03 01:36:39.633     0     0 E MSM-CPP cpp_init_hardware: 781 cpp_dbg: end of cpp_init_hardware
01-03 01:36:39.633     0     0 E MSM-CPP cpp_init_mem: 494 E
01-03 01:36:39.633     0     0 E MSM-CPP cpp_init_mem: 500 X
01-03 01:36:39.634     0     0 E MSM-CPP msm_cpp_subdev_ioctl: 1448 E cmd: -1072671036
01-03 01:36:39.634     0     0 E MSM-CPP msm_cpp_subdev_ioctl: 1786 X
01-03 01:36:39.634     0     0 E MSM-CPP msm_cpp_subdev_ioctl: 1448 E cmd: -1072671037
01-03 01:36:39.634     0     0 E MSM-CPP cpp_load_fw: 833 cpp_dbg: MSM_CPP_MICRO_CLKEN_CTL
01-03 01:36:39.636     0     0 E MSM-CPP cpp_load_fw: 838 cpp_dbg: MSM_CPP_MICRO_BOOT_START
01-03 01:36:39.636     0     0 E MSM-CPP cpp_load_fw: 842 cpp_dbg: MSM_CPP_MSG_ID_CMD
01-03 01:36:39.638     0     0 E MSM-CPP msm_cpp_read: 180 Read data: 03e646d63
01-03 01:36:39.638     0     0 E MSM-CPP msm_cpp_poll: 470 poll: 03e646d63
01-03 01:36:39.639     0     0 E MSM-CPP msm_cpp_poll: 473 Poll finished
01-03 01:36:39.733     0     0 I init    : Service 'sysinit' (pid 259) exited with status 0
01-03 01:36:39.713   310   376 I /system/bin/storaged: storaged: Start
01-03 01:36:39.724   314   314 W RILD    : RIL_SAP_Init not defined or exported in /system/vendor/lib/libsec-ril.so: undefined symbol: RIL_SAP_Init
01-03 01:36:39.724   314   314 D RILD    : RIL_Init argc = 3 clientId = 0
01-03 01:36:39.726   314   314 E RILD    : First Ril
01-03 01:36:39.726   314   314 E RILD    : LoadLogLevel: Log level is 3.
01-03 01:36:39.736   314   314 E RILD    : RIL_Init: version(8)
01-03 01:36:39.737   314   314 D RILD    : RIL_Init rilInit completed
01-03 01:36:39.737   314   314 I RILC    : SIM_COUNT: 1
01-03 01:36:39.737   314   314 E RILC    : RIL_register: RIL version 8
01-03 01:36:39.737   314   314 I RILC    : s_registerCalled flag set, 1
01-03 01:36:39.737   314   314 D RILC    : registerService: starting android::hardware::radio::V1_1::IRadio slot1
01-03 01:36:39.739   226   226 I snet_event_log: [121035042,-1,]
01-03 01:36:39.744   314   314 I RILC    : RILHIDL called registerService
01-03 01:36:39.744   314   314 D RILD    : RIL_Init RIL_register completed
01-03 01:36:39.744   314   314 D RILD    : RIL_register_socket completed
01-03 01:36:39.837   314   379 E RILD    : LazyRilInit
01-03 01:36:39.837   314   379 E RILD    : SecRil(): ModelType: 2
01-03 01:36:39.838   314   379 E RILD    : Modem config #0: index[0], iftype[10], ifname[rmnet0], mtype[4], proto[10], protover[10], dbg-ifname[]
01-03 01:36:39.848   314   391 E RILD    : Force-exit is required for this thread
01-03 01:36:39.848   314   379 E RILD    : Modem config #1: index[1], iftype[4], ifname[imsd], mtype[8], proto[1], protover[8], dbg-ifname[]
01-03 01:36:39.848   314   379 E RILD    : Modem config #2: index[2], iftype[10], ifname[rmnet0], mtype[32], proto[1], protover[1], dbg-ifname[IPCDEBUG_UNIX_SOCKET]
01-03 01:36:39.849   314   379 E RILD    : Debug channel is not opened for ship build.
01-03 01:36:39.850   314   379 E RILD    : Trying qmi_init(): retryCount(0)
01-03 01:36:39.850   314   379 E use-Rlog/RLOG-RIL-QMI: qmi_client [314]: unable to connect to server, errno=[2:No such file or directory], attempt=1
01-03 01:36:39.862   314   392 E RILD    : Force-exit is required for this thread
01-03 01:36:40.019   226   226 I chatty  : uid=1000(system) hwservicemanage identical 7 lines
01-03 01:36:40.092   226   226 I snet_event_log: [121035042,-1,]
01-03 01:36:40.440   261   261 I sysui_histogram: [boot_zygote_init,23136]
01-03 01:36:40.451   261   261 I sysui_multi_action: [757,804,799,boot_zygote_init,801,23136,802,1]
01-03 01:36:40.463   261   261 I boot_progress_preload_start: 23161
01-03 01:36:40.552     0     0 I random  : nonblocking pool is initialized
01-03 01:36:40.659     0     0 I ueventd : firmware: loading 'wlan/prima/WCNSS_qcom_wlan_nv.bin' for '/devices/fb000000.qcom,wcnss-wlan/firmware/fb000000.qcom,wcnss-wlan'
01-03 01:36:40.649   406   406 I auditd  : type=1400 audit(0.0:77): avc: denied { search } for comm="ueventd" name="/" dev="mmcblk0p1" ino=1 scontext=u:r:ueventd:s0 tcontext=u:object_r:vfat:s0 tclass=dir permissive=1
01-03 01:36:40.665     0     0 E wcnss   : NV bin size: 29812, total_fragments: 10
01-03 01:36:40.666     0     0 E wcnss   : no space available for smd frame
01-03 01:36:40.649   406   406 I auditd  : type=1400 audit(0.0:77): avc: denied { read } for comm="ueventd" name="cmnlib.b00" dev="mmcblk0p1" ino=27 scontext=u:r:ueventd:s0 tcontext=u:object_r:vfat:s0 tclass=file permissive=1
01-03 01:36:40.666     0     0 I ueventd : loading /devices/fb000000.qcom,wcnss-wlan/firmware/fb000000.qcom,wcnss-wlan took 7ms
01-03 01:36:40.669     0     0 I ueventd : firmware: loading 'cmnlib.b00' for '/devices/virtual/qseecom/qseecom/qseecom'
01-03 01:36:40.670     0     0 I ueventd : loading /devices/virtual/qseecom/qseecom/qseecom took 1ms
01-03 01:36:40.649   406   406 I auditd  : type=1400 audit(0.0:77): avc: denied { open } for comm="ueventd" name="cmnlib.b00" dev="mmcblk0p1" ino=27 scontext=u:r:ueventd:s0 tcontext=u:object_r:vfat:s0 tclass=file permissive=1
01-03 01:36:40.649   406   406 I auditd  : type=1300 audit(0.0:77): arch=40000028 syscall=322 per=800008 success=yes exit=7 a0=ffffff9c a1=b6ece400 a2=a0000 a3=0 items=1 ppid=163 ppcomm=ueventd auid=4294967295 uid=0 gid=0 euid=0 suid=0 fsuid=0 egid=0 sgid=0 fsgid=0 tty=(none) ses=4294967295 comm="ueventd" exe="/init" subj=u:r:ueventd:s0 key=(null)
01-03 01:36:40.649   224   244 I auditd  : type=1307 audit(0.0:77): cwd="/"
01-03 01:36:40.649   224   244 I auditd  : type=1302 audit(0.0:77): item=0 name="/etc/firmware/cmnlib.b00" inode=27 dev=b3:01 mode=0100444 ouid=1000 ogid=1026 rdev=00:00 obj=u:object_r:vfat:s0
01-03 01:36:40.649   224   244 I auditd  : type=1327 audit(0.0:77): proctitle="/sbin/ueventd"
01-03 01:36:40.649   224   244 I auditd  : type=1320 audit(0.0:77): 
01-03 01:36:40.649   406   406 I auditd  : type=1400 audit(0.0:78): avc: denied { getattr } for comm="ueventd" path="/firmware/image/cmnlib.b00" dev="mmcblk0p1" ino=27 scontext=u:r:ueventd:s0 tcontext=u:object_r:vfat:s0 tclass=file permissive=1
01-03 01:36:40.649   406   406 I auditd  : type=1300 audit(0.0:78): arch=40000028 syscall=197 per=800008 success=yes exit=0 a0=7 a1=bef90cb8 a2=a0000 a3=0 items=0 ppid=163 ppcomm=ueventd auid=4294967295 uid=0 gid=0 euid=0 suid=0 fsuid=0 egid=0 sgid=0 fsgid=0 tty=(none) ses=4294967295 comm="ueventd" exe="/init" subj=u:r:ueventd:s0 key=(null)
01-03 01:36:40.649   224   244 I auditd  : type=1327 audit(0.0:78): proctitle="/sbin/ueventd"
01-03 01:36:40.649   224   244 I auditd  : type=1320 audit(0.0:78): 
01-03 01:36:40.677     0     0 I ueventd : firmware: loading 'mba.mdt' for '/devices/fc880000.qcom,mss/firmware/fc880000.qcom,mss'
01-03 01:36:40.679     0     0 I ueventd : loading /devices/fc880000.qcom,mss/firmware/fc880000.qcom,mss took 2ms
01-03 01:36:40.679     0     0 I pil-q6v5-mss fc880000.qcom,mss: mba: loading from 0x0c300000 to 0x0c33c000
01-03 01:36:40.690     0     0 E wcnss   : no space available for smd frame
01-03 01:36:40.714     0     0 I ueventd : firmware: loading 'cpp_firmware_v1_2_0.fw' for '/devices/fda04000.qcom,cpp/firmware/fda04000.qcom,cpp'
01-03 01:36:40.715     0     0 I ueventd : loading /devices/fda04000.qcom,cpp/firmware/fda04000.qcom,cpp took 2ms
01-03 01:36:40.716     0     0 E selinux : SELinux:  Could not read /sys/devices/fda04000.qcom,cpp/firmware/fda04000.qcom,cpp/power: No such file or directory.
01-03 01:36:40.718     0     0 E MSM-CPP msm_cpp_read: 180 Read data: 03e646d63
01-03 01:36:40.718     0     0 E MSM-CPP msm_cpp_poll: 470 poll: 03e646d63
01-03 01:36:40.718     0     0 E MSM-CPP msm_cpp_poll: 473 Poll finished
01-03 01:36:40.721     0     0 I ueventd : firmware: loading 'a330_pm4.fw' for '/devices/fdb00000.qcom,kgsl-3d0/kgsl/kgsl-3d0/kgsl-3d0'
01-03 01:36:40.721     0     0 E wcnss   : no space available for smd frame
01-03 01:36:40.726     0     0 E MSM-CPP msm_cpp_read: 180 Read data: 0a0a4b4f
01-03 01:36:40.726     0     0 E MSM-CPP msm_cpp_poll: 470 poll: 0a0a4b4f
01-03 01:36:40.726     0     0 E MSM-CPP msm_cpp_poll: 473 Poll finished
01-03 01:36:40.728     0     0 I ueventd : firmware: loading 'cmnlib.b01' for '/devices/virtual/qseecom/qseecom/qseecom'
01-03 01:36:40.729     0     0 E MSM-CPP msm_cpp_read: 180 Read data: 03e646d63
01-03 01:36:40.729     0     0 E MSM-CPP msm_cpp_poll: 470 poll: 03e646d63
01-03 01:36:40.729     0     0 E MSM-CPP msm_cpp_poll: 473 Poll finished
01-03 01:36:40.729     0     0 E MSM-CPP cpp_load_fw: 878 cpp_dbg: Trigger MC to jump to start address
01-03 01:36:40.729     0     0 E MSM-CPP cpp_load_fw: 883 cpp_dbg: msm_cpp_poll MSM_CPP_MSG_ID_CMD
01-03 01:36:40.729     0     0 I ueventd : loading /devices/virtual/qseecom/qseecom/qseecom took 1ms
01-03 01:36:40.730     0     0 E MSM-CPP msm_cpp_read: 180 Read data: 03e646d63
01-03 01:36:40.730     0     0 E MSM-CPP msm_cpp_poll: 470 poll: 03e646d63
01-03 01:36:40.730     0     0 E MSM-CPP msm_cpp_poll: 473 Poll finished
01-03 01:36:40.731     0     0 E MSM-CPP cpp_load_fw: 885 cpp_dbg: msm_cpp_poll 0x1
01-03 01:36:40.733     0     0 E MSM-CPP msm_cpp_read: 180 Read data: 03e646d63
01-03 01:36:40.733     0     0 E MSM-CPP msm_cpp_poll: 470 poll: 03e646d63
01-03 01:36:40.735     0     0 E MSM-CPP msm_cpp_read: 180 Read data: 03e646d63
01-03 01:36:40.735     0     0 E MSM-CPP msm_cpp_poll: 470 poll: 03e646d63
01-03 01:36:40.737     0     0 I ueventd : firmware: loading 'mba.b00' for '/devices/fc880000.qcom,mss/firmware/fc880000.qcom,mss'
01-03 01:36:40.737     0     0 E MSM-CPP msm_cpp_read: 180 Read data: 03e646d63
01-03 01:36:40.737     0     0 E MSM-CPP msm_cpp_poll: 470 poll: 03e646d63
01-03 01:36:40.739     0     0 E MSM-CPP msm_cpp_read: 180 Read data: 03e646d63
01-03 01:36:40.739     0     0 E MSM-CPP msm_cpp_poll: 470 poll: 03e646d63
01-03 01:36:40.741     0     0 E MSM-CPP msm_cpp_read: 180 Read data: 03e646d63
01-03 01:36:40.742     0     0 E MSM-CPP msm_cpp_poll: 470 poll: 03e646d63
01-03 01:36:40.744     0     0 E MSM-CPP msm_cpp_read: 180 Read data: 03e646d63
01-03 01:36:40.744     0     0 E MSM-CPP msm_cpp_poll: 470 poll: 03e646d63
01-03 01:36:40.744     0     0 I ueventd : firmware: loading 'cmnlib.b02' for '/devices/virtual/qseecom/qseecom/qseecom'
01-03 01:36:40.746     0     0 I ueventd : loading /devices/virtual/qseecom/qseecom/qseecom took 1ms
01-03 01:36:40.746     0     0 E MSM-CPP msm_cpp_read: 180 Read data: 03e646d63
01-03 01:36:40.746     0     0 E MSM-CPP msm_cpp_poll: 470 poll: 03e646d63
01-03 01:36:40.748     0     0 E MSM-CPP msm_cpp_read: 180 Read data: 03e646d63
01-03 01:36:40.748     0     0 E MSM-CPP msm_cpp_poll: 470 poll: 03e646d63
01-03 01:36:40.750     0     0 E wcnss   : no space available for smd frame
01-03 01:36:40.751     0     0 E MSM-CPP msm_cpp_read: 180 Read data: 03e646d63
01-03 01:36:40.751     0     0 E MSM-CPP msm_cpp_poll: 470 poll: 03e646d63
01-03 01:36:40.753     0     0 E MSM-CPP msm_cpp_read: 180 Read data: 03e646d63
01-03 01:36:40.753     0     0 E MSM-CPP msm_cpp_poll: 470 poll: 03e646d63
01-03 01:36:40.754     0     0 I ueventd : firmware: loading 'cmnlib.b03' for '/devices/virtual/qseecom/qseecom/qseecom'
01-03 01:36:40.754     0     0 I ueventd : loading /devices/virtual/qseecom/qseecom/qseecom took 1ms
01-03 01:36:40.755     0     0 E MSM-CPP msm_cpp_read: 180 Read data: 03e646d63
01-03 01:36:40.755     0     0 E MSM-CPP msm_cpp_poll: 470 poll: 03e646d63
01-03 01:36:40.758     0     0 E MSM-CPP msm_cpp_read: 180 Read data: 03e646d63
01-03 01:36:40.758     0     0 E MSM-CPP msm_cpp_poll: 470 poll: 03e646d63
01-03 01:36:40.760     0     0 E MSM-CPP msm_cpp_read: 180 Read data: 03e646d63
01-03 01:36:40.760     0     0 E MSM-CPP msm_cpp_poll: 470 poll: 03e646d63
01-03 01:36:40.762     0     0 E MSM-CPP msm_cpp_read: 180 Read data: 03e646d63
01-03 01:36:40.762     0     0 E MSM-CPP msm_cpp_poll: 470 poll: 03e646d63
01-03 01:36:40.764     0     0 E MSM-CPP msm_cpp_read: 180 Read data: 03e646d63
01-03 01:36:40.764     0     0 E MSM-CPP msm_cpp_poll: 470 poll: 03e646d63
01-03 01:36:40.766     0     0 E MSM-CPP msm_cpp_read: 180 Read data: 03e646d63
01-03 01:36:40.766     0     0 E MSM-CPP msm_cpp_poll: 470 poll: 03e646d63
01-03 01:36:40.769     0     0 E MSM-CPP msm_cpp_read: 180 Read data: 03e646d63
01-03 01:36:40.769     0     0 E MSM-CPP msm_cpp_poll: 470 poll: 03e646d63
01-03 01:36:40.770     0     0 E MSM-CPP msm_cpp_read: 180 Read data: 03e646d63
01-03 01:36:40.770     0     0 E MSM-CPP msm_cpp_poll: 470 poll: 03e646d63
01-03 01:36:40.772     0     0 E MSM-CPP msm_cpp_read: 180 Read data: 03e646d63
01-03 01:36:40.773     0     0 E MSM-CPP msm_cpp_poll: 470 poll: 03e646d63
01-03 01:36:40.775     0     0 E MSM-CPP msm_cpp_read: 180 Read data: 03e646d63
01-03 01:36:40.775     0     0 E MSM-CPP msm_cpp_poll: 470 poll: 03e646d63
01-03 01:36:40.777     0     0 E MSM-CPP msm_cpp_read: 180 Read data: 03e646d63
01-03 01:36:40.777     0     0 E MSM-CPP msm_cpp_poll: 470 poll: 03e646d63
01-03 01:36:40.777     0     0 E MSM-CPP msm_cpp_poll: 475 Poll failed: expect: 0x1
01-03 01:36:40.777     0     0 E MSM-CPP cpp_load_fw: 887 cpp_dbg: msm_cpp_poll MSM_CPP_MSG_ID_JUMP_ACK
01-03 01:36:40.779     0     0 E MSM-CPP msm_cpp_read: 180 Read data: 03e646d63
01-03 01:36:40.779     0     0 E MSM-CPP msm_cpp_poll: 470 poll: 03e646d63
01-03 01:36:40.781     0     0 E MSM-CPP msm_cpp_read: 180 Read data: 03e646d63
01-03 01:36:40.781     0     0 E MSM-CPP msm_cpp_poll: 470 poll: 03e646d63
01-03 01:36:40.784     0     0 E MSM-CPP msm_cpp_read: 180 Read data: 03e646d63
01-03 01:36:40.784     0     0 E MSM-CPP msm_cpp_poll: 470 poll: 03e646d63
01-03 01:36:40.786     0     0 E MSM-CPP msm_cpp_read: 180 Read data: 03e646d63
01-03 01:36:40.786     0     0 E MSM-CPP msm_cpp_poll: 470 poll: 03e646d63
01-03 01:36:40.788     0     0 E MSM-CPP msm_cpp_read: 180 Read data: 03e646d63
01-03 01:36:40.788     0     0 E MSM-CPP msm_cpp_poll: 470 poll: 03e646d63
01-03 01:36:40.790     0     0 E MSM-CPP msm_cpp_read: 180 Read data: 03e646d63
01-03 01:36:40.790     0     0 E MSM-CPP msm_cpp_poll: 470 poll: 03e646d63
01-03 01:36:40.792     0     0 E MSM-CPP msm_cpp_read: 180 Read data: 03e646d63
01-03 01:36:40.792     0     0 E MSM-CPP msm_cpp_poll: 470 poll: 03e646d63
01-03 01:36:40.795     0     0 E MSM-CPP msm_cpp_read: 180 Read data: 03e646d63
01-03 01:36:40.795     0     0 E MSM-CPP msm_cpp_poll: 470 poll: 03e646d63
01-03 01:36:40.797     0     0 E MSM-CPP msm_cpp_read: 180 Read data: 03e646d63
01-03 01:36:40.797     0     0 E MSM-CPP msm_cpp_poll: 470 poll: 03e646d63
01-03 01:36:40.799     0     0 E MSM-CPP msm_cpp_read: 180 Read data: 03e646d63
01-03 01:36:40.799     0     0 E MSM-CPP msm_cpp_poll: 470 poll: 03e646d63
01-03 01:36:40.800     0     0 E MSM-CPP msm_cpp_read: 180 Read data: 03e646d63
01-03 01:36:40.800     0     0 E MSM-CPP msm_cpp_poll: 470 poll: 03e646d63
01-03 01:36:40.802     0     0 E MSM-CPP msm_cpp_read: 180 Read data: 03e646d63
01-03 01:36:40.802     0     0 E MSM-CPP msm_cpp_poll: 470 poll: 03e646d63
01-03 01:36:40.804     0     0 E MSM-CPP msm_cpp_read: 180 Read data: 03e646d63
01-03 01:36:40.804     0     0 E MSM-CPP msm_cpp_poll: 470 poll: 03e646d63
01-03 01:36:40.806     0     0 I ueventd : loading /devices/fdb00000.qcom,kgsl-3d0/kgsl/kgsl-3d0/kgsl-3d0 took 86ms
01-03 01:36:40.807     0     0 E MSM-CPP msm_cpp_read: 180 Read data: 03e646d63
01-03 01:36:40.807     0     0 E MSM-CPP msm_cpp_poll: 470 poll: 03e646d63
01-03 01:36:40.807     0     0 I ueventd : firmware: loading 'a330_pfp.fw' for '/devices/fdb00000.qcom,kgsl-3d0/kgsl/kgsl-3d0/kgsl-3d0'
01-03 01:36:40.809     0     0 I ueventd : loading /devices/fc880000.qcom,mss/firmware/fc880000.qcom,mss took 73ms
01-03 01:36:40.810     0     0 E MSM-CPP msm_cpp_read: 180 Read data: 03e646d63
01-03 01:36:40.810     0     0 E MSM-CPP msm_cpp_poll: 470 poll: 03e646d63
01-03 01:36:40.811     0     0 E MSM-CPP msm_cpp_read: 180 Read data: 03e646d63
01-03 01:36:40.811     0     0 E MSM-CPP msm_cpp_poll: 470 poll: 03e646d63
01-03 01:36:40.812     0     0 E MSM-CPP msm_cpp_read: 180 Read data: 03e646d63
01-03 01:36:40.812     0     0 E MSM-CPP msm_cpp_poll: 470 poll: 03e646d63
01-03 01:36:40.813     0     0 I ueventd : loading /devices/fdb00000.qcom,kgsl-3d0/kgsl/kgsl-3d0/kgsl-3d0 took 5ms
01-03 01:36:40.814     0     0 E MSM-CPP msm_cpp_read: 180 Read data: 03e646d63
01-03 01:36:40.814     0     0 E MSM-CPP msm_cpp_poll: 470 poll: 03e646d63
01-03 01:36:40.818     0     0 E MSM-CPP msm_cpp_read: 180 Read data: 03e646d63
01-03 01:36:40.818     0     0 E MSM-CPP msm_cpp_poll: 470 poll: 03e646d63
01-03 01:36:40.820     0     0 E MSM-CPP msm_cpp_read: 180 Read data: 03e646d63
01-03 01:36:40.820     0     0 E MSM-CPP msm_cpp_poll: 470 poll: 03e646d63
01-03 01:36:40.817   226   226 I snet_event_log: [121035042,-1,]
01-03 01:36:40.823     0     0 E MSM-CPP msm_cpp_read: 180 Read data: 03e646d63
01-03 01:36:40.823     0     0 E MSM-CPP msm_cpp_poll: 470 poll: 03e646d63
01-03 01:36:40.823     0     0 E MSM-CPP msm_cpp_poll: 475 Poll failed: expect: 0x1
01-03 01:36:40.823     0     0 E MSM-CPP cpp_load_fw: 889 cpp_dbg: msm_cpp_poll MSM_CPP_MSG_ID_TRAILER
01-03 01:36:40.825     0     0 E MSM-CPP msm_cpp_read: 180 Read data: 03e646d63
01-03 01:36:40.825     0     0 E MSM-CPP msm_cpp_poll: 470 poll: 03e646d63
01-03 01:36:40.827     0     0 E MSM-CPP msm_cpp_read: 180 Read data: 03e646d63
01-03 01:36:40.827     0     0 E MSM-CPP msm_cpp_poll: 470 poll: 03e646d63
01-03 01:36:40.829     0     0 E MSM-CPP msm_cpp_read: 180 Read data: 03e646d63
01-03 01:36:40.829     0     0 E MSM-CPP msm_cpp_poll: 470 poll: 03e646d63
01-03 01:36:40.832     0     0 E MSM-CPP msm_cpp_read: 180 Read data: 03e646d63
01-03 01:36:40.832     0     0 E MSM-CPP msm_cpp_poll: 470 poll: 03e646d63
01-03 01:36:40.834     0     0 E MSM-CPP msm_cpp_read: 180 Read data: 03e646d63
01-03 01:36:40.834     0     0 E MSM-CPP msm_cpp_poll: 470 poll: 03e646d63
01-03 01:36:40.834     0     0 W QSEECOM : qseecom_load_app: App (keymaster) does'nt exist, loading apps for first time
01-03 01:36:40.836     0     0 E MSM-CPP msm_cpp_read: 180 Read data: 03e646d63
01-03 01:36:40.836     0     0 E MSM-CPP msm_cpp_poll: 470 poll: 03e646d63
01-03 01:36:40.838     0     0 E MSM-CPP msm_cpp_read: 180 Read data: 03e646d63
01-03 01:36:40.838     0     0 E MSM-CPP msm_cpp_poll: 470 poll: 03e646d63
01-03 01:36:40.839     0     0 W QSEECOM : qseecom_load_app: App with id 2 (keymaster) now loaded
01-03 01:36:40.840     0     0 E MSM-CPP msm_cpp_read: 180 Read data: 03e646d63
01-03 01:36:40.840     0     0 E MSM-CPP msm_cpp_poll: 470 poll: 03e646d63
01-03 01:36:40.819   226   226 I snet_event_log: [121035042,-1,]
01-03 01:36:40.829   303   303 I auditd  : type=1400 audit(0.0:79): avc: denied { search } for comm="keystore" name="/" dev="mmcblk0p1" ino=1 scontext=u:r:keystore:s0 tcontext=u:object_r:vfat:s0 tclass=dir permissive=1
01-03 01:36:40.829   303   303 I auditd  : type=1400 audit(0.0:79): avc: denied { read } for comm="keystore" name="keymaste.mdt" dev="mmcblk0p1" ino=21 scontext=u:r:keystore:s0 tcontext=u:object_r:vfat:s0 tclass=file permissive=1
01-03 01:36:40.829   303   303 I auditd  : type=1400 audit(0.0:79): avc: denied { open } for comm="keystore" name="keymaste.mdt" dev="mmcblk0p1" ino=21 scontext=u:r:keystore:s0 tcontext=u:object_r:vfat:s0 tclass=file permissive=1
01-03 01:36:40.829   303   303 I auditd  : type=1300 audit(0.0:79): arch=40000028 syscall=322 per=800008 success=yes exit=8 a0=ffffff9c a1=beb514fc a2=20000 a3=0 items=1 ppid=1 ppcomm=init auid=4294967295 uid=1017 gid=1017 euid=1017 suid=1017 fsuid=1017 egid=1017 sgid=1017 fsgid=1017 tty=(none) ses=4294967295 comm="keystore" exe="/system/bin/keystore" subj=u:r:keystore:s0 key=(null)
01-03 01:36:40.829   224   244 I auditd  : type=1307 audit(0.0:79): cwd="/data/misc/keystore"
01-03 01:36:40.829   224   244 I auditd  : type=1302 audit(0.0:79): item=0 name="/vendor/firmware/keymaster/keymaster.mdt" inode=21 dev=b3:01 mode=0100444 ouid=1000 ogid=1026 rdev=00:00 obj=u:object_r:vfat:s0
01-03 01:36:40.829   224   244 I auditd  : type=1327 audit(0.0:79): proctitle=2F73797374656D2F62696E2F6B657973746F7265002F646174612F6D6973632F6B657973746F7265
01-03 01:36:40.829   224   244 I auditd  : type=1320 audit(0.0:79): 
01-03 01:36:40.836   226   226 I snet_event_log: [121035042,-1,]
01-03 01:36:40.837   226   226 I snet_event_log: [121035042,-1,]
01-03 01:36:40.829   303   303 I auditd  : type=1400 audit(0.0:80): avc: denied { getattr } for comm="keystore" path="/firmware/image/keymaste.mdt" dev="mmcblk0p1" ino=21 scontext=u:r:keystore:s0 tcontext=u:object_r:vfat:s0 tclass=file permissive=1
01-03 01:36:40.829   303   303 I auditd  : type=1300 audit(0.0:80): arch=40000028 syscall=197 per=800008 success=yes exit=0 a0=8 a1=beb513a0 a2=beb51424 a3=12f items=0 ppid=1 ppcomm=init auid=4294967295 uid=1017 gid=1017 euid=1017 suid=1017 fsuid=1017 egid=1017 sgid=1017 fsgid=1017 tty=(none) ses=4294967295 comm="keystore" exe="/system/bin/keystore" subj=u:r:keystore:s0 key=(null)
01-03 01:36:40.829   224   244 I auditd  : type=1327 audit(0.0:80): proctitle=2F73797374656D2F62696E2F6B657973746F7265002F646174612F6D6973632F6B657973746F7265
01-03 01:36:40.829   224   244 I auditd  : type=1320 audit(0.0:80): 
01-03 01:36:40.850   314   379 E use-Rlog/RLOG-RIL-QMI: qmi_client [314]: unable to connect to server, errno=[2:No such file or directory], attempt=2
01-03 01:36:40.843     0     0 E MSM-CPP msm_cpp_read: 180 Read data: 03e646d63
01-03 01:36:40.843     0     0 E MSM-CPP msm_cpp_poll: 470 poll: 03e646d63
01-03 01:36:40.845     0     0 E MSM-CPP msm_cpp_read: 180 Read data: 03e646d63
01-03 01:36:40.845     0     0 E MSM-CPP msm_cpp_poll: 470 poll: 03e646d63
01-03 01:36:40.847     0     0 E MSM-CPP msm_cpp_read: 180 Read data: 03e646d63
01-03 01:36:40.847     0     0 E MSM-CPP msm_cpp_poll: 470 poll: 03e646d63
01-03 01:36:40.849     0     0 W QSEECOM : qseecom_load_app: App (keymaster) does'nt exist, loading apps for first time
01-03 01:36:40.850     0     0 E MSM-CPP msm_cpp_read: 180 Read data: 03e646d63
01-03 01:36:40.850     0     0 E MSM-CPP msm_cpp_poll: 470 poll: 03e646d63
01-03 01:36:40.852     0     0 E MSM-CPP msm_cpp_read: 180 Read data: 03e646d63
01-03 01:36:40.853     0     0 E MSM-CPP msm_cpp_poll: 470 poll: 03e646d63
01-03 01:36:40.853     0     0 E         : sec_jack_probe - defer as codec_probe_done is false
01-03 01:36:40.853     0     0 I platform earjack.47: Driver sec_jack requests probe deferral
01-03 01:36:40.854     0     0 I platform sound.45: Driver msm8226-asoc-tapan requests probe deferral
01-03 01:36:40.854     0     0 E         : sec_jack_probe - defer as codec_probe_done is false
01-03 01:36:40.854     0     0 I platform earjack.47: Driver sec_jack requests probe deferral
01-03 01:36:40.854     0     0 I platform sound.45: Driver msm8226-asoc-tapan requests probe deferral
01-03 01:36:40.855     0     0 E MSM-CPP msm_cpp_read: 180 Read data: 03e646d63
01-03 01:36:40.855     0     0 E MSM-CPP msm_cpp_poll: 470 poll: 03e646d63
01-03 01:36:40.857     0     0 E MSM-CPP msm_cpp_read: 180 Read data: 03e646d63
01-03 01:36:40.857     0     0 E MSM-CPP msm_cpp_poll: 470 poll: 03e646d63
01-03 01:36:40.859     0     0 E MSM-CPP msm_cpp_read: 180 Read data: 03e646d63
01-03 01:36:40.859     0     0 E MSM-CPP msm_cpp_poll: 470 poll: 03e646d63
01-03 01:36:40.860     0     0 E QSEECOM : qseecom_load_app: scm_call failed resp.result unknown, -38
01-03 01:36:40.861     0     0 E MSM-CPP msm_cpp_read: 180 Read data: 03e646d63
01-03 01:36:40.861     0     0 E MSM-CPP msm_cpp_poll: 470 poll: 03e646d63
01-03 01:36:40.862     0     0 E QSEECOM : qseecom_ioctl: failed load_app request: -14
01-03 01:36:40.863     0     0 W QSEECOM : qseecom_release: data: released = false, type = 1, data = 0xe613a240
01-03 01:36:40.864     0     0 E MSM-CPP msm_cpp_read: 180 Read data: 03e646d63
01-03 01:36:40.864     0     0 E MSM-CPP msm_cpp_poll: 470 poll: 03e646d63
01-03 01:36:40.868     0     0 E MSM-CPP msm_cpp_read: 180 Read data: 03e646d63
01-03 01:36:40.869     0     0 E MSM-CPP msm_cpp_poll: 470 poll: 03e646d63
01-03 01:36:40.869     0     0 I mdss_fb_blank_sub: FB_NUM:0, MDSS_FB_UNBLANK ++
01-03 01:36:40.869     0     0 I mdss_mdp_overlay_on: mdss_mdp_overlay_on: ++
01-03 01:36:40.869     0     0 I mdss_mdp_overlay_on: mdss_mdp_overlay_on: --
01-03 01:36:40.869     0     0 I mdss_fb_blank_sub: FB_NUM:0, MDSS_FB_UNBLANK --
01-03 01:36:40.869     0     0 W mdss_fb_blank: nblank_mode[0], blank_mode[0], final_state[-1], esd_active[0]
01-03 01:36:40.869     0     0 I mdss_fb_blank_sub: FB_NUM:0, MDSS_FB_UNBLANK ++
01-03 01:36:40.869     0     0 I mdss_fb_blank_sub: FB_NUM:0, MDSS_FB_UNBLANK --
01-03 01:36:40.870     0     0 E MSM-CPP msm_cpp_read: 180 Read data: 03e646d63
01-03 01:36:40.870     0     0 E MSM-CPP msm_cpp_poll: 470 poll: 03e646d63
01-03 01:36:40.871     0     0 I pil-q6v5-mss fc880000.qcom,mss: mba: Brought out of reset
01-03 01:36:40.861   226   226 I snet_event_log: [121035042,-1,]
01-03 01:36:40.873     0     0 E MSM-CPP msm_cpp_read: 180 Read data: 03e646d63
01-03 01:36:40.873     0     0 E MSM-CPP msm_cpp_poll: 470 poll: 03e646d63
01-03 01:36:40.873     0     0 E MSM-CPP msm_cpp_poll: 475 Poll failed: expect: 0xabcdefaa
01-03 01:36:40.873     0     0 E MSM-CPP msm_cpp_read: 180 Read data: 03e646d63
01-03 01:36:40.873     0     0 I MSM-CPP cpp_load_fw: 895 MC Bootloader Version: 0x3e646d63
01-03 01:36:40.875     0     0 E MSM-CPP msm_cpp_read: 180 Read data: 01
01-03 01:36:40.875     0     0 E MSM-CPP msm_cpp_poll: 470 poll: 01
01-03 01:36:40.878     0     0 E MSM-CPP msm_cpp_read: 180 Read data: 01
01-03 01:36:40.878     0     0 E MSM-CPP msm_cpp_poll: 470 poll: 01
01-03 01:36:40.880     0     0 E MSM-CPP msm_cpp_read: 180 Read data: 0abcdefaa
01-03 01:36:40.880     0     0 E MSM-CPP msm_cpp_poll: 470 poll: 0abcdefaa
01-03 01:36:40.882     0     0 E MSM-CPP msm_cpp_read: 180 Read data: 0312e3176
01-03 01:36:40.882     0     0 E MSM-CPP msm_cpp_poll: 470 poll: 0312e3176
01-03 01:36:40.884     0     0 E MSM-CPP msm_cpp_read: 180 Read data: 03e646d63
01-03 01:36:40.884     0     0 E MSM-CPP msm_cpp_poll: 470 poll: 03e646d63
01-03 01:36:40.884     0     0 E MSM-CPP msm_cpp_poll: 473 Poll finished
01-03 01:36:40.886     0     0 E MSM-CPP msm_cpp_read: 180 Read data: 02
01-03 01:36:40.886     0     0 E MSM-CPP msm_cpp_poll: 470 poll: 02
01-03 01:36:40.886     0     0 E MSM-CPP msm_cpp_poll: 473 Poll finished
01-03 01:36:40.889     0     0 E MSM-CPP msm_cpp_read: 180 Read data: 0c
01-03 01:36:40.889     0     0 E MSM-CPP msm_cpp_poll: 470 poll: 0c
01-03 01:36:40.889     0     0 E MSM-CPP msm_cpp_poll: 473 Poll finished
01-03 01:36:40.889     0     0 E MSM-CPP msm_cpp_read: 180 Read data: 010020003
01-03 01:36:40.889     0     0 I MSM-CPP cpp_load_fw: 907 CPP FW Version: 0x10020003
01-03 01:36:40.891     0     0 E MSM-CPP msm_cpp_read: 180 Read data: 0abcdefaa
01-03 01:36:40.891     0     0 E MSM-CPP msm_cpp_poll: 470 poll: 0abcdefaa
01-03 01:36:40.891     0     0 E MSM-CPP msm_cpp_poll: 473 Poll finished
01-03 01:36:40.891     0     0 E MSM-CPP msm_cpp_subdev_ioctl: 1786 X
01-03 01:36:40.891     0     0 E MSM-CPP cpp_close_node: 980 cpp_close_node: irq_status: 0x23e
01-03 01:36:40.892     0     0 E MSM-CPP cpp_close_node: 982 cpp_close_node: DEBUG_SP: 0x0
01-03 01:36:40.892     0     0 E MSM-CPP cpp_close_node: 984 cpp_close_node: DEBUG_T: 0x0
01-03 01:36:40.892     0     0 E MSM-CPP cpp_close_node: 986 cpp_close_node: DEBUG_N: 0x0
01-03 01:36:40.892     0     0 E MSM-CPP cpp_close_node: 988 cpp_close_node: DEBUG_R: 0x0
01-03 01:36:40.892     0     0 E MSM-CPP cpp_close_node: 990 cpp_close_node: DEBUG_OPPC: 0x0
01-03 01:36:40.892     0     0 E MSM-CPP cpp_close_node: 992 cpp_close_node: DEBUG_MO: 0x0
01-03 01:36:40.892     0     0 E MSM-CPP cpp_close_node: 994 cpp_close_node: DEBUG_TIMER0: 0x0
01-03 01:36:40.892     0     0 E MSM-CPP cpp_close_node: 996 cpp_close_node: DEBUG_TIMER1: 0x0
01-03 01:36:40.893     0     0 E MSM-CPP cpp_close_node: 998 cpp_close_node: DEBUG_GPI: 0x0
01-03 01:36:40.893     0     0 E MSM-CPP cpp_close_node: 1000 cpp_close_node: DEBUG_GPO: 0x0
01-03 01:36:40.893     0     0 E MSM-CPP cpp_close_node: 1002 cpp_close_node: DEBUG_T0: 0x0
01-03 01:36:40.893     0     0 E MSM-CPP cpp_close_node: 1004 cpp_close_node: DEBUG_R0: 0x0
01-03 01:36:40.893     0     0 E MSM-CPP cpp_close_node: 1006 cpp_close_node: DEBUG_T1: 0x0
01-03 01:36:40.893     0     0 E MSM-CPP cpp_close_node: 1008 cpp_close_node: DEBUG_R1: 0x0
01-03 01:36:40.893     0     0 E MSM-CPP cpp_deinit_mem: 506 E
01-03 01:36:40.893     0     0 E MSM-CPP cpp_deinit_mem: 508 X
01-03 01:36:40.898     0     0 I ueventd : firmware: loading 'modem.mdt' for '/devices/fc880000.qcom,mss/firmware/fc880000.qcom,mss'
01-03 01:36:40.900     0     0 I ueventd : loading /devices/fc880000.qcom,mss/firmware/fc880000.qcom,mss took 1ms
01-03 01:36:40.901     0     0 I pil-q6v5-mss fc880000.qcom,mss: modem: loading from 0x08400000 to 0x0c300000
01-03 01:36:40.901     0     0 I platform sound.45: Driver msm8226-asoc-tapan requests probe deferral
01-03 01:36:40.902     0     0 E         : sec_jack_probe - defer as codec_probe_done is false
01-03 01:36:40.902     0     0 I platform earjack.47: Driver sec_jack requests probe deferral
01-03 01:36:40.928     0     0 I ueventd : firmware: loading 'modem.b02' for '/devices/fc880000.qcom,mss/firmware/fc880000.qcom,mss'
01-03 01:36:40.934     0     0 I ueventd : loading /devices/fc880000.qcom,mss/firmware/fc880000.qcom,mss took 12ms
01-03 01:36:40.938     0     0 I ueventd : firmware: loading 'modem.b03' for '/devices/fc880000.qcom,mss/firmware/fc880000.qcom,mss'
01-03 01:36:41.001     0     0 I ueventd : loading /devices/fc880000.qcom,mss/firmware/fc880000.qcom,mss took 62ms
01-03 01:36:41.011     0     0 I ueventd : firmware: loading 'modem.b04' for '/devices/fc880000.qcom,mss/firmware/fc880000.qcom,mss'
01-03 01:36:41.094     0     0 I ueventd : loading /devices/fc880000.qcom,mss/firmware/fc880000.qcom,mss took 83ms
01-03 01:36:41.097     0     0 I ueventd : firmware: loading 'modem.b05' for '/devices/fc880000.qcom,mss/firmware/fc880000.qcom,mss'
01-03 01:36:41.100     0     0 I ueventd : loading /devices/fc880000.qcom,mss/firmware/fc880000.qcom,mss took 3ms
01-03 01:36:41.105     0     0 I ueventd : firmware: loading 'modem.b08' for '/devices/fc880000.qcom,mss/firmware/fc880000.qcom,mss'
01-03 01:36:41.109     0     0 I ueventd : loading /devices/fc880000.qcom,mss/firmware/fc880000.qcom,mss took 4ms
