01-03 01:37:19.440     0     0 D BMS     : adjust_soc: ibat_ua = 191300, vbat_uv = 4198053, ocv_est_uv = 4230765, pc_est = 94, soc_est = 93, n = 0, delta_ocv_uv = 0, last_ocv_uv = 4265000, pc_new = 0, soc_new = 0, rbatt = 171, slope = 0
01-03 01:37:19.449     0     0 D BMS     : get_battery_voltage: mvolts phy = 4191664 meas = 0x401340
01-03 01:37:19.449     0     0 D BMS     : clamp_soc_based_on_voltage: not clamping, using soc = 96, vbat = 4191664 and cutoff = 3400000
01-03 01:37:19.449     0     0 D BMS     : calculate_state_of_charge: CC based calculated SOC = 96
01-03 01:37:19.454     0     0 D BMS     : report_cc_based_soc: batt_temp phy = 290 meas = 0x334f2704000000ab
01-03 01:37:19.454     0     0 D BMS     : report_cc_based_soc: last_soc = 96, calculated_soc = 96, soc = 96, time since last change = 60
01-03 01:37:19.454     0     0 I BMS     : bms_get_scaled_capacity: bms_get_scaled_capacity: scaled capacity (96.0)
01-03 01:37:19.454     0     0 D BMS     : backup_soc_and_iavg: soc = 96, soc__ = 194
01-03 01:37:19.454     0     0 D BMS     : report_cc_based_soc: Reported SOC = 96
01-03 01:37:19.454     0     0 D BMS     : bms_relax: disabled source qpnp_soc_wake
01-03 01:37:19.710     0     0 I         : Debug Temp for Sensor:
01-03 01:37:19.710     0     0 I         : (0 --- 36)(1 --- 33)(2 --- 35)(3 --- 34)(4 --- 34)(5 --- 35)
07-14 10:57:11.113   296   296 E msm8974_platform: platform_init: Unable to open the mixer card: 7
07-14 10:57:11.113   296   296 E msm8974_platform: platform_init: Unable to find correct sound card, aborting.
07-14 10:57:11.113   296   296 E audio_hw_primary: adev_open: Failed to init platform data, aborting.
07-14 10:57:11.113   296   296 E DevicesFactoryHAL: loadAudioInterface couldn't open audio hw device in audio.primary (Invalid argument)
07-14 10:57:11.113   296   296 E AudioFlinger: loadHwModule() error -19 loading module primary
07-14 10:57:11.113   296   296 W APM_AudioPolicyManager: could not open HW module primary
07-14 10:57:11.181   296   296 I bt_a2dp_hw: adev_open:  adev_open in A2dp_hw module
07-14 10:57:11.181   296   296 I AudioFlinger: loadHwModule() Loaded a2dp audio interface, handle 10
07-14 10:57:11.182   296   296 D vndksupport: Loading /vendor/lib/hw/audio.usb.default.so from current namespace instead of sphal namespace.
07-14 10:57:11.185   296   296 I AudioFlinger: loadHwModule() Loaded usb audio interface, handle 18
07-14 10:57:11.186   296   296 D vndksupport: Loading /vendor/lib/hw/audio.r_submix.default.so from current namespace instead of sphal namespace.
07-14 10:57:11.190   296   296 I r_submix: adev_open(name=audio_hw_if)
07-14 10:57:11.190   296   296 I r_submix: adev_init_check()
07-14 10:57:11.190   296   296 W DeviceHAL: Device 0xb3150340 set_master_mute: Function not implemented
07-14 10:57:11.190   296   296 I AudioFlinger: loadHwModule() Loaded r_submix audio interface, handle 26
07-14 10:57:11.190   296   296 D r_submix: adev_open_input_stream(addr=0)
07-14 10:57:11.190   296   296 D r_submix: submix_audio_device_create_pipe_l(addr=0, idx=9)
07-14 10:57:11.190   296   296 D r_submix:   now using address 0 for route 9
07-14 10:57:11.192   296   607 I AudioFlinger: AudioFlinger's thread 0xb1f83700 tid=607 ready to run
07-14 10:57:11.192   296   607 I r_submix: in_standby()
07-14 10:57:11.192   296   607 W AudioFlinger: no wake lock to update, system not ready yet
07-14 10:57:11.192   296   607 I r_submix: in_standby()
07-14 10:57:11.192   296   296 D r_submix: adev_close_input_stream()
07-14 10:57:11.192   296   296 D r_submix: submix_audio_device_release_pipe_l(idx=9) addr=0
07-14 10:57:11.192   296   296 D r_submix: submix_audio_device_destroy_pipe_l(): pipe destroyed
07-14 10:57:11.193   296   296 W APM_AudioPolicyManager: Output device 00000001 unreachable
07-14 10:57:11.193   296   296 W APM_AudioPolicyManager: Output device 00000002 unreachable
07-14 10:57:11.193   296   296 W APM_AudioPolicyManager: Output device 00010000 unreachable
07-14 10:57:11.193   296   296 W APM_AudioPolicyManager: Input device 80000004 unreachable
07-14 10:57:11.193   296   296 W APM_AudioPolicyManager: Input device 80000080 unreachable
07-14 10:57:11.193   296   296 W APM_AudioPolicyManager: Input device 80000040 unreachable
07-14 10:57:11.193   296   296 W APM_AudioPolicyManager: Input device 80002000 unreachable
07-14 10:57:11.193   296   296 E APM_AudioPolicyManager: Default device 00000002 is unreachable
07-14 10:57:11.193   296   296 E APM_AudioPolicyManager: Failed to open primary output
07-14 10:57:11.193   296   296 D AudioPolicyManagerCustom: USE_XML_AUDIO_POLICY_CONF is FALSE
07-14 10:57:11.193   296   296 E EffectsConfig: Failed to parse /vendor/etc/audio_effects.xml: Tinyxml2 error (3): /vendor/etc/audio_effects.xml (null)
07-14 10:57:11.193   296   296 W AudioPolicyEffects: Failed to load XML effect configuration, fallback to .conf
07-14 10:57:11.195   226   226 I snet_event_log: [121035042,-1,]
07-14 10:57:11.196   226   226 W /system/bin/hwservicemanager: getTransport: Cannot find entry android.hardware.soundtrigger@2.0::ISoundTriggerHw/default in either framework or device manifest.
07-14 10:57:11.197   296   296 I SoundTriggerHalHidl: getProperties res implementor 
07-14 10:57:11.197   296   296 I SoundTriggerHalHidl: getProperties ret -19
07-14 10:57:11.197   296   296 E SoundTriggerHwService: could not read implementation properties
07-14 10:57:11.702   296   394 D PermissionCache: checking android.permission.MODIFY_AUDIO_SETTINGS for uid=1000 => granted (2606 us)
07-14 10:57:11.704   296   296 D PermissionCache: checking android.permission.MODIFY_AUDIO_SETTINGS for uid=1000 => granted (4365 us)
07-14 10:57:11.705   296   296 D AudioPolicyManagerCustom: setForceUse() usage 4, config 0, mPhoneState 0
07-14 10:57:11.709   296   393 D AudioPolicyManagerCustom: setForceUse() usage 3, config 8, mPhoneState 0
07-14 10:57:11.710   296   393 D AudioPolicyManagerCustom: setForceUse() usage 6, config 0, mPhoneState 0
07-14 10:57:11.196   226   226 I snet_event_log: [121035042,-1,]
07-14 10:57:11.771   461   461 I stream_devices_changed: [0,0,2]
07-14 10:57:11.772   461   461 I stream_devices_changed: [2,0,2]
07-14 10:57:11.772   461   461 I stream_devices_changed: [3,0,2]
07-14 10:57:11.773   461   461 I stream_devices_changed: [4,0,2]
07-14 10:57:11.775   461   461 I stream_devices_changed: [6,0,2]
07-14 10:57:11.802   461   461 I SystemServer: StartDockObserver
07-14 10:57:11.803   461   461 I SystemServiceManager: Starting com.android.server.DockObserver
07-14 10:57:11.808   461   461 I SystemServer: StartWiredAccessoryManager
07-14 10:57:11.809   461   461 W WiredAccessoryManager: This kernel does not have wired headset support
07-14 10:57:11.809   461   461 W WiredAccessoryManager: This kernel does not have usb audio support
07-14 10:57:11.810   461   461 W WiredAccessoryManager: This kernel does not have HDMI audio support
07-14 10:57:11.810   461   461 I SystemServer: StartMidiManager
07-14 10:57:11.810   461   461 I SystemServiceManager: Starting com.android.server.midi.MidiService$Lifecycle
07-14 10:57:11.818   461   461 I SystemServer: StartUsbService
07-14 10:57:11.820   461   461 I SystemServiceManager: Starting com.android.server.usb.UsbService$Lifecycle
07-14 10:57:11.827   461   461 E AlsaCardRecord: Failed to parse line 0 of /proc/asound/cards: ---
01-03 01:37:20.636     0     0 D usb     : state_show buf=DISCONNECTED
07-14 10:57:11.850   461   461 I chatty  : uid=1000 system_server expire 75 lines
07-14 10:57:11.850   226   226 I snet_event_log: [121035042,-1,]
01-03 01:37:20.641     0     0 I         : acc_open
01-03 01:37:20.641     0     0 I         : acc_release
07-14 10:57:11.866   461   556 I UsbPortManager: Usb hal service started android.hardware.usb@1.0::IUsb default
07-14 10:57:11.868   275   275 I android.hardware.usb@1.0-service: registering callback
07-14 10:57:11.869   275   611 E android.hardware.usb@1.0-service: creating thread
07-14 10:57:11.869   275   275 E android.hardware.usb@1.0-service: Failed to open /sys/class/dual_role_usb
07-14 10:57:11.874   461   461 W SystemServiceManager: Service com.android.server.usb.UsbService$Lifecycle took 54 ms in onStart
07-14 10:57:11.874   461   461 I SystemServer: StartSerialService
07-14 10:57:11.875   461   461 I SystemServer: StartHardwarePropertiesManagerService
07-14 10:57:11.876   226   226 W /system/bin/hwservicemanager: getTransport: Cannot find entry android.hardware.thermal@1.0::IThermal/default in either framework or device manifest.
07-14 10:57:11.878   461   461 I SystemServer: StartTwilightService
07-14 10:57:11.879   461   461 I SystemServiceManager: Starting com.android.server.twilight.TwilightService
07-14 10:57:11.879   461   461 I SystemServer: StartJobScheduler
07-14 10:57:11.880   461   461 I SystemServiceManager: Starting com.android.server.job.JobSchedulerService
07-14 10:57:11.886   461   461 D JobStore: Start tag: job-info
07-14 10:57:11.888   461   461 I JobStore: Read 1 jobs
07-14 10:57:11.893   461   461 D ConnectivityService: requestNetwork for uid/pid:1000/461 NetworkRequest [ TRACK_DEFAULT id=3, [ Capabilities: INTERNET&NOT_RESTRICTED&TRUSTED&NOT_VPN] ]
07-14 10:57:11.898   461   461 W JobSchedulerService: !!! RTC not yet good; tracking time updates for job scheduling
07-14 10:57:11.900   461   461 I SystemServer: StartSoundTrigger
07-14 10:57:11.900   461   461 I SystemServiceManager: Starting com.android.server.soundtrigger.SoundTriggerService
07-14 10:57:11.902   461   461 I SystemServer: StartTrustManager
07-14 10:57:11.904   461   461 I SystemServiceManager: Starting com.android.server.trust.TrustManagerService
07-14 10:57:11.907   461   461 I SystemServer: StartBackupManager
07-14 10:57:11.907   461   461 I SystemServiceManager: Starting com.android.server.backup.BackupManagerService$Lifecycle
07-14 10:57:11.913   461   461 I SystemServer: StartAppWidgerService
07-14 10:57:11.913   461   461 I SystemServiceManager: Starting com.android.server.appwidget.AppWidgetService
07-14 10:57:11.923   461   461 I SystemServer: StartVoiceRecognitionManager
07-14 10:57:11.923   461   461 I SystemServiceManager: Starting com.android.server.voiceinteraction.VoiceInteractionManagerService
07-14 10:57:11.926   461   461 I SystemServer: StartGestureLauncher
07-14 10:57:11.926   461   461 I SystemServiceManager: Starting com.android.server.GestureLauncherService
07-14 10:57:11.927   461   461 I SystemServer: StartSensorNotification
07-14 10:57:11.927   461   461 I SystemServiceManager: Starting com.android.server.SensorNotificationService
07-14 10:57:11.927   461   461 I SystemServer: StartContextHubSystemService
07-14 10:57:11.928   461   461 I SystemServiceManager: Starting com.android.server.ContextHubSystemService
07-14 10:57:11.928   461   461 I SystemServer: StartDiskStatsService
07-14 10:57:11.931   226   226 W /system/bin/hwservicemanager: getTransport: Cannot find entry android.hardware.contexthub@1.0::IContexthub/default in either framework or device manifest.
07-14 10:57:11.931   461   461 I SystemServer: StartNetworkTimeUpdateService
07-14 10:57:11.932   461   537 I chatty  : uid=1000 system_server expire 2 lines
07-14 10:57:11.933   461   461 I SystemServer: StartCommonTimeManagementService
07-14 10:57:11.935   461   461 I SystemServer: CertBlacklister
07-14 10:57:11.936   461   461 I SystemServer: StartEmergencyAffordanceService
07-14 10:57:11.938   461   461 I SystemServiceManager: Starting com.android.server.emergency.EmergencyAffordanceService
07-14 10:57:11.945   461   461 I SystemServer: StartDreamManager
07-14 10:57:11.946   461   461 I SystemServiceManager: Starting com.android.server.dreams.DreamManagerService
07-14 10:57:11.949   461   461 I SystemServer: AddGraphicsStatsService
07-14 10:57:11.951   461   470 I chatty  : uid=1000(system) HeapTaskDaemon expire 2 lines
07-14 10:57:11.953   461   461 I SystemServer: StartPrintManager
07-14 10:57:11.953   461   461 I SystemServiceManager: Starting com.android.server.print.PrintManagerService
07-14 10:57:11.957   461   461 I SystemServer: StartCompanionDeviceManager
07-14 10:57:11.957   461   461 I SystemServiceManager: Starting com.android.server.companion.CompanionDeviceManagerService
07-14 10:57:11.959   461   461 I SystemServer: StartRestrictionManager
07-14 10:57:11.960   461   461 I SystemServiceManager: Starting com.android.server.restrictions.RestrictionsManagerService
07-14 10:57:11.961   461   461 I SystemServer: StartMediaSessionService
07-14 10:57:11.961   461   461 I SystemServiceManager: Starting com.android.server.media.MediaSessionService
07-14 10:57:11.966   461   461 I SystemServer: StartMediaResourceMonitor
07-14 10:57:11.966   461   461 I SystemServiceManager: Starting com.android.server.media.MediaResourceMonitorService
07-14 10:57:11.967   461   461 I SystemServer: StartMediaRouterService
07-14 10:57:11.970   461   461 I SystemServer: StartBackgroundDexOptService
07-14 10:57:11.972   461   461 I SystemServer: StartPruneInstantAppsJobService
07-14 10:57:11.972   461   461 I SystemServer: StartShortcutServiceLifecycle
07-14 10:57:11.973   461   461 I SystemServiceManager: Starting com.android.server.pm.ShortcutService$Lifecycle
07-14 10:57:11.979   461   461 I SystemServer: StartLauncherAppsService
07-14 10:57:11.979   461   461 I SystemServiceManager: Starting com.android.server.pm.LauncherAppsService
07-14 10:57:11.982   461   461 I SystemServer: StartMediaProjectionManager
07-14 10:57:11.982   461   461 I SystemServiceManager: Starting com.android.server.media.projection.MediaProjectionManagerService
07-14 10:57:11.994   461   461 I SystemServer: StartCameraServiceProxy
07-14 10:57:11.994   461   461 I SystemServiceManager: Starting com.android.server.camera.CameraServiceProxy
07-14 10:57:12.041   461   461 I SystemServer: StartJitCompilation
07-14 10:57:12.041   461   461 I SystemServer: StartMmsService
07-14 10:57:12.041   461   461 I SystemServiceManager: Starting com.android.server.MmsServiceBroker
07-14 10:57:12.043   461   461 I SystemServer: StartAutoFillService
07-14 10:57:12.044   461   461 I SystemServiceManager: Starting com.android.server.autofill.AutofillManagerService
07-14 10:57:12.046   461   461 I AutofillManagerService: Setting debug to false
07-14 10:57:12.050   461   461 I LineageSystemServer: Attempting to start service org.lineageos.platform.internal.ProfileManagerService
07-14 10:57:12.060   461   461 I LineageSystemServer: Starting service org.lineageos.platform.internal.ProfileManagerService
07-14 10:57:12.060   461   461 I SystemServiceManager: Starting org.lineageos.platform.internal.ProfileManagerService
07-14 10:57:12.060   225   225 E ServiceManager: add_service('profile',77) uid=1000 - ALREADY REGISTERED, OVERRIDE
07-14 10:57:12.061   225   225 I ServiceManager: service 'profile' died
07-14 10:57:12.074   461   461 I LineageSystemServer: Attempting to start service org.lineageos.platform.internal.LineageHardwareService
07-14 10:57:12.083   226   226 W /system/bin/hwservicemanager: getTransport: Cannot find entry vendor.lineage.livedisplay@1.0::IColor/default in either framework or device manifest.
07-14 10:57:12.085   226   226 W /system/bin/hwservicemanager: getTransport: Cannot find entry vendor.lineage.livedisplay@1.0::IColor/default in either framework or device manifest.
07-14 10:57:12.087   461   461 I LineageSystemServer: Starting service org.lineageos.platform.internal.LineageHardwareService
07-14 10:57:12.087   461   461 I SystemServiceManager: Starting org.lineageos.platform.internal.LineageHardwareService
07-14 10:57:12.088   225   225 E ServiceManager: add_service('lineagehardware',78) uid=1000 - ALREADY REGISTERED, OVERRIDE
07-14 10:57:12.088   225   225 I ServiceManager: service 'lineagehardware' died
07-14 10:57:12.088   461   461 I LineageSystemServer: Attempting to start service org.lineageos.platform.internal.PerformanceManagerService
07-14 10:57:12.093   461   461 I LineageSystemServer: Starting service org.lineageos.platform.internal.PerformanceManagerService
07-14 10:57:12.093   461   461 I SystemServiceManager: Starting org.lineageos.platform.internal.PerformanceManagerService
07-14 10:57:12.094   461   461 I LineageSystemServer: Attempting to start service org.lineageos.platform.internal.LineageWeatherManagerService
07-14 10:57:12.100   461   461 I LineageSystemServer: Starting service org.lineageos.platform.internal.LineageWeatherManagerService
07-14 10:57:12.100   461   461 I SystemServiceManager: Starting org.lineageos.platform.internal.LineageWeatherManagerService
07-14 10:57:12.102   461   461 I LineageSystemServer: Attempting to start service org.lineageos.platform.internal.display.LiveDisplayService
07-14 10:57:12.110   461   461 I LineageSystemServer: Starting service org.lineageos.platform.internal.display.LiveDisplayService
07-14 10:57:12.110   461   461 I SystemServiceManager: Starting org.lineageos.platform.internal.display.LiveDisplayService
07-14 10:57:12.112   461   461 I LineageSystemServer: Attempting to start service org.lineageos.platform.internal.LineageAudioService
07-14 10:57:12.115   461   461 I LineageSystemServer: Starting service org.lineageos.platform.internal.LineageAudioService
07-14 10:57:12.115   461   461 I SystemServiceManager: Starting org.lineageos.platform.internal.LineageAudioService
07-14 10:57:12.121   461   461 I LineageSystemServer: Attempting to start service org.lineageos.platform.internal.StyleInterfaceService
07-14 10:57:12.125   461   461 I LineageSystemServer: Starting service org.lineageos.platform.internal.StyleInterfaceService
07-14 10:57:12.125   461   461 I SystemServiceManager: Starting org.lineageos.platform.internal.StyleInterfaceService
07-14 10:57:12.126   225   225 E ServiceManager: add_service('lineagestyle',7d) uid=1000 - ALREADY REGISTERED, OVERRIDE
07-14 10:57:12.126   225   225 I ServiceManager: service 'lineagestyle' died
07-14 10:57:12.126   461   461 I LineageSystemServer: Attempting to start service org.lineageos.platform.internal.TrustInterfaceService
07-14 10:57:12.130   461   461 I LineageSystemServer: Starting service org.lineageos.platform.internal.TrustInterfaceService
07-14 10:57:12.130   461   461 I SystemServiceManager: Starting org.lineageos.platform.internal.TrustInterfaceService
07-14 10:57:12.131   225   225 E ServiceManager: add_service('lineagetrust',7e) uid=1000 - ALREADY REGISTERED, OVERRIDE
07-14 10:57:12.131   225   225 I ServiceManager: service 'lineagetrust' died
07-14 10:57:12.135   461   461 I LineageSystemServer: Attempting to start service org.lineageos.platform.internal.LineageSettingsService
07-14 10:57:12.136   461   461 I LineageSystemServer: Starting service org.lineageos.platform.internal.LineageSettingsService
07-14 10:57:12.136   461   461 I SystemServiceManager: Starting org.lineageos.platform.internal.LineageSettingsService
07-14 10:57:12.136   461   461 I SystemServer: MakeVibratorServiceReady
07-14 10:57:12.138   461   461 I SystemServer: MakeLockSettingsServiceReady
07-14 10:57:12.153   226   226 W /system/bin/hwservicemanager: getTransport: Cannot find entry android.hardware.weaver@1.0::IWeaver/default in either framework or device manifest.
07-14 10:57:12.154   461   461 I SyntheticPasswordManager: Device does not support weaver
07-14 10:57:12.156   461   461 E LockSettingsStorage: Cannot read file java.io.FileNotFoundException: /data/system/gatekeeper.password.key: open failed: ENOENT (No such file or directory)
07-14 10:57:12.156   461   461 E LockSettingsStorage: Cannot read file java.io.FileNotFoundException: /data/system/password.key: open failed: ENOENT (No such file or directory)
07-14 10:57:12.157   461   461 E LockSettingsStorage: Cannot read file java.io.FileNotFoundException: /data/system/gatekeeper.pattern.key: open failed: ENOENT (No such file or directory)
07-14 10:57:12.157   461   461 E LockSettingsStorage: Cannot read file java.io.FileNotFoundException: /data/system/gatekeeper.gesture.key: open failed: ENOENT (No such file or directory)
07-14 10:57:12.157   461   461 E LockSettingsStorage: Cannot read file java.io.FileNotFoundException: /data/system/gesture.key: open failed: ENOENT (No such file or directory)
07-14 10:57:12.158   461   461 I SystemServer: StartBootPhaseLockSettingsReady
07-14 10:57:12.158   461   461 I SystemServiceManager: Starting phase 480
07-14 10:57:12.164   461   461 I DevicePolicyManager: Set ro.device_owner property to false
07-14 10:57:12.167   461   461 I SystemServer: StartBootPhaseSystemServicesReady
07-14 10:57:12.167   461   461 I SystemServiceManager: Starting phase 500
07-14 10:57:12.170   461   461 W UsageStatsService: Missing procfs interface: /proc/uid_procstat/set
07-14 10:57:12.183   461   461 I VrManagerService: No default vr listener service found.
07-14 10:57:12.192   461   461 I WifiService: WifiService starting up with Wi-Fi enabled
07-14 10:57:12.196   461   570 I chatty  : uid=1000(system) WifiStateMachin expire 31 lines
07-14 10:57:12.199   461   556 I chatty  : uid=1000(system) HwBinder:461_1 expire 1 line
07-14 10:57:12.206   461   461 D WifiService: setWifiEnabled: true pid=461, uid=1000, package=android
07-14 10:57:12.207   461   569 I chatty  : uid=1000(system) WifiService expire 2 lines
07-14 10:57:12.215   461   577 D ConnectivityService: Got NetworkFactory Messenger for Ethernet
07-14 10:57:12.215   461   620 I chatty  : uid=1000(system) EthernetService expire 4 lines
07-14 10:57:12.222   296   394 D PermissionCache: checking android.permission.CAPTURE_AUDIO_HOTWORD for uid=1000 => granted (124 us)
07-14 10:57:12.223   461   461 W SoundTriggerHelper: listModules status=0, # of modules=0
07-14 10:57:12.226   226   226 W /system/bin/hwservicemanager: getTransport: Cannot find entry vendor.lineage.power@1.0::ILineagePower/default in either framework or device manifest.
07-14 10:57:12.227   461   461 I SystemServer: MakeWindowManagerServiceReady
07-14 10:57:12.225   226   226 I chatty  : uid=1000(system) hwservicemanage identical 21 lines
07-14 10:57:12.226   226   226 I snet_event_log: [121035042,-1,]
07-14 10:57:12.247   461   461 I configuration_changed: 32
07-14 10:57:12.247   461   461 I ActivityManager: Config changes=20 {1.0 ?mcc?mnc [en_US] ldltr sw360dp w360dp h616dp 320dpi nrml long port finger -keyb/v/h -nav/h appBounds=Rect(0, 0 - 720, 1280) s.6}
07-14 10:57:12.253   461   461 I ActivityManager: Override config changes=20 {1.0 ?mcc?mnc [en_US] ldltr sw360dp w360dp h616dp 320dpi nrml long port finger -keyb/v/h -nav/h appBounds=Rect(0, 0 - 720, 1280) s.6} for displayId=0
07-14 10:57:12.265   226   226 I snet_event_log: [121035042,-1,]
07-14 10:57:12.271   461   461 I SystemServer: MakePowerManagerServiceReady
07-14 10:57:12.289   461   502 W KeyguardServiceDelegate: onScreenTurningOn(): no keyguard service!
07-14 10:57:12.290   461   461 I SystemServer: MakePackageManagerServiceReady
07-14 10:57:12.296   461   461 V UserDataPreparer: Found /data/user_de/0 with serial number 0
07-14 10:57:12.297   461   461 V UserDataPreparer: Found /data/user/0 with serial number 0
07-14 10:57:12.297   461   461 V UserDataPreparer: Found /data/system_de/0 with serial number 0
07-14 10:57:12.297   461   461 V UserDataPreparer: Found /data/system_ce/0 with serial number 0
07-14 10:57:12.297   461   461 V UserDataPreparer: Found /data/misc_ce/0 with serial number 0
07-14 10:57:12.297   461   461 I SystemServer: MakeDisplayManagerServiceReady
07-14 10:57:12.303   461   461 I ActivityManager: System now ready
07-14 10:57:12.267   226   226 I snet_event_log: [121035042,-1,]
07-14 10:57:12.303   461   461 I boot_progress_ams_ready: 63792
07-14 10:57:12.305   461   500 I chatty  : uid=1000(system) android.display expire 5 lines
07-14 10:57:12.308   461   461 I SystemServer: Making services ready
07-14 10:57:12.308   461   461 I SystemServer: StartActivityManagerReadyPhase
07-14 10:57:12.308   461   461 I SystemServiceManager: Starting phase 550
07-14 10:57:12.311   461   461 D BluetoothManagerService: Bluetooth boot completed
07-14 10:57:12.352   461   461 I am_uid_running: 10057
07-14 10:57:12.363   461   461 I am_proc_start: [0,624,10057,com.android.inputmethod.latin,service,com.android.inputmethod.latin/.LatinIME]
07-14 10:57:12.363   461   461 I ActivityManager: Start proc 624:com.android.inputmethod.latin/u0a57 for service com.android.inputmethod.latin/.LatinIME
07-14 10:57:12.364   461   461 W SystemServiceManager: Service com.android.server.InputMethodManagerService$Lifecycle took 54 ms in onBootPhase
07-14 10:57:12.365   461   561 D StorageManagerService: Thinking about init, mSystemReady=true, mDaemonConnected=true
07-14 10:57:12.365   461   561 D StorageManagerService: Setting up emulation state, initlocked=false
07-14 10:57:12.365   461   561 D CryptdConnector: SND -> {2 cryptfs unlock_user_key 0 0 ! !}
07-14 10:57:12.366   234   241 D vold    : e4crypt_unlock_user_key 0 serial=0 token_present=0
07-14 10:57:12.367   461   563 D CryptdConnector: RCV <- {200 2 Command succeeded}
07-14 10:57:12.367   461   561 D StorageManagerService: Thinking about reset, mSystemReady=true, mDaemonConnected=true
07-14 10:57:12.368   461   461 W WallpaperManagerService: Invalid wallpaper data
07-14 10:57:12.368   461   461 E WallpaperManagerService: Unable to apply new wallpaper
07-14 10:57:12.368   461   491 I ActivityManager: Force stopping com.android.providers.media appid=10009 user=-1: vold reset
07-14 10:57:12.368   461   461 V WallpaperManagerService: bindWallpaperComponentLocked: componentName=null
07-14 10:57:12.368   461   461 V WallpaperManagerService: No default component; using image wallpaper
07-14 10:57:12.369   461   561 D VoldConnector: SND -> {3 volume reset}
07-14 10:57:12.369   461   562 D VoldConnector: RCV <- {651 emulated 7}
07-14 10:57:12.370   461   562 D VoldConnector: RCV <- {659 emulated}
07-14 10:57:12.371   461   562 D VoldConnector: RCV <- {650 emulated 2 "" ""}
07-14 10:57:12.371   461   562 D VoldConnector: RCV <- {654 emulated emulated}
07-14 10:57:12.371   461   562 D VoldConnector: RCV <- {651 emulated 0}
07-14 10:57:12.372   461   461 I am_uid_running: 10027
07-14 10:57:12.372   461   562 D VoldConnector: RCV <- {200 3 Command succeeded}
07-14 10:57:12.372   461   498 V StorageManagerService: Found primary storage at VolumeInfo{emulated}:
07-14 10:57:12.372   461   498 V StorageManagerService:     type=EMULATED diskId=null partGuid=null mountFlags=0 mountUserId=-1 
07-14 10:57:12.372   461   498 V StorageManagerService:     state=UNMOUNTED 
07-14 10:57:12.372   461   498 V StorageManagerService:     fsType=null fsUuid=null fsLabel=null 
07-14 10:57:12.372   461   498 V StorageManagerService:     path=null internalPath=null 
07-14 10:57:12.372   461   561 D VoldConnector: SND -> {4 volume user_added 0 0}
07-14 10:57:12.373   461   562 D VoldConnector: RCV <- {200 4 Command succeeded}
07-14 10:57:12.385   461   461 I am_proc_start: [0,633,10027,com.android.systemui,service,com.android.systemui/.ImageWallpaper]
07-14 10:57:12.385   461   461 I ActivityManager: Start proc 633:com.android.systemui/u0a27 for service com.android.systemui/.ImageWallpaper
07-14 10:57:12.387   461   561 D VoldConnector: SND -> {5 volume mount emulated 3 -1}
07-14 10:57:12.389   234   240 V vold    : Waiting for FUSE to spin up...
07-14 10:57:12.389   461   562 D VoldConnector: RCV <- {651 emulated 1}
07-14 10:57:12.390   461   562 D VoldConnector: RCV <- {656 emulated /data/media}
07-14 10:57:12.390   461   562 D VoldConnector: RCV <- {655 emulated /storage/emulated}
07-14 10:57:12.392   461   591 D BluetoothManagerService: Trying to bind to profile: 1, while Bluetooth was disabled
07-14 10:57:12.392   461   474 I am_proc_bound: [0,624,com.android.inputmethod.latin]
01-03 01:37:21.198     0     0 E sec_chg_time_management: discharging state! timer inactive
07-14 10:57:12.401   275   275 E android.hardware.usb@1.0-service: Failed to open /sys/class/dual_role_usb
07-14 10:57:12.402   461   474 I am_uid_active: 10057
07-14 10:57:12.402   461   557 E UsbPortManager: port status enquiry failed
07-14 10:57:12.405   461   461 I SystemServer: StartObservingNativeCrashes
07-14 10:57:12.406   296   394 I AudioFlinger: systemReady
07-14 10:57:12.410   461   480 I SystemServer: WebViewFactoryPreparation
07-14 10:57:12.410   461   461 I SystemServer: StartSystemUI
07-14 10:57:12.412   461   461 I SystemServer: MakeNetworkScoreReady
07-14 10:57:12.413   461   461 I SystemServer: MakeNetworkManagementServiceReady
07-14 10:57:12.418   461   474 I am_proc_bound: [0,633,com.android.systemui]
01-03 01:37:21.212     0     0 D BMS     : report_cc_based_soc: batt_temp phy = 290 meas = 0xe881b01000000000
01-03 01:37:21.212     0     0 D BMS     : report_cc_based_soc: last_soc = 96, calculated_soc = 96, soc = 96, time since last change = 62
01-03 01:37:21.212     0     0 I BMS     : bms_get_scaled_capacity: bms_get_scaled_capacity: scaled capacity (96.0)
01-03 01:37:21.212     0     0 D BMS     : backup_soc_and_iavg: soc = 96, soc__ = 194
01-03 01:37:21.212     0     0 D BMS     : report_cc_based_soc: Reported SOC = 96
01-03 01:37:21.212     0     0 I BMS     : bms_get_scaled_capacity: bms_get_scaled_capacity: scaled capacity (96.0)
01-03 01:37:21.216     0     0 E get_prop_batt_temp: get_bat_temp: adc_code(32645) physical (290)
07-14 10:57:12.419   461   461 D NetworkManagement: enabling bandwidth control
07-14 10:57:12.422   461   474 I am_uid_active: 10027
07-14 10:57:12.419   224   244 I auditd  : type=1320 audit(0.0:83): 
07-14 10:57:12.419   244   244 W auditd  : type=1320 audit(0.0:83): 
07-14 10:57:12.419   224   244 I auditd  : type=1325 audit(0.0:84): table=raw family=2 entries=13
07-14 10:57:12.419   244   244 W auditd  : type=1325 audit(0.0:84): table=raw family=2 entries=13
07-14 10:57:12.419   224   244 I auditd  : type=1320 audit(0.0:84): 
07-14 10:57:12.419   244   244 W auditd  : type=1320 audit(0.0:84): 
07-14 10:57:12.426   224   244 I auditd  : type=2 
07-14 10:57:12.426   244   244 W auditd  : type=2 
07-14 10:57:12.419   224   244 I auditd  : type=1325 audit(0.0:85): table=mangle family=2 entries=26
07-14 10:57:12.419   244   244 W auditd  : type=1325 audit(0.0:85): table=mangle family=2 entries=26
07-14 10:57:12.419   224   244 I auditd  : type=1320 audit(0.0:85): 
07-14 10:57:12.419   244   244 W auditd  : type=1320 audit(0.0:85): 
01-03 01:37:21.222     0     0 D BMS     : cc_adjust_for_gain: adjusting_uv = 4378
01-03 01:37:21.222     0     0 D BMS     : cc_adjust_for_gain: adjusting by factor: 3291/3127 = 105%
01-03 01:37:21.222     0     0 D BMS     : cc_adjust_for_gain: result_uv = 4607
01-03 01:37:21.222     0     0 D BMS     : get_battery_current: vsense_uv=4607uV
01-03 01:37:21.222     0     0 D BMS     : get_battery_current: err compensated ibat=460700uA
01-03 01:37:21.225     0     0 W         : type=2
01-03 01:37:21.226     0     0 I chatty  : uid=0(root) logd identical 1 line
01-03 01:37:21.226     0     0 W         : type=2
01-03 01:37:21.228     0     0 E get_prop_batt_temp: get_bat_temp: adc_code(32646) physical (290)
01-03 01:37:21.228     0     0 E sec_bat_monitor: status(2), health(1), batt_present(1), cable(0), siop(100)
01-03 01:37:21.228     0     0 E sec_bat_monitor: soc(96), vcell(4142), current(460), temperature(290), chg_en(0)
01-03 01:37:21.229     0     0 E sec_bat_monitor: ovp_uvlo(-1), second_phase_chg(0), polling_time(60), event(0x0), HT(600), LT(-50)
01-03 01:37:21.229     0     0 D BMS     : get_battery_insertion_ocv_uv: Battery psy does not have voltage ocv
01-03 01:37:21.232     0     0 W audit   : audit_lost=93 audit_rate_limit=20 audit_backlog_limit=64
01-03 01:37:21.232     0     0 E audit   : rate limit exceeded
07-14 10:57:12.419   224   244 I auditd  : type=1305 audit(0.0:86): audit_rate_limit=20 old=5 auid=4294967295 ses=4294967295 subj=u:r:logd:s0 res=1
07-14 10:57:12.419   244   244 W auditd  : type=1305 audit(0.0:86): audit_rate_limit=20 old=5 auid=4294967295 ses=4294967295 subj=u:r:logd:s0 res=1
07-14 10:57:12.419   224   244 I auditd  : type=1325 audit(0.0:87): table=filter family=10 entries=82
07-14 10:57:12.419   244   244 W auditd  : type=1325 audit(0.0:87): table=filter family=10 entries=82
07-14 10:57:12.439   642   642 W /system/bin/sdcard: Device explicitly enabled sdcardfs
07-14 10:57:12.439   461   480 I chatty  : uid=1000 system_server expire 1 line
07-14 10:57:12.419   224   244 I auditd  : type=1320 audit(0.0:87): 
07-14 10:57:12.419   244   244 W auditd  : type=1320 audit(0.0:87): 
07-14 10:57:12.419   224   244 I auditd  : type=1325 audit(0.0:88): table=raw family=10 entries=13
07-14 10:57:12.419   244   244 W auditd  : type=1325 audit(0.0:88): table=raw family=10 entries=13
07-14 10:57:12.440   234   240 V vold    : Waiting for FUSE to spin up...
07-14 10:57:12.419   224   244 I auditd  : type=1320 audit(0.0:88): 
07-14 10:57:12.419   244   244 W auditd  : type=1320 audit(0.0:88): 
07-14 10:57:12.419   224   244 I auditd  : type=1325 audit(0.0:89): table=mangle family=10 entries=25
07-14 10:57:12.419   244   244 W auditd  : type=1325 audit(0.0:89): table=mangle family=10 entries=25
07-14 10:57:12.419   224   244 I auditd  : type=1320 audit(0.0:89): 
07-14 10:57:12.419   244   244 W auditd  : type=1320 audit(0.0:89): 
07-14 10:57:12.419   224   244 I auditd  : type=1325 audit(0.0:90): table=filter family=2 entries=64
07-14 10:57:12.419   244   244 W auditd  : type=1325 audit(0.0:90): table=filter family=2 entries=64
07-14 10:57:12.419   224   244 I auditd  : type=1320 audit(0.0:90): 
07-14 10:57:12.419   244   244 W auditd  : type=1320 audit(0.0:90): 
01-03 01:37:21.239     0     0 I         : sdcardfs version 2.0
01-03 01:37:21.239     0     0 I sdcardfs: dev_name -> /data/media
01-03 01:37:21.239     0     0 I sdcardfs: options -> fsuid=1023,fsgid=1023,multiuser,derive_gid,mask=6,userid=0,gid=1015
01-03 01:37:21.239     0     0 I sdcardfs: mnt -> e4bb0790
01-03 01:37:21.240     0     0 I sdcardfs: mounted on top of /data/media type ext4
01-03 01:37:21.240     0     0 D SELinux : initialized (dev sdcardfs, type sdcardfs), uses genfs_contexts
01-03 01:37:21.240     0     0 I         : Remount options were mask=23,gid=9997 for vfsmnt e4bb0e50.
01-03 01:37:21.240     0     0 I sdcardfs: options - debug:1
01-03 01:37:21.240     0     0 I sdcardfs: options - gid:9997
01-03 01:37:21.240     0     0 I sdcardfs: options - mask:23
01-03 01:37:21.242     0     0 I         : Remount options were mask=7,gid=9997 for vfsmnt e499a610.
01-03 01:37:21.242     0     0 I sdcardfs: options - debug:1
01-03 01:37:21.242     0     0 I sdcardfs: options - gid:9997
01-03 01:37:21.242     0     0 I sdcardfs: options - mask:7
01-03 01:37:21.244     0     0 D BMS     : get_battery_voltage: mvolts phy = 4136817 meas = 0x3f3e5e
07-14 10:57:12.419   224   244 I auditd  : type=1325 audit(0.0:91): table=raw family=2 entries=12
07-14 10:57:12.419   244   244 W auditd  : type=1325 audit(0.0:91): table=raw family=2 entries=12
07-14 10:57:12.419   224   244 I auditd  : type=1320 audit(0.0:91): 
07-14 10:57:12.419   244   244 W auditd  : type=1320 audit(0.0:91): 
07-14 10:57:12.419   224   244 I auditd  : type=1325 audit(0.0:92): table=mangle family=2 entries=25
07-14 10:57:12.419   244   244 W auditd  : type=1325 audit(0.0:92): table=mangle family=2 entries=25
07-14 10:57:12.419   224   244 I auditd  : type=1320 audit(0.0:92): 
07-14 10:57:12.419   244   244 W auditd  : type=1320 audit(0.0:92): 
07-14 10:57:12.429   224   244 I auditd  : type=1325 audit(0.0:93): table=filter family=10 entries=75
07-14 10:57:12.429   244   244 W auditd  : type=1325 audit(0.0:93): table=filter family=10 entries=75
07-14 10:57:12.429   224   244 I auditd  : type=1320 audit(0.0:93): 
07-14 10:57:12.429   244   244 W auditd  : type=1320 audit(0.0:93): 
07-14 10:57:12.429   224   244 I auditd  : type=1325 audit(0.0:94): table=raw family=10 entries=12
07-14 10:57:12.429   244   244 W auditd  : type=1325 audit(0.0:94): table=raw family=10 entries=12
07-14 10:57:12.451   461   461 I SystemServer: MakeNetworkStatsServiceReady
07-14 10:57:12.451   461   480 I am_uid_running: 1037
07-14 10:57:12.451   461   494 I chatty  : uid=1000(system) batterystats-wo expire 9 lines
07-14 10:57:12.453   461   494 E BatteryExternalStatsWorker: no controller energy info supplied for wifi
07-14 10:57:12.454   461   494 E BatteryExternalStatsWorker: no controller energy info supplied for telephony
01-03 01:37:21.258     0     0 D BMS     : report_cc_based_soc: batt_temp phy = 290 meas = 0xe881b01000000000
01-03 01:37:21.258     0     0 D BMS     : report_cc_based_soc: last_soc = 96, calculated_soc = 96, soc = 96, time since last change = 62
01-03 01:37:21.258     0     0 I BMS     : bms_get_scaled_capacity: bms_get_scaled_capacity: scaled capacity (96.0)
01-03 01:37:21.258     0     0 D BMS     : backup_soc_and_iavg: soc = 96, soc__ = 194
01-03 01:37:21.258     0     0 D BMS     : report_cc_based_soc: Reported SOC = 96
01-03 01:37:21.258     0     0 I BMS     : bms_get_scaled_capacity: bms_get_scaled_capacity: scaled capacity (96.0)
07-14 10:57:12.456   461   654 I chatty  : uid=1000(system) SoundPoolThread expire 12 lines
07-14 10:57:12.462   624   624 I zygote  : The ClassLoaderContext is a special shared library.
07-14 10:57:12.464   461   567 D NetworkPolicy: setRestrictBackgroundUL(): false
07-14 10:57:12.470   633   633 I zygote  : The ClassLoaderContext is a special shared library.
01-03 01:37:21.263     0     0 D BMS     : cc_adjust_for_gain: adjusting_uv = 4383
01-03 01:37:21.263     0     0 D BMS     : cc_adjust_for_gain: adjusting by factor: 3291/3127 = 105%
01-03 01:37:21.263     0     0 D BMS     : cc_adjust_for_gain: result_uv = 4612
01-03 01:37:21.263     0     0 D BMS     : get_battery_current: vsense_uv=4612uV
01-03 01:37:21.263     0     0 D BMS     : get_battery_current: err compensated ibat=461200uA
01-03 01:37:21.270     0     0 D BMS     : cc_adjust_for_gain: adjusting_uv = 4383
01-03 01:37:21.270     0     0 D BMS     : cc_adjust_for_gain: adjusting by factor: 3291/3127 = 105%
01-03 01:37:21.270     0     0 D BMS     : cc_adjust_for_gain: result_uv = 4612
01-03 01:37:21.270     0     0 D BMS     : get_battery_current: vsense_uv=4612uV
01-03 01:37:21.270     0     0 D BMS     : get_battery_current: err compensated ibat=461200uA
07-14 10:57:12.473   461   480 I am_proc_start: [0,657,1037,WebViewLoader-armeabi-v7a,,]
07-14 10:57:12.473   461   480 I ActivityManager: Start proc 657:WebViewLoader-armeabi-v7a/1037 [android.webkit.WebViewLibraryLoader$RelroFileCreator] for 
07-14 10:57:12.473   461   567 I chatty  : uid=1000(system) NetworkPolicy expire 1 line
01-03 01:37:21.275     0     0 I init    : starting service 'webview_zygote32'...
01-03 01:37:21.280     0     0 I init    : Created socket '/dev/socket/webview_zygote', mode 660, user 1053, group 1000
07-14 10:57:12.480   461   461 I SystemServer: MakeConnectivityServiceReady
01-03 01:37:21.286     0     0 D BMS     : calculate_fcc: fcc = 2096000 uAh
01-03 01:37:21.291     0     0 E get_prop_batt_temp: get_bat_temp: adc_code(32645) physical (290)
07-14 10:57:12.492   461   562 D VoldConnector: RCV <- {651 emulated 2}
07-14 10:57:12.493   461   562 D VoldConnector: RCV <- {200 5 Command succeeded}
07-14 10:57:12.506   312   312 E OMXMaster: A component of name 'OMX.qcom.audio.decoder.aac' already exists, ignoring this one.
01-03 01:37:21.300     0     0 D BMS     : report_cc_based_soc: batt_temp phy = 290 meas = 0xe881b01000000000
01-03 01:37:21.300     0     0 D BMS     : report_cc_based_soc: last_soc = 96, calculated_soc = 96, soc = 96, time since last change = 62
01-03 01:37:21.300     0     0 I BMS     : bms_get_scaled_capacity: bms_get_scaled_capacity: scaled capacity (96.0)
01-03 01:37:21.300     0     0 D BMS     : backup_soc_and_iavg: soc = 96, soc__ = 194
01-03 01:37:21.300     0     0 D BMS     : report_cc_based_soc: Reported SOC = 96
01-03 01:37:21.300     0     0 I BMS     : bms_get_scaled_capacity: bms_get_scaled_capacity: scaled capacity (96.0)
07-14 10:57:12.519   461   461 I SystemServer: MakeNetworkPolicyServiceReady
01-03 01:37:21.317     0     0 D BMS     : cc_adjust_for_gain: adjusting_uv = 4985
01-03 01:37:21.317     0     0 D BMS     : cc_adjust_for_gain: adjusting by factor: 3291/3127 = 105%
01-03 01:37:21.317     0     0 D BMS     : cc_adjust_for_gain: result_uv = 5246
01-03 01:37:21.317     0     0 D BMS     : get_battery_current: vsense_uv=5246uV
01-03 01:37:21.317     0     0 D BMS     : get_battery_current: err compensated ibat=524600uA
01-03 01:37:21.322     0     0 D BMS     : calculate_fcc: fcc = 2096000 uAh
07-14 10:57:12.528   657   657 V WebViewLibraryLoader: RelroFileCreator (64bit = false),  32-bit lib: /system/app/webview/webview.apk!/lib/armeabi-v7a/libwebviewchromium.so, 64-bit lib: 
07-14 10:57:12.529   312   312 W MediaCodecsXmlParser: unable to open media codecs configuration xml file: /data/misc/media/media_codecs_profiling_results.xml
07-14 10:57:12.529   312   312 W MediaCodecsXmlParser: parseTopLevelXMLFile(/data/misc/media/media_codecs_profiling_results.xml) failed
01-03 01:37:21.326     0     0 E get_prop_batt_temp: get_bat_temp: adc_code(32645) physical (290)
07-14 10:57:12.536     0     0 W healthd : battery l=96 v=4129 t=29.0 h=2 st=3 c=524 fc=2096000 cc=0 chg=
07-14 10:57:12.541   312   374 W MediaCodecsXmlParser: unable to open media codecs configuration xml file: /data/misc/media/media_codecs_profiling_results.xml
07-14 10:57:12.541   312   374 W MediaCodecsXmlParser: parseTopLevelXMLFile(/data/misc/media/media_codecs_profiling_results.xml) failed
07-14 10:57:12.542   312   374 E MediaCodecsXmlParser: Cannot find the role for a decoder of type audio/qcelp
07-14 10:57:12.542   312   374 E MediaCodecsXmlParser: Cannot find the role for a decoder of type audio/amr-wb-plus
07-14 10:57:12.542   312   374 E MediaCodecsXmlParser: Cannot find the role for a decoder of type audio/evrc
07-14 10:57:12.542   312   374 E MediaCodecsXmlParser: Cannot find the role for a decoder of type audio/x-ms-wma
07-14 10:57:12.542   312   374 I chatty  : uid=1046(mediacodec) Binder:312_1 identical 1 line
07-14 10:57:12.542   312   374 E MediaCodecsXmlParser: Cannot find the role for a decoder of type audio/x-ms-wma
07-14 10:57:12.542   312   374 E MediaCodecsXmlParser: Cannot find the role for an encoder of type audio/evrc
07-14 10:57:12.542   312   374 E MediaCodecsXmlParser: Cannot find the role for an encoder of type audio/qcelp
07-14 10:57:12.542   312   374 E MediaCodecsXmlParser: Cannot find the role for a decoder of type video/divx
07-14 10:57:12.542   312   374 E MediaCodecsXmlParser: Cannot find the role for a decoder of type video/divx311
07-14 10:57:12.542   312   374 E MediaCodecsXmlParser: Cannot find the role for a decoder of type video/divx4
07-14 10:57:12.542   312   374 E MediaCodecsXmlParser: Cannot find the role for a decoder of type video/x-ms-wmv
07-14 10:57:12.552   461   461 I SystemServer: StartWatchdog
07-14 10:57:12.555   312   676 I OMXMaster: makeComponentInstance(OMX.google.aac.decoder) in android.hardwar process
07-14 10:57:12.555   461   461 I SystemServer: PhaseThirdPartyAppsCanStart
07-14 10:57:12.555   461   461 I SystemServiceManager: Starting phase 600
07-14 10:57:12.557   624   624 E JniUtils: Could not load native library jni_latinimegoogle
07-14 10:57:12.557   624   624 E JniUtils: java.lang.UnsatisfiedLinkError: dalvik.system.PathClassLoader[DexPathList[[zip file "/system/app/LatinIME/LatinIME.apk"],nativeLibraryDirectories=[/system/app/LatinIME/lib/arm, /system/fake-libs, /system/app/LatinIME/LatinIME.apk!/lib/armeabi-v7a, /system/lib, /system/vendor/lib, /system/lib, /system/vendor/lib]]] couldn't find "libjni_latinimegoogle.so"
07-14 10:57:12.557   624   624 E JniUtils: 	at java.lang.Runtime.loadLibrary0(Runtime.java:1011)
07-14 10:57:12.557   624   624 E JniUtils: 	at java.lang.System.loadLibrary(System.java:1657)
07-14 10:57:12.557   624   624 E JniUtils: 	at com.android.inputmethod.latin.utils.JniUtils.<clinit>(JniUtils.java:29)
07-14 10:57:12.557   624   624 E JniUtils: 	at com.android.inputmethod.latin.utils.JniUtils.loadNativeLibrary(JniUtils.java:47)
07-14 10:57:12.557   624   624 E JniUtils: 	at com.android.inputmethod.latin.LatinIME.<clinit>(LatinIME.java:577)
07-14 10:57:12.557   624   624 E JniUtils: 	at java.lang.Class.newInstance(Native Method)
07-14 10:57:12.557   624   624 E JniUtils: 	at android.app.ActivityThread.handleCreateService(ActivityThread.java:3321)
07-14 10:57:12.557   624   624 E JniUtils: 	at android.app.ActivityThread.-wrap4(Unknown Source:0)
07-14 10:57:12.557   624   624 E JniUtils: 	at android.app.ActivityThread$H.handleMessage(ActivityThread.java:1677)
07-14 10:57:12.557   624   624 E JniUtils: 	at android.os.Handler.dispatchMessage(Handler.java:106)
07-14 10:57:12.557   624   624 E JniUtils: 	at android.os.Looper.loop(Looper.java:164)
07-14 10:57:12.557   624   624 E JniUtils: 	at android.app.ActivityThread.main(ActivityThread.java:6494)
07-14 10:57:12.557   624   624 E JniUtils: 	at java.lang.reflect.Method.invoke(Native Method)
07-14 10:57:12.557   624   624 E JniUtils: 	at com.android.internal.os.RuntimeInit$MethodAndArgsCaller.run(RuntimeInit.java:440)
07-14 10:57:12.557   624   624 E JniUtils: 	at com.android.internal.os.ZygoteInit.main(ZygoteInit.java:807)
07-14 10:57:12.559   461   461 V WallpaperManagerService: bindWallpaperComponentLocked: componentName=ComponentInfo{com.android.systemui/com.android.systemui.ImageWallpaper}
07-14 10:57:12.573   312   374 I OMXMaster: makeComponentInstance(OMX.google.amrnb.decoder) in android.hardwar process
07-14 10:57:12.575   461   461 D TelephonyRegistry: listen oscl: hasNotifySubscriptionInfoChangedOccurred==false no callback
07-14 10:57:12.577   461   461 I SystemServer: MakeLocationServiceReady
07-14 10:57:12.583   226   226 I snet_event_log: [121035042,-1,]
07-14 10:57:12.591   312   312 I OMXMaster: makeComponentInstance(OMX.google.amrwb.decoder) in android.hardwar process
07-14 10:57:12.594   312   312 I OMXMaster: makeComponentInstance(OMX.google.flac.decoder) in android.hardwar process
07-14 10:57:12.601   312   374 I OMXMaster: makeComponentInstance(OMX.google.g711.alaw.decoder) in android.hardwar process
07-14 10:57:12.618   312   374 I OMXMaster: makeComponentInstance(OMX.google.g711.mlaw.decoder) in android.hardwar process
07-14 10:57:12.622   312   374 I OMXMaster: makeComponentInstance(OMX.google.gsm.decoder) in android.hardwar process
07-14 10:57:12.625   624   624 I LatinIME: Hardware accelerated drawing: true
07-14 10:57:12.631   312   374 I OMXMaster: makeComponentInstance(OMX.google.mp3.decoder) in android.hardwar process
07-14 10:57:12.639   312   676 I OMXMaster: makeComponentInstance(OMX.google.opus.decoder) in android.hardwar process
07-14 10:57:12.657   312   700 I OMXMaster: makeComponentInstance(OMX.google.raw.decoder) in android.hardwar process
07-14 10:57:12.663   312   701 I OMXMaster: makeComponentInstance(OMX.google.vorbis.decoder) in android.hardwar process
07-14 10:57:12.678   312   374 I OMXMaster: makeComponentInstance(OMX.google.aac.encoder) in android.hardwar process
07-14 10:57:12.682   657   657 I WebViewLoader-armeabi-v7a: System.exit called, status: 0
07-14 10:57:12.682   657   657 I AndroidRuntime: VM exiting with result code 0, cleanup skipped.
07-14 10:57:12.701   312   676 I OMXMaster: makeComponentInstance(OMX.google.amrnb.encoder) in android.hardwar process
07-14 10:57:12.710   312   700 I OMXMaster: makeComponentInstance(OMX.google.amrwb.encoder) in android.hardwar process
07-14 10:57:12.714   633   633 V SystemUIService: Starting SystemUI services for user 0.
07-14 10:57:12.714   276   276 I android.hardware.wifi@1.0-service: Wifi HAL started
07-14 10:57:12.724   312   312 I OMXMaster: makeComponentInstance(OMX.google.flac.encoder) in android.hardwar process
07-14 10:57:12.735   312   374 I OMXMaster: makeComponentInstance(OMX.qcom.video.decoder.avc) in android.hardwar process
07-14 10:57:12.751     0     0 I msm_vidc: 4: Opening video instance: e5a33000, 1
07-14 10:57:12.752     0     0 I wlan    : loading driver v3.2.3.172
07-14 10:57:12.755     0     0 I ueventd : firmware: loading 'wlan/prima/WCNSS_qcom_cfg.ini' for '/devices/fb000000.qcom,wcnss-wlan/firmware/fb000000.qcom,wcnss-wlan'
07-14 10:57:12.761     0     0 I ueventd : loading /devices/fb000000.qcom,wcnss-wlan/firmware/fb000000.qcom,wcnss-wlan took 6ms
07-14 10:57:12.761     0     0 E wlan    : [276:E :HDD] hdd_apply_cfg_ini: MAX_CFG_INI_ITEMS too small, must be at least 357
07-14 10:57:12.778     0     0 I ueventd : firmware: loading 'wlan/prima/WCNSS_qcom_wlan_nv.bin' for '/devices/fb000000.qcom,wcnss-wlan/firmware/fb000000.qcom,wcnss-wlan'
07-14 10:57:12.778     0     0 I ueventd : firmware: loading 'venus.mdt' for '/devices/fdce0000.qcom,venus/firmware/fdce0000.qcom,venus'
07-14 10:57:12.779     0     0 I ueventd : loading /devices/fb000000.qcom,wcnss-wlan/firmware/fb000000.qcom,wcnss-wlan took 1ms
07-14 10:57:12.779     0     0 E wlan    : [276:E :VOS] INFO: NV binary file version=2 Driver default NV version=2, continue...
07-14 10:57:12.780     0     0 E wlan    : [276:F :HDD] pAdapter is null !!
07-14 10:57:12.780     0     0 E wlan    : [276:F :SME] sme_GenericChangeCountryCode: pMac is null
07-14 10:57:12.782     0     0 E selinux : SELinux:  Could not stat /sys/devices/fb000000.qcom,wcnss-wlan/firmware/fb000000.qcom,wcnss-wlan: No such file or directory.
07-14 10:57:12.784     0     0 I ueventd : loading /devices/fdce0000.qcom,venus/firmware/fdce0000.qcom,venus took 5ms
07-14 10:57:12.784     0     0 I pil_venus fdce0000.qcom,venus: venus: loading from 0x0f100000 to 0x0f600000
07-14 10:57:12.787     0     0 I         : DefaultCountry is GB
07-14 10:57:12.787     0     0 I cfg80211: Calling CRDA for country: GB
